Archive member included because of file (symbol)

/usr/local/Cellar/pebble-sdk/3.0-dp2/libexec/Pebble/basalt/lib/libpebble.a(tmprMxtH1pebble.o)
                              src/main.c.103.o (app_event_loop)

Allocating common symbols
Common symbol       size              file

gbitmap_number      0x10              src/main.c.103.o
bitmap_layer        0x10              src/main.c.103.o

Discarded input sections

 .text          0x0000000000000000        0x0 /usr/local/Cellar/pebble-sdk/3.0-dp2/libexec/arm-cs-tools/bin/../lib/gcc/arm-none-eabi/4.7.3/thumb2/crti.o
 .bss           0x0000000000000000        0x0 /usr/local/Cellar/pebble-sdk/3.0-dp2/libexec/arm-cs-tools/bin/../lib/gcc/arm-none-eabi/4.7.3/thumb2/crti.o
 .init          0x0000000000000000        0x4 /usr/local/Cellar/pebble-sdk/3.0-dp2/libexec/arm-cs-tools/bin/../lib/gcc/arm-none-eabi/4.7.3/thumb2/crti.o
 .fini          0x0000000000000000        0x4 /usr/local/Cellar/pebble-sdk/3.0-dp2/libexec/arm-cs-tools/bin/../lib/gcc/arm-none-eabi/4.7.3/thumb2/crti.o
 .text          0x0000000000000000       0xc8 /usr/local/Cellar/pebble-sdk/3.0-dp2/libexec/arm-cs-tools/bin/../lib/gcc/arm-none-eabi/4.7.3/thumb2/crtbegin.o
 .bss           0x0000000000000000       0x1c /usr/local/Cellar/pebble-sdk/3.0-dp2/libexec/arm-cs-tools/bin/../lib/gcc/arm-none-eabi/4.7.3/thumb2/crtbegin.o
 .init_array    0x0000000000000000        0x4 /usr/local/Cellar/pebble-sdk/3.0-dp2/libexec/arm-cs-tools/bin/../lib/gcc/arm-none-eabi/4.7.3/thumb2/crtbegin.o
 .fini_array    0x0000000000000000        0x4 /usr/local/Cellar/pebble-sdk/3.0-dp2/libexec/arm-cs-tools/bin/../lib/gcc/arm-none-eabi/4.7.3/thumb2/crtbegin.o
 .eh_frame      0x0000000000000000        0x0 /usr/local/Cellar/pebble-sdk/3.0-dp2/libexec/arm-cs-tools/bin/../lib/gcc/arm-none-eabi/4.7.3/thumb2/crtbegin.o
 .jcr           0x0000000000000000        0x0 /usr/local/Cellar/pebble-sdk/3.0-dp2/libexec/arm-cs-tools/bin/../lib/gcc/arm-none-eabi/4.7.3/thumb2/crtbegin.o
 .tm_clone_table
                0x0000000000000000        0x0 /usr/local/Cellar/pebble-sdk/3.0-dp2/libexec/arm-cs-tools/bin/../lib/gcc/arm-none-eabi/4.7.3/thumb2/crtbegin.o
 .text          0x0000000000000000        0x0 src/main.c.103.o
 .bss           0x0000000000000000        0x0 src/main.c.103.o
 .text          0x0000000000000000        0x0 basalt/appinfo.auto.c.103.o
 .bss           0x0000000000000000        0x0 basalt/appinfo.auto.c.103.o
 .bss           0x0000000000000000        0x0 /usr/local/Cellar/pebble-sdk/3.0-dp2/libexec/Pebble/basalt/lib/libpebble.a(tmprMxtH1pebble.o)
 .text.accel_data_service_subscribe__deprecated
                0x0000000000000000        0xc /usr/local/Cellar/pebble-sdk/3.0-dp2/libexec/Pebble/basalt/lib/libpebble.a(tmprMxtH1pebble.o)
 .text.accel_data_service_unsubscribe
                0x0000000000000000        0xc /usr/local/Cellar/pebble-sdk/3.0-dp2/libexec/Pebble/basalt/lib/libpebble.a(tmprMxtH1pebble.o)
 .text.accel_service_peek
                0x0000000000000000        0xc /usr/local/Cellar/pebble-sdk/3.0-dp2/libexec/Pebble/basalt/lib/libpebble.a(tmprMxtH1pebble.o)
 .text.accel_service_set_samples_per_update
                0x0000000000000000        0xc /usr/local/Cellar/pebble-sdk/3.0-dp2/libexec/Pebble/basalt/lib/libpebble.a(tmprMxtH1pebble.o)
 .text.accel_service_set_sampling_rate
                0x0000000000000000        0xc /usr/local/Cellar/pebble-sdk/3.0-dp2/libexec/Pebble/basalt/lib/libpebble.a(tmprMxtH1pebble.o)
 .text.accel_tap_service_subscribe
                0x0000000000000000        0xc /usr/local/Cellar/pebble-sdk/3.0-dp2/libexec/Pebble/basalt/lib/libpebble.a(tmprMxtH1pebble.o)
 .text.accel_tap_service_unsubscribe
                0x0000000000000000        0xc /usr/local/Cellar/pebble-sdk/3.0-dp2/libexec/Pebble/basalt/lib/libpebble.a(tmprMxtH1pebble.o)
 .text.action_bar_layer_add_to_window
                0x0000000000000000        0xc /usr/local/Cellar/pebble-sdk/3.0-dp2/libexec/Pebble/basalt/lib/libpebble.a(tmprMxtH1pebble.o)
 .text.action_bar_layer_clear_icon
                0x0000000000000000        0xc /usr/local/Cellar/pebble-sdk/3.0-dp2/libexec/Pebble/basalt/lib/libpebble.a(tmprMxtH1pebble.o)
 .text.action_bar_layer_create
                0x0000000000000000        0xc /usr/local/Cellar/pebble-sdk/3.0-dp2/libexec/Pebble/basalt/lib/libpebble.a(tmprMxtH1pebble.o)
 .text.action_bar_layer_destroy
                0x0000000000000000        0xc /usr/local/Cellar/pebble-sdk/3.0-dp2/libexec/Pebble/basalt/lib/libpebble.a(tmprMxtH1pebble.o)
 .text.action_bar_layer_get_layer
                0x0000000000000000        0xc /usr/local/Cellar/pebble-sdk/3.0-dp2/libexec/Pebble/basalt/lib/libpebble.a(tmprMxtH1pebble.o)
 .text.action_bar_layer_remove_from_window
                0x0000000000000000        0xc /usr/local/Cellar/pebble-sdk/3.0-dp2/libexec/Pebble/basalt/lib/libpebble.a(tmprMxtH1pebble.o)
 .text.action_bar_layer_set_background_color_2bit
                0x0000000000000000        0xc /usr/local/Cellar/pebble-sdk/3.0-dp2/libexec/Pebble/basalt/lib/libpebble.a(tmprMxtH1pebble.o)
 .text.action_bar_layer_set_click_config_provider
                0x0000000000000000        0xc /usr/local/Cellar/pebble-sdk/3.0-dp2/libexec/Pebble/basalt/lib/libpebble.a(tmprMxtH1pebble.o)
 .text.action_bar_layer_set_context
                0x0000000000000000        0xc /usr/local/Cellar/pebble-sdk/3.0-dp2/libexec/Pebble/basalt/lib/libpebble.a(tmprMxtH1pebble.o)
 .text.action_bar_layer_set_icon
                0x0000000000000000        0xc /usr/local/Cellar/pebble-sdk/3.0-dp2/libexec/Pebble/basalt/lib/libpebble.a(tmprMxtH1pebble.o)
 .text.animation_legacy2_create
                0x0000000000000000        0xc /usr/local/Cellar/pebble-sdk/3.0-dp2/libexec/Pebble/basalt/lib/libpebble.a(tmprMxtH1pebble.o)
 .text.animation_legacy2_destroy
                0x0000000000000000        0xc /usr/local/Cellar/pebble-sdk/3.0-dp2/libexec/Pebble/basalt/lib/libpebble.a(tmprMxtH1pebble.o)
 .text.animation_legacy2_get_context
                0x0000000000000000        0xc /usr/local/Cellar/pebble-sdk/3.0-dp2/libexec/Pebble/basalt/lib/libpebble.a(tmprMxtH1pebble.o)
 .text.animation_legacy2_is_scheduled
                0x0000000000000000        0xc /usr/local/Cellar/pebble-sdk/3.0-dp2/libexec/Pebble/basalt/lib/libpebble.a(tmprMxtH1pebble.o)
 .text.animation_legacy2_schedule
                0x0000000000000000        0xc /usr/local/Cellar/pebble-sdk/3.0-dp2/libexec/Pebble/basalt/lib/libpebble.a(tmprMxtH1pebble.o)
 .text.animation_legacy2_set_curve
                0x0000000000000000        0xc /usr/local/Cellar/pebble-sdk/3.0-dp2/libexec/Pebble/basalt/lib/libpebble.a(tmprMxtH1pebble.o)
 .text.animation_legacy2_set_delay
                0x0000000000000000        0xc /usr/local/Cellar/pebble-sdk/3.0-dp2/libexec/Pebble/basalt/lib/libpebble.a(tmprMxtH1pebble.o)
 .text.animation_legacy2_set_duration
                0x0000000000000000        0xc /usr/local/Cellar/pebble-sdk/3.0-dp2/libexec/Pebble/basalt/lib/libpebble.a(tmprMxtH1pebble.o)
 .text.animation_legacy2_set_handlers
                0x0000000000000000        0xc /usr/local/Cellar/pebble-sdk/3.0-dp2/libexec/Pebble/basalt/lib/libpebble.a(tmprMxtH1pebble.o)
 .text.animation_legacy2_set_implementation
                0x0000000000000000        0xc /usr/local/Cellar/pebble-sdk/3.0-dp2/libexec/Pebble/basalt/lib/libpebble.a(tmprMxtH1pebble.o)
 .text.animation_legacy2_unschedule
                0x0000000000000000        0xc /usr/local/Cellar/pebble-sdk/3.0-dp2/libexec/Pebble/basalt/lib/libpebble.a(tmprMxtH1pebble.o)
 .text.animation_legacy2_unschedule_all
                0x0000000000000000        0xc /usr/local/Cellar/pebble-sdk/3.0-dp2/libexec/Pebble/basalt/lib/libpebble.a(tmprMxtH1pebble.o)
 .text.app_comm_get_sniff_interval
                0x0000000000000000        0xc /usr/local/Cellar/pebble-sdk/3.0-dp2/libexec/Pebble/basalt/lib/libpebble.a(tmprMxtH1pebble.o)
 .text.app_comm_set_sniff_interval
                0x0000000000000000        0xc /usr/local/Cellar/pebble-sdk/3.0-dp2/libexec/Pebble/basalt/lib/libpebble.a(tmprMxtH1pebble.o)
 .text.app_message_deregister_callbacks
                0x0000000000000000        0xc /usr/local/Cellar/pebble-sdk/3.0-dp2/libexec/Pebble/basalt/lib/libpebble.a(tmprMxtH1pebble.o)
 .text.app_sync_deinit
                0x0000000000000000        0xc /usr/local/Cellar/pebble-sdk/3.0-dp2/libexec/Pebble/basalt/lib/libpebble.a(tmprMxtH1pebble.o)
 .text.app_sync_get
                0x0000000000000000        0xc /usr/local/Cellar/pebble-sdk/3.0-dp2/libexec/Pebble/basalt/lib/libpebble.a(tmprMxtH1pebble.o)
 .text.app_sync_init
                0x0000000000000000        0xc /usr/local/Cellar/pebble-sdk/3.0-dp2/libexec/Pebble/basalt/lib/libpebble.a(tmprMxtH1pebble.o)
 .text.app_sync_set
                0x0000000000000000        0xc /usr/local/Cellar/pebble-sdk/3.0-dp2/libexec/Pebble/basalt/lib/libpebble.a(tmprMxtH1pebble.o)
 .text.app_timer_cancel
                0x0000000000000000        0xc /usr/local/Cellar/pebble-sdk/3.0-dp2/libexec/Pebble/basalt/lib/libpebble.a(tmprMxtH1pebble.o)
 .text.app_timer_register
                0x0000000000000000        0xc /usr/local/Cellar/pebble-sdk/3.0-dp2/libexec/Pebble/basalt/lib/libpebble.a(tmprMxtH1pebble.o)
 .text.app_timer_reschedule
                0x0000000000000000        0xc /usr/local/Cellar/pebble-sdk/3.0-dp2/libexec/Pebble/basalt/lib/libpebble.a(tmprMxtH1pebble.o)
 .text.atan2_lookup
                0x0000000000000000        0xc /usr/local/Cellar/pebble-sdk/3.0-dp2/libexec/Pebble/basalt/lib/libpebble.a(tmprMxtH1pebble.o)
 .text.atoi     0x0000000000000000        0xc /usr/local/Cellar/pebble-sdk/3.0-dp2/libexec/Pebble/basalt/lib/libpebble.a(tmprMxtH1pebble.o)
 .text.atol     0x0000000000000000        0xc /usr/local/Cellar/pebble-sdk/3.0-dp2/libexec/Pebble/basalt/lib/libpebble.a(tmprMxtH1pebble.o)
 .text.battery_state_service_peek
                0x0000000000000000        0xc /usr/local/Cellar/pebble-sdk/3.0-dp2/libexec/Pebble/basalt/lib/libpebble.a(tmprMxtH1pebble.o)
 .text.battery_state_service_subscribe
                0x0000000000000000        0xc /usr/local/Cellar/pebble-sdk/3.0-dp2/libexec/Pebble/basalt/lib/libpebble.a(tmprMxtH1pebble.o)
 .text.battery_state_service_unsubscribe
                0x0000000000000000        0xc /usr/local/Cellar/pebble-sdk/3.0-dp2/libexec/Pebble/basalt/lib/libpebble.a(tmprMxtH1pebble.o)
 .text.bitmap_layer_set_background_color_2bit
                0x0000000000000000        0xc /usr/local/Cellar/pebble-sdk/3.0-dp2/libexec/Pebble/basalt/lib/libpebble.a(tmprMxtH1pebble.o)
 .text.bluetooth_connection_service_peek
                0x0000000000000000        0xc /usr/local/Cellar/pebble-sdk/3.0-dp2/libexec/Pebble/basalt/lib/libpebble.a(tmprMxtH1pebble.o)
 .text.bluetooth_connection_service_subscribe
                0x0000000000000000        0xc /usr/local/Cellar/pebble-sdk/3.0-dp2/libexec/Pebble/basalt/lib/libpebble.a(tmprMxtH1pebble.o)
 .text.bluetooth_connection_service_unsubscribe
                0x0000000000000000        0xc /usr/local/Cellar/pebble-sdk/3.0-dp2/libexec/Pebble/basalt/lib/libpebble.a(tmprMxtH1pebble.o)
 .text.click_number_of_clicks_counted
                0x0000000000000000        0xc /usr/local/Cellar/pebble-sdk/3.0-dp2/libexec/Pebble/basalt/lib/libpebble.a(tmprMxtH1pebble.o)
 .text.click_recognizer_get_button_id
                0x0000000000000000        0xc /usr/local/Cellar/pebble-sdk/3.0-dp2/libexec/Pebble/basalt/lib/libpebble.a(tmprMxtH1pebble.o)
 .text.clock_copy_time_string
                0x0000000000000000        0xc /usr/local/Cellar/pebble-sdk/3.0-dp2/libexec/Pebble/basalt/lib/libpebble.a(tmprMxtH1pebble.o)
 .text.cos_lookup
                0x0000000000000000        0xc /usr/local/Cellar/pebble-sdk/3.0-dp2/libexec/Pebble/basalt/lib/libpebble.a(tmprMxtH1pebble.o)
 .text.data_logging_create
                0x0000000000000000        0xc /usr/local/Cellar/pebble-sdk/3.0-dp2/libexec/Pebble/basalt/lib/libpebble.a(tmprMxtH1pebble.o)
 .text.data_logging_finish
                0x0000000000000000        0xc /usr/local/Cellar/pebble-sdk/3.0-dp2/libexec/Pebble/basalt/lib/libpebble.a(tmprMxtH1pebble.o)
 .text.data_logging_log
                0x0000000000000000        0xc /usr/local/Cellar/pebble-sdk/3.0-dp2/libexec/Pebble/basalt/lib/libpebble.a(tmprMxtH1pebble.o)
 .text.dict_calc_buffer_size
                0x0000000000000000        0xc /usr/local/Cellar/pebble-sdk/3.0-dp2/libexec/Pebble/basalt/lib/libpebble.a(tmprMxtH1pebble.o)
 .text.dict_calc_buffer_size_from_tuplets
                0x0000000000000000        0xc /usr/local/Cellar/pebble-sdk/3.0-dp2/libexec/Pebble/basalt/lib/libpebble.a(tmprMxtH1pebble.o)
 .text.dict_find
                0x0000000000000000        0xc /usr/local/Cellar/pebble-sdk/3.0-dp2/libexec/Pebble/basalt/lib/libpebble.a(tmprMxtH1pebble.o)
 .text.dict_merge
                0x0000000000000000        0xc /usr/local/Cellar/pebble-sdk/3.0-dp2/libexec/Pebble/basalt/lib/libpebble.a(tmprMxtH1pebble.o)
 .text.dict_read_begin_from_buffer
                0x0000000000000000        0xc /usr/local/Cellar/pebble-sdk/3.0-dp2/libexec/Pebble/basalt/lib/libpebble.a(tmprMxtH1pebble.o)
 .text.dict_serialize_tuplets
                0x0000000000000000        0xc /usr/local/Cellar/pebble-sdk/3.0-dp2/libexec/Pebble/basalt/lib/libpebble.a(tmprMxtH1pebble.o)
 .text.dict_serialize_tuplets_to_buffer__deprecated
                0x0000000000000000        0xc /usr/local/Cellar/pebble-sdk/3.0-dp2/libexec/Pebble/basalt/lib/libpebble.a(tmprMxtH1pebble.o)
 .text.dict_serialize_tuplets_to_buffer_with_iter
                0x0000000000000000        0xc /usr/local/Cellar/pebble-sdk/3.0-dp2/libexec/Pebble/basalt/lib/libpebble.a(tmprMxtH1pebble.o)
 .text.dict_write_begin
                0x0000000000000000        0xc /usr/local/Cellar/pebble-sdk/3.0-dp2/libexec/Pebble/basalt/lib/libpebble.a(tmprMxtH1pebble.o)
 .text.dict_write_cstring
                0x0000000000000000        0xc /usr/local/Cellar/pebble-sdk/3.0-dp2/libexec/Pebble/basalt/lib/libpebble.a(tmprMxtH1pebble.o)
 .text.dict_write_data
                0x0000000000000000        0xc /usr/local/Cellar/pebble-sdk/3.0-dp2/libexec/Pebble/basalt/lib/libpebble.a(tmprMxtH1pebble.o)
 .text.dict_write_end
                0x0000000000000000        0xc /usr/local/Cellar/pebble-sdk/3.0-dp2/libexec/Pebble/basalt/lib/libpebble.a(tmprMxtH1pebble.o)
 .text.dict_write_int
                0x0000000000000000        0xc /usr/local/Cellar/pebble-sdk/3.0-dp2/libexec/Pebble/basalt/lib/libpebble.a(tmprMxtH1pebble.o)
 .text.dict_write_int16
                0x0000000000000000        0xc /usr/local/Cellar/pebble-sdk/3.0-dp2/libexec/Pebble/basalt/lib/libpebble.a(tmprMxtH1pebble.o)
 .text.dict_write_int32
                0x0000000000000000        0xc /usr/local/Cellar/pebble-sdk/3.0-dp2/libexec/Pebble/basalt/lib/libpebble.a(tmprMxtH1pebble.o)
 .text.dict_write_int8
                0x0000000000000000        0xc /usr/local/Cellar/pebble-sdk/3.0-dp2/libexec/Pebble/basalt/lib/libpebble.a(tmprMxtH1pebble.o)
 .text.dict_write_tuplet
                0x0000000000000000        0xc /usr/local/Cellar/pebble-sdk/3.0-dp2/libexec/Pebble/basalt/lib/libpebble.a(tmprMxtH1pebble.o)
 .text.dict_write_uint16
                0x0000000000000000        0xc /usr/local/Cellar/pebble-sdk/3.0-dp2/libexec/Pebble/basalt/lib/libpebble.a(tmprMxtH1pebble.o)
 .text.dict_write_uint32
                0x0000000000000000        0xc /usr/local/Cellar/pebble-sdk/3.0-dp2/libexec/Pebble/basalt/lib/libpebble.a(tmprMxtH1pebble.o)
 .text.fonts_load_custom_font
                0x0000000000000000        0xc /usr/local/Cellar/pebble-sdk/3.0-dp2/libexec/Pebble/basalt/lib/libpebble.a(tmprMxtH1pebble.o)
 .text.fonts_unload_custom_font
                0x0000000000000000        0xc /usr/local/Cellar/pebble-sdk/3.0-dp2/libexec/Pebble/basalt/lib/libpebble.a(tmprMxtH1pebble.o)
 .text.free     0x0000000000000000        0xc /usr/local/Cellar/pebble-sdk/3.0-dp2/libexec/Pebble/basalt/lib/libpebble.a(tmprMxtH1pebble.o)
 .text.gbitmap_create_as_sub_bitmap
                0x0000000000000000        0xc /usr/local/Cellar/pebble-sdk/3.0-dp2/libexec/Pebble/basalt/lib/libpebble.a(tmprMxtH1pebble.o)
 .text.gbitmap_create_with_data
                0x0000000000000000        0xc /usr/local/Cellar/pebble-sdk/3.0-dp2/libexec/Pebble/basalt/lib/libpebble.a(tmprMxtH1pebble.o)
 .text.gmtime__deprecated
                0x0000000000000000        0xc /usr/local/Cellar/pebble-sdk/3.0-dp2/libexec/Pebble/basalt/lib/libpebble.a(tmprMxtH1pebble.o)
 .text.gpath_create
                0x0000000000000000        0xc /usr/local/Cellar/pebble-sdk/3.0-dp2/libexec/Pebble/basalt/lib/libpebble.a(tmprMxtH1pebble.o)
 .text.gpath_destroy
                0x0000000000000000        0xc /usr/local/Cellar/pebble-sdk/3.0-dp2/libexec/Pebble/basalt/lib/libpebble.a(tmprMxtH1pebble.o)
 .text.gpath_draw_filled_legacy
                0x0000000000000000        0xc /usr/local/Cellar/pebble-sdk/3.0-dp2/libexec/Pebble/basalt/lib/libpebble.a(tmprMxtH1pebble.o)
 .text.gpath_draw_outline
                0x0000000000000000        0xc /usr/local/Cellar/pebble-sdk/3.0-dp2/libexec/Pebble/basalt/lib/libpebble.a(tmprMxtH1pebble.o)
 .text.gpath_move_to
                0x0000000000000000        0xc /usr/local/Cellar/pebble-sdk/3.0-dp2/libexec/Pebble/basalt/lib/libpebble.a(tmprMxtH1pebble.o)
 .text.gpath_rotate_to
                0x0000000000000000        0xc /usr/local/Cellar/pebble-sdk/3.0-dp2/libexec/Pebble/basalt/lib/libpebble.a(tmprMxtH1pebble.o)
 .text.gpoint_equal
                0x0000000000000000        0xc /usr/local/Cellar/pebble-sdk/3.0-dp2/libexec/Pebble/basalt/lib/libpebble.a(tmprMxtH1pebble.o)
 .text.graphics_context_set_compositing_mode
                0x0000000000000000        0xc /usr/local/Cellar/pebble-sdk/3.0-dp2/libexec/Pebble/basalt/lib/libpebble.a(tmprMxtH1pebble.o)
 .text.graphics_context_set_fill_color_2bit
                0x0000000000000000        0xc /usr/local/Cellar/pebble-sdk/3.0-dp2/libexec/Pebble/basalt/lib/libpebble.a(tmprMxtH1pebble.o)
 .text.graphics_context_set_stroke_color_2bit
                0x0000000000000000        0xc /usr/local/Cellar/pebble-sdk/3.0-dp2/libexec/Pebble/basalt/lib/libpebble.a(tmprMxtH1pebble.o)
 .text.graphics_context_set_text_color_2bit
                0x0000000000000000        0xc /usr/local/Cellar/pebble-sdk/3.0-dp2/libexec/Pebble/basalt/lib/libpebble.a(tmprMxtH1pebble.o)
 .text.graphics_draw_bitmap_in_rect
                0x0000000000000000        0xc /usr/local/Cellar/pebble-sdk/3.0-dp2/libexec/Pebble/basalt/lib/libpebble.a(tmprMxtH1pebble.o)
 .text.graphics_draw_circle
                0x0000000000000000        0xc /usr/local/Cellar/pebble-sdk/3.0-dp2/libexec/Pebble/basalt/lib/libpebble.a(tmprMxtH1pebble.o)
 .text.graphics_draw_line
                0x0000000000000000        0xc /usr/local/Cellar/pebble-sdk/3.0-dp2/libexec/Pebble/basalt/lib/libpebble.a(tmprMxtH1pebble.o)
 .text.graphics_draw_pixel
                0x0000000000000000        0xc /usr/local/Cellar/pebble-sdk/3.0-dp2/libexec/Pebble/basalt/lib/libpebble.a(tmprMxtH1pebble.o)
 .text.graphics_draw_rect
                0x0000000000000000        0xc /usr/local/Cellar/pebble-sdk/3.0-dp2/libexec/Pebble/basalt/lib/libpebble.a(tmprMxtH1pebble.o)
 .text.graphics_draw_round_rect
                0x0000000000000000        0xc /usr/local/Cellar/pebble-sdk/3.0-dp2/libexec/Pebble/basalt/lib/libpebble.a(tmprMxtH1pebble.o)
 .text.graphics_fill_circle
                0x0000000000000000        0xc /usr/local/Cellar/pebble-sdk/3.0-dp2/libexec/Pebble/basalt/lib/libpebble.a(tmprMxtH1pebble.o)
 .text.graphics_fill_rect
                0x0000000000000000        0xc /usr/local/Cellar/pebble-sdk/3.0-dp2/libexec/Pebble/basalt/lib/libpebble.a(tmprMxtH1pebble.o)
 .text.graphics_text_layout_get_max_used_size
                0x0000000000000000        0xc /usr/local/Cellar/pebble-sdk/3.0-dp2/libexec/Pebble/basalt/lib/libpebble.a(tmprMxtH1pebble.o)
 .text.grect_align
                0x0000000000000000        0xc /usr/local/Cellar/pebble-sdk/3.0-dp2/libexec/Pebble/basalt/lib/libpebble.a(tmprMxtH1pebble.o)
 .text.grect_center_point
                0x0000000000000000        0xc /usr/local/Cellar/pebble-sdk/3.0-dp2/libexec/Pebble/basalt/lib/libpebble.a(tmprMxtH1pebble.o)
 .text.grect_clip
                0x0000000000000000        0xc /usr/local/Cellar/pebble-sdk/3.0-dp2/libexec/Pebble/basalt/lib/libpebble.a(tmprMxtH1pebble.o)
 .text.grect_contains_point
                0x0000000000000000        0xc /usr/local/Cellar/pebble-sdk/3.0-dp2/libexec/Pebble/basalt/lib/libpebble.a(tmprMxtH1pebble.o)
 .text.grect_crop
                0x0000000000000000        0xc /usr/local/Cellar/pebble-sdk/3.0-dp2/libexec/Pebble/basalt/lib/libpebble.a(tmprMxtH1pebble.o)
 .text.grect_equal
                0x0000000000000000        0xc /usr/local/Cellar/pebble-sdk/3.0-dp2/libexec/Pebble/basalt/lib/libpebble.a(tmprMxtH1pebble.o)
 .text.grect_is_empty
                0x0000000000000000        0xc /usr/local/Cellar/pebble-sdk/3.0-dp2/libexec/Pebble/basalt/lib/libpebble.a(tmprMxtH1pebble.o)
 .text.grect_standardize
                0x0000000000000000        0xc /usr/local/Cellar/pebble-sdk/3.0-dp2/libexec/Pebble/basalt/lib/libpebble.a(tmprMxtH1pebble.o)
 .text.gsize_equal
                0x0000000000000000        0xc /usr/local/Cellar/pebble-sdk/3.0-dp2/libexec/Pebble/basalt/lib/libpebble.a(tmprMxtH1pebble.o)
 .text.inverter_layer_create
                0x0000000000000000        0xc /usr/local/Cellar/pebble-sdk/3.0-dp2/libexec/Pebble/basalt/lib/libpebble.a(tmprMxtH1pebble.o)
 .text.inverter_layer_destroy
                0x0000000000000000        0xc /usr/local/Cellar/pebble-sdk/3.0-dp2/libexec/Pebble/basalt/lib/libpebble.a(tmprMxtH1pebble.o)
 .text.inverter_layer_get_layer
                0x0000000000000000        0xc /usr/local/Cellar/pebble-sdk/3.0-dp2/libexec/Pebble/basalt/lib/libpebble.a(tmprMxtH1pebble.o)
 .text.layer_create
                0x0000000000000000        0xc /usr/local/Cellar/pebble-sdk/3.0-dp2/libexec/Pebble/basalt/lib/libpebble.a(tmprMxtH1pebble.o)
 .text.layer_create_with_data
                0x0000000000000000        0xc /usr/local/Cellar/pebble-sdk/3.0-dp2/libexec/Pebble/basalt/lib/libpebble.a(tmprMxtH1pebble.o)
 .text.layer_destroy
                0x0000000000000000        0xc /usr/local/Cellar/pebble-sdk/3.0-dp2/libexec/Pebble/basalt/lib/libpebble.a(tmprMxtH1pebble.o)
 .text.layer_get_bounds
                0x0000000000000000        0xc /usr/local/Cellar/pebble-sdk/3.0-dp2/libexec/Pebble/basalt/lib/libpebble.a(tmprMxtH1pebble.o)
 .text.layer_get_clips
                0x0000000000000000        0xc /usr/local/Cellar/pebble-sdk/3.0-dp2/libexec/Pebble/basalt/lib/libpebble.a(tmprMxtH1pebble.o)
 .text.layer_get_data
                0x0000000000000000        0xc /usr/local/Cellar/pebble-sdk/3.0-dp2/libexec/Pebble/basalt/lib/libpebble.a(tmprMxtH1pebble.o)
 .text.layer_get_frame
                0x0000000000000000        0xc /usr/local/Cellar/pebble-sdk/3.0-dp2/libexec/Pebble/basalt/lib/libpebble.a(tmprMxtH1pebble.o)
 .text.layer_get_hidden
                0x0000000000000000        0xc /usr/local/Cellar/pebble-sdk/3.0-dp2/libexec/Pebble/basalt/lib/libpebble.a(tmprMxtH1pebble.o)
 .text.layer_get_window
                0x0000000000000000        0xc /usr/local/Cellar/pebble-sdk/3.0-dp2/libexec/Pebble/basalt/lib/libpebble.a(tmprMxtH1pebble.o)
 .text.layer_insert_above_sibling
                0x0000000000000000        0xc /usr/local/Cellar/pebble-sdk/3.0-dp2/libexec/Pebble/basalt/lib/libpebble.a(tmprMxtH1pebble.o)
 .text.layer_insert_below_sibling
                0x0000000000000000        0xc /usr/local/Cellar/pebble-sdk/3.0-dp2/libexec/Pebble/basalt/lib/libpebble.a(tmprMxtH1pebble.o)
 .text.layer_mark_dirty
                0x0000000000000000        0xc /usr/local/Cellar/pebble-sdk/3.0-dp2/libexec/Pebble/basalt/lib/libpebble.a(tmprMxtH1pebble.o)
 .text.layer_remove_child_layers
                0x0000000000000000        0xc /usr/local/Cellar/pebble-sdk/3.0-dp2/libexec/Pebble/basalt/lib/libpebble.a(tmprMxtH1pebble.o)
 .text.layer_remove_from_parent
                0x0000000000000000        0xc /usr/local/Cellar/pebble-sdk/3.0-dp2/libexec/Pebble/basalt/lib/libpebble.a(tmprMxtH1pebble.o)
 .text.layer_set_bounds
                0x0000000000000000        0xc /usr/local/Cellar/pebble-sdk/3.0-dp2/libexec/Pebble/basalt/lib/libpebble.a(tmprMxtH1pebble.o)
 .text.layer_set_clips
                0x0000000000000000        0xc /usr/local/Cellar/pebble-sdk/3.0-dp2/libexec/Pebble/basalt/lib/libpebble.a(tmprMxtH1pebble.o)
 .text.layer_set_frame
                0x0000000000000000        0xc /usr/local/Cellar/pebble-sdk/3.0-dp2/libexec/Pebble/basalt/lib/libpebble.a(tmprMxtH1pebble.o)
 .text.layer_set_hidden
                0x0000000000000000        0xc /usr/local/Cellar/pebble-sdk/3.0-dp2/libexec/Pebble/basalt/lib/libpebble.a(tmprMxtH1pebble.o)
 .text.layer_set_update_proc
                0x0000000000000000        0xc /usr/local/Cellar/pebble-sdk/3.0-dp2/libexec/Pebble/basalt/lib/libpebble.a(tmprMxtH1pebble.o)
 .text.light_enable
                0x0000000000000000        0xc /usr/local/Cellar/pebble-sdk/3.0-dp2/libexec/Pebble/basalt/lib/libpebble.a(tmprMxtH1pebble.o)
 .text.light_enable_interaction
                0x0000000000000000        0xc /usr/local/Cellar/pebble-sdk/3.0-dp2/libexec/Pebble/basalt/lib/libpebble.a(tmprMxtH1pebble.o)
 .text.malloc   0x0000000000000000        0xc /usr/local/Cellar/pebble-sdk/3.0-dp2/libexec/Pebble/basalt/lib/libpebble.a(tmprMxtH1pebble.o)
 .text.memcpy   0x0000000000000000        0xc /usr/local/Cellar/pebble-sdk/3.0-dp2/libexec/Pebble/basalt/lib/libpebble.a(tmprMxtH1pebble.o)
 .text.memmove  0x0000000000000000        0xc /usr/local/Cellar/pebble-sdk/3.0-dp2/libexec/Pebble/basalt/lib/libpebble.a(tmprMxtH1pebble.o)
 .text.menu_cell_basic_draw
                0x0000000000000000        0xc /usr/local/Cellar/pebble-sdk/3.0-dp2/libexec/Pebble/basalt/lib/libpebble.a(tmprMxtH1pebble.o)
 .text.menu_cell_basic_header_draw
                0x0000000000000000        0xc /usr/local/Cellar/pebble-sdk/3.0-dp2/libexec/Pebble/basalt/lib/libpebble.a(tmprMxtH1pebble.o)
 .text.menu_cell_title_draw
                0x0000000000000000        0xc /usr/local/Cellar/pebble-sdk/3.0-dp2/libexec/Pebble/basalt/lib/libpebble.a(tmprMxtH1pebble.o)
 .text.menu_index_compare
                0x0000000000000000        0xc /usr/local/Cellar/pebble-sdk/3.0-dp2/libexec/Pebble/basalt/lib/libpebble.a(tmprMxtH1pebble.o)
 .text.menu_layer_create
                0x0000000000000000        0xc /usr/local/Cellar/pebble-sdk/3.0-dp2/libexec/Pebble/basalt/lib/libpebble.a(tmprMxtH1pebble.o)
 .text.menu_layer_destroy
                0x0000000000000000        0xc /usr/local/Cellar/pebble-sdk/3.0-dp2/libexec/Pebble/basalt/lib/libpebble.a(tmprMxtH1pebble.o)
 .text.menu_layer_get_layer
                0x0000000000000000        0xc /usr/local/Cellar/pebble-sdk/3.0-dp2/libexec/Pebble/basalt/lib/libpebble.a(tmprMxtH1pebble.o)
 .text.menu_layer_get_scroll_layer
                0x0000000000000000        0xc /usr/local/Cellar/pebble-sdk/3.0-dp2/libexec/Pebble/basalt/lib/libpebble.a(tmprMxtH1pebble.o)
 .text.menu_layer_get_selected_index
                0x0000000000000000        0xc /usr/local/Cellar/pebble-sdk/3.0-dp2/libexec/Pebble/basalt/lib/libpebble.a(tmprMxtH1pebble.o)
 .text.menu_layer_reload_data
                0x0000000000000000        0xc /usr/local/Cellar/pebble-sdk/3.0-dp2/libexec/Pebble/basalt/lib/libpebble.a(tmprMxtH1pebble.o)
 .text.menu_layer_set_callbacks__deprecated
                0x0000000000000000        0xc /usr/local/Cellar/pebble-sdk/3.0-dp2/libexec/Pebble/basalt/lib/libpebble.a(tmprMxtH1pebble.o)
 .text.menu_layer_set_click_config_onto_window
                0x0000000000000000        0xc /usr/local/Cellar/pebble-sdk/3.0-dp2/libexec/Pebble/basalt/lib/libpebble.a(tmprMxtH1pebble.o)
 .text.menu_layer_set_selected_index
                0x0000000000000000        0xc /usr/local/Cellar/pebble-sdk/3.0-dp2/libexec/Pebble/basalt/lib/libpebble.a(tmprMxtH1pebble.o)
 .text.menu_layer_set_selected_next
                0x0000000000000000        0xc /usr/local/Cellar/pebble-sdk/3.0-dp2/libexec/Pebble/basalt/lib/libpebble.a(tmprMxtH1pebble.o)
 .text.number_window_create
                0x0000000000000000        0xc /usr/local/Cellar/pebble-sdk/3.0-dp2/libexec/Pebble/basalt/lib/libpebble.a(tmprMxtH1pebble.o)
 .text.number_window_destroy
                0x0000000000000000        0xc /usr/local/Cellar/pebble-sdk/3.0-dp2/libexec/Pebble/basalt/lib/libpebble.a(tmprMxtH1pebble.o)
 .text.number_window_get_value
                0x0000000000000000        0xc /usr/local/Cellar/pebble-sdk/3.0-dp2/libexec/Pebble/basalt/lib/libpebble.a(tmprMxtH1pebble.o)
 .text.number_window_set_label
                0x0000000000000000        0xc /usr/local/Cellar/pebble-sdk/3.0-dp2/libexec/Pebble/basalt/lib/libpebble.a(tmprMxtH1pebble.o)
 .text.number_window_set_max
                0x0000000000000000        0xc /usr/local/Cellar/pebble-sdk/3.0-dp2/libexec/Pebble/basalt/lib/libpebble.a(tmprMxtH1pebble.o)
 .text.number_window_set_min
                0x0000000000000000        0xc /usr/local/Cellar/pebble-sdk/3.0-dp2/libexec/Pebble/basalt/lib/libpebble.a(tmprMxtH1pebble.o)
 .text.number_window_set_step_size
                0x0000000000000000        0xc /usr/local/Cellar/pebble-sdk/3.0-dp2/libexec/Pebble/basalt/lib/libpebble.a(tmprMxtH1pebble.o)
 .text.number_window_set_value
                0x0000000000000000        0xc /usr/local/Cellar/pebble-sdk/3.0-dp2/libexec/Pebble/basalt/lib/libpebble.a(tmprMxtH1pebble.o)
 .text.persist_delete
                0x0000000000000000        0xc /usr/local/Cellar/pebble-sdk/3.0-dp2/libexec/Pebble/basalt/lib/libpebble.a(tmprMxtH1pebble.o)
 .text.persist_exists
                0x0000000000000000        0xc /usr/local/Cellar/pebble-sdk/3.0-dp2/libexec/Pebble/basalt/lib/libpebble.a(tmprMxtH1pebble.o)
 .text.persist_get_size
                0x0000000000000000        0xc /usr/local/Cellar/pebble-sdk/3.0-dp2/libexec/Pebble/basalt/lib/libpebble.a(tmprMxtH1pebble.o)
 .text.persist_read_bool
                0x0000000000000000        0xc /usr/local/Cellar/pebble-sdk/3.0-dp2/libexec/Pebble/basalt/lib/libpebble.a(tmprMxtH1pebble.o)
 .text.persist_read_data__deprecated
                0x0000000000000000        0xc /usr/local/Cellar/pebble-sdk/3.0-dp2/libexec/Pebble/basalt/lib/libpebble.a(tmprMxtH1pebble.o)
 .text.persist_read_int
                0x0000000000000000        0xc /usr/local/Cellar/pebble-sdk/3.0-dp2/libexec/Pebble/basalt/lib/libpebble.a(tmprMxtH1pebble.o)
 .text.persist_read_string__deprecated
                0x0000000000000000        0xc /usr/local/Cellar/pebble-sdk/3.0-dp2/libexec/Pebble/basalt/lib/libpebble.a(tmprMxtH1pebble.o)
 .text.persist_write_bool
                0x0000000000000000        0xc /usr/local/Cellar/pebble-sdk/3.0-dp2/libexec/Pebble/basalt/lib/libpebble.a(tmprMxtH1pebble.o)
 .text.persist_write_data__deprecated
                0x0000000000000000        0xc /usr/local/Cellar/pebble-sdk/3.0-dp2/libexec/Pebble/basalt/lib/libpebble.a(tmprMxtH1pebble.o)
 .text.persist_write_int
                0x0000000000000000        0xc /usr/local/Cellar/pebble-sdk/3.0-dp2/libexec/Pebble/basalt/lib/libpebble.a(tmprMxtH1pebble.o)
 .text.persist_write_string
                0x0000000000000000        0xc /usr/local/Cellar/pebble-sdk/3.0-dp2/libexec/Pebble/basalt/lib/libpebble.a(tmprMxtH1pebble.o)
 .text.property_animation_legacy2_create
                0x0000000000000000        0xc /usr/local/Cellar/pebble-sdk/3.0-dp2/libexec/Pebble/basalt/lib/libpebble.a(tmprMxtH1pebble.o)
 .text.property_animation_legacy2_create_layer_frame
                0x0000000000000000        0xc /usr/local/Cellar/pebble-sdk/3.0-dp2/libexec/Pebble/basalt/lib/libpebble.a(tmprMxtH1pebble.o)
 .text.property_animation_legacy2_destroy
                0x0000000000000000        0xc /usr/local/Cellar/pebble-sdk/3.0-dp2/libexec/Pebble/basalt/lib/libpebble.a(tmprMxtH1pebble.o)
 .text.property_animation_legacy2_update_gpoint
                0x0000000000000000        0xc /usr/local/Cellar/pebble-sdk/3.0-dp2/libexec/Pebble/basalt/lib/libpebble.a(tmprMxtH1pebble.o)
 .text.property_animation_legacy2_update_grect
                0x0000000000000000        0xc /usr/local/Cellar/pebble-sdk/3.0-dp2/libexec/Pebble/basalt/lib/libpebble.a(tmprMxtH1pebble.o)
 .text.property_animation_legacy2_update_int16
                0x0000000000000000        0xc /usr/local/Cellar/pebble-sdk/3.0-dp2/libexec/Pebble/basalt/lib/libpebble.a(tmprMxtH1pebble.o)
 .text.psleep   0x0000000000000000        0xc /usr/local/Cellar/pebble-sdk/3.0-dp2/libexec/Pebble/basalt/lib/libpebble.a(tmprMxtH1pebble.o)
 .text.rand     0x0000000000000000        0xc /usr/local/Cellar/pebble-sdk/3.0-dp2/libexec/Pebble/basalt/lib/libpebble.a(tmprMxtH1pebble.o)
 .text.resource_get_handle
                0x0000000000000000        0xc /usr/local/Cellar/pebble-sdk/3.0-dp2/libexec/Pebble/basalt/lib/libpebble.a(tmprMxtH1pebble.o)
 .text.resource_load
                0x0000000000000000        0xc /usr/local/Cellar/pebble-sdk/3.0-dp2/libexec/Pebble/basalt/lib/libpebble.a(tmprMxtH1pebble.o)
 .text.resource_load_byte_range
                0x0000000000000000        0xc /usr/local/Cellar/pebble-sdk/3.0-dp2/libexec/Pebble/basalt/lib/libpebble.a(tmprMxtH1pebble.o)
 .text.resource_size
                0x0000000000000000        0xc /usr/local/Cellar/pebble-sdk/3.0-dp2/libexec/Pebble/basalt/lib/libpebble.a(tmprMxtH1pebble.o)
 .text.rot_bitmap_layer_create
                0x0000000000000000        0xc /usr/local/Cellar/pebble-sdk/3.0-dp2/libexec/Pebble/basalt/lib/libpebble.a(tmprMxtH1pebble.o)
 .text.rot_bitmap_layer_destroy
                0x0000000000000000        0xc /usr/local/Cellar/pebble-sdk/3.0-dp2/libexec/Pebble/basalt/lib/libpebble.a(tmprMxtH1pebble.o)
 .text.rot_bitmap_layer_increment_angle
                0x0000000000000000        0xc /usr/local/Cellar/pebble-sdk/3.0-dp2/libexec/Pebble/basalt/lib/libpebble.a(tmprMxtH1pebble.o)
 .text.rot_bitmap_layer_set_angle
                0x0000000000000000        0xc /usr/local/Cellar/pebble-sdk/3.0-dp2/libexec/Pebble/basalt/lib/libpebble.a(tmprMxtH1pebble.o)
 .text.rot_bitmap_layer_set_corner_clip_color_2bit
                0x0000000000000000        0xc /usr/local/Cellar/pebble-sdk/3.0-dp2/libexec/Pebble/basalt/lib/libpebble.a(tmprMxtH1pebble.o)
 .text.rot_bitmap_set_compositing_mode
                0x0000000000000000        0xc /usr/local/Cellar/pebble-sdk/3.0-dp2/libexec/Pebble/basalt/lib/libpebble.a(tmprMxtH1pebble.o)
 .text.rot_bitmap_set_src_ic
                0x0000000000000000        0xc /usr/local/Cellar/pebble-sdk/3.0-dp2/libexec/Pebble/basalt/lib/libpebble.a(tmprMxtH1pebble.o)
 .text.scroll_layer_add_child
                0x0000000000000000        0xc /usr/local/Cellar/pebble-sdk/3.0-dp2/libexec/Pebble/basalt/lib/libpebble.a(tmprMxtH1pebble.o)
 .text.scroll_layer_create
                0x0000000000000000        0xc /usr/local/Cellar/pebble-sdk/3.0-dp2/libexec/Pebble/basalt/lib/libpebble.a(tmprMxtH1pebble.o)
 .text.scroll_layer_destroy
                0x0000000000000000        0xc /usr/local/Cellar/pebble-sdk/3.0-dp2/libexec/Pebble/basalt/lib/libpebble.a(tmprMxtH1pebble.o)
 .text.scroll_layer_get_content_offset
                0x0000000000000000        0xc /usr/local/Cellar/pebble-sdk/3.0-dp2/libexec/Pebble/basalt/lib/libpebble.a(tmprMxtH1pebble.o)
 .text.scroll_layer_get_content_size
                0x0000000000000000        0xc /usr/local/Cellar/pebble-sdk/3.0-dp2/libexec/Pebble/basalt/lib/libpebble.a(tmprMxtH1pebble.o)
 .text.scroll_layer_get_layer
                0x0000000000000000        0xc /usr/local/Cellar/pebble-sdk/3.0-dp2/libexec/Pebble/basalt/lib/libpebble.a(tmprMxtH1pebble.o)
 .text.scroll_layer_get_shadow_hidden
                0x0000000000000000        0xc /usr/local/Cellar/pebble-sdk/3.0-dp2/libexec/Pebble/basalt/lib/libpebble.a(tmprMxtH1pebble.o)
 .text.scroll_layer_scroll_down_click_handler
                0x0000000000000000        0xc /usr/local/Cellar/pebble-sdk/3.0-dp2/libexec/Pebble/basalt/lib/libpebble.a(tmprMxtH1pebble.o)
 .text.scroll_layer_scroll_up_click_handler
                0x0000000000000000        0xc /usr/local/Cellar/pebble-sdk/3.0-dp2/libexec/Pebble/basalt/lib/libpebble.a(tmprMxtH1pebble.o)
 .text.scroll_layer_set_callbacks
                0x0000000000000000        0xc /usr/local/Cellar/pebble-sdk/3.0-dp2/libexec/Pebble/basalt/lib/libpebble.a(tmprMxtH1pebble.o)
 .text.scroll_layer_set_click_config_onto_window
                0x0000000000000000        0xc /usr/local/Cellar/pebble-sdk/3.0-dp2/libexec/Pebble/basalt/lib/libpebble.a(tmprMxtH1pebble.o)
 .text.scroll_layer_set_content_offset
                0x0000000000000000        0xc /usr/local/Cellar/pebble-sdk/3.0-dp2/libexec/Pebble/basalt/lib/libpebble.a(tmprMxtH1pebble.o)
 .text.scroll_layer_set_content_size
                0x0000000000000000        0xc /usr/local/Cellar/pebble-sdk/3.0-dp2/libexec/Pebble/basalt/lib/libpebble.a(tmprMxtH1pebble.o)
 .text.scroll_layer_set_context
                0x0000000000000000        0xc /usr/local/Cellar/pebble-sdk/3.0-dp2/libexec/Pebble/basalt/lib/libpebble.a(tmprMxtH1pebble.o)
 .text.scroll_layer_set_frame
                0x0000000000000000        0xc /usr/local/Cellar/pebble-sdk/3.0-dp2/libexec/Pebble/basalt/lib/libpebble.a(tmprMxtH1pebble.o)
 .text.scroll_layer_set_shadow_hidden
                0x0000000000000000        0xc /usr/local/Cellar/pebble-sdk/3.0-dp2/libexec/Pebble/basalt/lib/libpebble.a(tmprMxtH1pebble.o)
 .text.simple_menu_layer_create
                0x0000000000000000        0xc /usr/local/Cellar/pebble-sdk/3.0-dp2/libexec/Pebble/basalt/lib/libpebble.a(tmprMxtH1pebble.o)
 .text.simple_menu_layer_destroy
                0x0000000000000000        0xc /usr/local/Cellar/pebble-sdk/3.0-dp2/libexec/Pebble/basalt/lib/libpebble.a(tmprMxtH1pebble.o)
 .text.simple_menu_layer_get_layer
                0x0000000000000000        0xc /usr/local/Cellar/pebble-sdk/3.0-dp2/libexec/Pebble/basalt/lib/libpebble.a(tmprMxtH1pebble.o)
 .text.simple_menu_layer_get_selected_index
                0x0000000000000000        0xc /usr/local/Cellar/pebble-sdk/3.0-dp2/libexec/Pebble/basalt/lib/libpebble.a(tmprMxtH1pebble.o)
 .text.simple_menu_layer_set_selected_index
                0x0000000000000000        0xc /usr/local/Cellar/pebble-sdk/3.0-dp2/libexec/Pebble/basalt/lib/libpebble.a(tmprMxtH1pebble.o)
 .text.sin_lookup
                0x0000000000000000        0xc /usr/local/Cellar/pebble-sdk/3.0-dp2/libexec/Pebble/basalt/lib/libpebble.a(tmprMxtH1pebble.o)
 .text.snprintf
                0x0000000000000000        0xc /usr/local/Cellar/pebble-sdk/3.0-dp2/libexec/Pebble/basalt/lib/libpebble.a(tmprMxtH1pebble.o)
 .text.srand    0x0000000000000000        0xc /usr/local/Cellar/pebble-sdk/3.0-dp2/libexec/Pebble/basalt/lib/libpebble.a(tmprMxtH1pebble.o)
 .text.strcat   0x0000000000000000        0xc /usr/local/Cellar/pebble-sdk/3.0-dp2/libexec/Pebble/basalt/lib/libpebble.a(tmprMxtH1pebble.o)
 .text.strcmp   0x0000000000000000        0xc /usr/local/Cellar/pebble-sdk/3.0-dp2/libexec/Pebble/basalt/lib/libpebble.a(tmprMxtH1pebble.o)
 .text.strcpy   0x0000000000000000        0xc /usr/local/Cellar/pebble-sdk/3.0-dp2/libexec/Pebble/basalt/lib/libpebble.a(tmprMxtH1pebble.o)
 .text.strlen   0x0000000000000000        0xc /usr/local/Cellar/pebble-sdk/3.0-dp2/libexec/Pebble/basalt/lib/libpebble.a(tmprMxtH1pebble.o)
 .text.strncat  0x0000000000000000        0xc /usr/local/Cellar/pebble-sdk/3.0-dp2/libexec/Pebble/basalt/lib/libpebble.a(tmprMxtH1pebble.o)
 .text.strncmp  0x0000000000000000        0xc /usr/local/Cellar/pebble-sdk/3.0-dp2/libexec/Pebble/basalt/lib/libpebble.a(tmprMxtH1pebble.o)
 .text.strncpy  0x0000000000000000        0xc /usr/local/Cellar/pebble-sdk/3.0-dp2/libexec/Pebble/basalt/lib/libpebble.a(tmprMxtH1pebble.o)
 .text.text_layer_get_content_size
                0x0000000000000000        0xc /usr/local/Cellar/pebble-sdk/3.0-dp2/libexec/Pebble/basalt/lib/libpebble.a(tmprMxtH1pebble.o)
 .text.text_layer_get_text
                0x0000000000000000        0xc /usr/local/Cellar/pebble-sdk/3.0-dp2/libexec/Pebble/basalt/lib/libpebble.a(tmprMxtH1pebble.o)
 .text.text_layer_set_background_color_2bit
                0x0000000000000000        0xc /usr/local/Cellar/pebble-sdk/3.0-dp2/libexec/Pebble/basalt/lib/libpebble.a(tmprMxtH1pebble.o)
 .text.text_layer_set_overflow_mode
                0x0000000000000000        0xc /usr/local/Cellar/pebble-sdk/3.0-dp2/libexec/Pebble/basalt/lib/libpebble.a(tmprMxtH1pebble.o)
 .text.text_layer_set_size
                0x0000000000000000        0xc /usr/local/Cellar/pebble-sdk/3.0-dp2/libexec/Pebble/basalt/lib/libpebble.a(tmprMxtH1pebble.o)
 .text.text_layer_set_text_color_2bit
                0x0000000000000000        0xc /usr/local/Cellar/pebble-sdk/3.0-dp2/libexec/Pebble/basalt/lib/libpebble.a(tmprMxtH1pebble.o)
 .text.tick_timer_service_unsubscribe
                0x0000000000000000        0xc /usr/local/Cellar/pebble-sdk/3.0-dp2/libexec/Pebble/basalt/lib/libpebble.a(tmprMxtH1pebble.o)
 .text.time_ms  0x0000000000000000        0xc /usr/local/Cellar/pebble-sdk/3.0-dp2/libexec/Pebble/basalt/lib/libpebble.a(tmprMxtH1pebble.o)
 .text.vibes_cancel
                0x0000000000000000        0xc /usr/local/Cellar/pebble-sdk/3.0-dp2/libexec/Pebble/basalt/lib/libpebble.a(tmprMxtH1pebble.o)
 .text.vibes_double_pulse
                0x0000000000000000        0xc /usr/local/Cellar/pebble-sdk/3.0-dp2/libexec/Pebble/basalt/lib/libpebble.a(tmprMxtH1pebble.o)
 .text.vibes_enqueue_custom_pattern
                0x0000000000000000        0xc /usr/local/Cellar/pebble-sdk/3.0-dp2/libexec/Pebble/basalt/lib/libpebble.a(tmprMxtH1pebble.o)
 .text.vibes_long_pulse
                0x0000000000000000        0xc /usr/local/Cellar/pebble-sdk/3.0-dp2/libexec/Pebble/basalt/lib/libpebble.a(tmprMxtH1pebble.o)
 .text.vibes_short_pulse
                0x0000000000000000        0xc /usr/local/Cellar/pebble-sdk/3.0-dp2/libexec/Pebble/basalt/lib/libpebble.a(tmprMxtH1pebble.o)
 .text.window_get_click_config_provider
                0x0000000000000000        0xc /usr/local/Cellar/pebble-sdk/3.0-dp2/libexec/Pebble/basalt/lib/libpebble.a(tmprMxtH1pebble.o)
 .text.window_get_fullscreen
                0x0000000000000000        0xc /usr/local/Cellar/pebble-sdk/3.0-dp2/libexec/Pebble/basalt/lib/libpebble.a(tmprMxtH1pebble.o)
 .text.window_is_loaded
                0x0000000000000000        0xc /usr/local/Cellar/pebble-sdk/3.0-dp2/libexec/Pebble/basalt/lib/libpebble.a(tmprMxtH1pebble.o)
 .text.window_set_background_color_2bit
                0x0000000000000000        0xc /usr/local/Cellar/pebble-sdk/3.0-dp2/libexec/Pebble/basalt/lib/libpebble.a(tmprMxtH1pebble.o)
 .text.window_set_click_config_provider
                0x0000000000000000        0xc /usr/local/Cellar/pebble-sdk/3.0-dp2/libexec/Pebble/basalt/lib/libpebble.a(tmprMxtH1pebble.o)
 .text.window_set_click_config_provider_with_context
                0x0000000000000000        0xc /usr/local/Cellar/pebble-sdk/3.0-dp2/libexec/Pebble/basalt/lib/libpebble.a(tmprMxtH1pebble.o)
 .text.window_set_status_bar_icon
                0x0000000000000000        0xc /usr/local/Cellar/pebble-sdk/3.0-dp2/libexec/Pebble/basalt/lib/libpebble.a(tmprMxtH1pebble.o)
 .text.window_stack_contains_window
                0x0000000000000000        0xc /usr/local/Cellar/pebble-sdk/3.0-dp2/libexec/Pebble/basalt/lib/libpebble.a(tmprMxtH1pebble.o)
 .text.window_stack_get_top_window
                0x0000000000000000        0xc /usr/local/Cellar/pebble-sdk/3.0-dp2/libexec/Pebble/basalt/lib/libpebble.a(tmprMxtH1pebble.o)
 .text.window_stack_pop
                0x0000000000000000        0xc /usr/local/Cellar/pebble-sdk/3.0-dp2/libexec/Pebble/basalt/lib/libpebble.a(tmprMxtH1pebble.o)
 .text.window_stack_pop_all
                0x0000000000000000        0xc /usr/local/Cellar/pebble-sdk/3.0-dp2/libexec/Pebble/basalt/lib/libpebble.a(tmprMxtH1pebble.o)
 .text.window_stack_remove
                0x0000000000000000        0xc /usr/local/Cellar/pebble-sdk/3.0-dp2/libexec/Pebble/basalt/lib/libpebble.a(tmprMxtH1pebble.o)
 .text.app_focus_service_subscribe
                0x0000000000000000        0xc /usr/local/Cellar/pebble-sdk/3.0-dp2/libexec/Pebble/basalt/lib/libpebble.a(tmprMxtH1pebble.o)
 .text.app_focus_service_unsubscribe
                0x0000000000000000        0xc /usr/local/Cellar/pebble-sdk/3.0-dp2/libexec/Pebble/basalt/lib/libpebble.a(tmprMxtH1pebble.o)
 .text.window_get_user_data
                0x0000000000000000        0xc /usr/local/Cellar/pebble-sdk/3.0-dp2/libexec/Pebble/basalt/lib/libpebble.a(tmprMxtH1pebble.o)
 .text.window_set_user_data
                0x0000000000000000        0xc /usr/local/Cellar/pebble-sdk/3.0-dp2/libexec/Pebble/basalt/lib/libpebble.a(tmprMxtH1pebble.o)
 .text.app_message_get_context
                0x0000000000000000        0xc /usr/local/Cellar/pebble-sdk/3.0-dp2/libexec/Pebble/basalt/lib/libpebble.a(tmprMxtH1pebble.o)
 .text.app_message_set_context
                0x0000000000000000        0xc /usr/local/Cellar/pebble-sdk/3.0-dp2/libexec/Pebble/basalt/lib/libpebble.a(tmprMxtH1pebble.o)
 .text.window_long_click_subscribe
                0x0000000000000000        0xc /usr/local/Cellar/pebble-sdk/3.0-dp2/libexec/Pebble/basalt/lib/libpebble.a(tmprMxtH1pebble.o)
 .text.window_multi_click_subscribe
                0x0000000000000000        0xc /usr/local/Cellar/pebble-sdk/3.0-dp2/libexec/Pebble/basalt/lib/libpebble.a(tmprMxtH1pebble.o)
 .text.window_raw_click_subscribe
                0x0000000000000000        0xc /usr/local/Cellar/pebble-sdk/3.0-dp2/libexec/Pebble/basalt/lib/libpebble.a(tmprMxtH1pebble.o)
 .text.window_set_click_context
                0x0000000000000000        0xc /usr/local/Cellar/pebble-sdk/3.0-dp2/libexec/Pebble/basalt/lib/libpebble.a(tmprMxtH1pebble.o)
 .text.window_single_click_subscribe
                0x0000000000000000        0xc /usr/local/Cellar/pebble-sdk/3.0-dp2/libexec/Pebble/basalt/lib/libpebble.a(tmprMxtH1pebble.o)
 .text.window_single_repeating_click_subscribe
                0x0000000000000000        0xc /usr/local/Cellar/pebble-sdk/3.0-dp2/libexec/Pebble/basalt/lib/libpebble.a(tmprMxtH1pebble.o)
 .text.graphics_draw_text
                0x0000000000000000        0xc /usr/local/Cellar/pebble-sdk/3.0-dp2/libexec/Pebble/basalt/lib/libpebble.a(tmprMxtH1pebble.o)
 .text.dict_serialize_tuplets_to_buffer
                0x0000000000000000        0xc /usr/local/Cellar/pebble-sdk/3.0-dp2/libexec/Pebble/basalt/lib/libpebble.a(tmprMxtH1pebble.o)
 .text.persist_read_data
                0x0000000000000000        0xc /usr/local/Cellar/pebble-sdk/3.0-dp2/libexec/Pebble/basalt/lib/libpebble.a(tmprMxtH1pebble.o)
 .text.persist_read_string
                0x0000000000000000        0xc /usr/local/Cellar/pebble-sdk/3.0-dp2/libexec/Pebble/basalt/lib/libpebble.a(tmprMxtH1pebble.o)
 .text.persist_write_data
                0x0000000000000000        0xc /usr/local/Cellar/pebble-sdk/3.0-dp2/libexec/Pebble/basalt/lib/libpebble.a(tmprMxtH1pebble.o)
 .text.dict_size
                0x0000000000000000        0xc /usr/local/Cellar/pebble-sdk/3.0-dp2/libexec/Pebble/basalt/lib/libpebble.a(tmprMxtH1pebble.o)
 .text.graphics_text_layout_get_content_size
                0x0000000000000000        0xc /usr/local/Cellar/pebble-sdk/3.0-dp2/libexec/Pebble/basalt/lib/libpebble.a(tmprMxtH1pebble.o)
 .text.simple_menu_layer_get_menu_layer
                0x0000000000000000        0xc /usr/local/Cellar/pebble-sdk/3.0-dp2/libexec/Pebble/basalt/lib/libpebble.a(tmprMxtH1pebble.o)
 .text.accel_data_service_subscribe
                0x0000000000000000        0xc /usr/local/Cellar/pebble-sdk/3.0-dp2/libexec/Pebble/basalt/lib/libpebble.a(tmprMxtH1pebble.o)
 .text.calloc   0x0000000000000000        0xc /usr/local/Cellar/pebble-sdk/3.0-dp2/libexec/Pebble/basalt/lib/libpebble.a(tmprMxtH1pebble.o)
 .text.bitmap_layer_get_bitmap
                0x0000000000000000        0xc /usr/local/Cellar/pebble-sdk/3.0-dp2/libexec/Pebble/basalt/lib/libpebble.a(tmprMxtH1pebble.o)
 .text.menu_layer_set_callbacks
                0x0000000000000000        0xc /usr/local/Cellar/pebble-sdk/3.0-dp2/libexec/Pebble/basalt/lib/libpebble.a(tmprMxtH1pebble.o)
 .text.window_get_click_config_context
                0x0000000000000000        0xc /usr/local/Cellar/pebble-sdk/3.0-dp2/libexec/Pebble/basalt/lib/libpebble.a(tmprMxtH1pebble.o)
 .text.number_window_get_window
                0x0000000000000000        0xc /usr/local/Cellar/pebble-sdk/3.0-dp2/libexec/Pebble/basalt/lib/libpebble.a(tmprMxtH1pebble.o)
 .text.realloc  0x0000000000000000        0xc /usr/local/Cellar/pebble-sdk/3.0-dp2/libexec/Pebble/basalt/lib/libpebble.a(tmprMxtH1pebble.o)
 .text.gbitmap_create_blank_2bit
                0x0000000000000000        0xc /usr/local/Cellar/pebble-sdk/3.0-dp2/libexec/Pebble/basalt/lib/libpebble.a(tmprMxtH1pebble.o)
 .text.click_recognizer_is_repeating
                0x0000000000000000        0xc /usr/local/Cellar/pebble-sdk/3.0-dp2/libexec/Pebble/basalt/lib/libpebble.a(tmprMxtH1pebble.o)
 .text.accel_raw_data_service_subscribe
                0x0000000000000000        0xc /usr/local/Cellar/pebble-sdk/3.0-dp2/libexec/Pebble/basalt/lib/libpebble.a(tmprMxtH1pebble.o)
 .text.app_worker_is_running
                0x0000000000000000        0xc /usr/local/Cellar/pebble-sdk/3.0-dp2/libexec/Pebble/basalt/lib/libpebble.a(tmprMxtH1pebble.o)
 .text.app_worker_kill
                0x0000000000000000        0xc /usr/local/Cellar/pebble-sdk/3.0-dp2/libexec/Pebble/basalt/lib/libpebble.a(tmprMxtH1pebble.o)
 .text.app_worker_launch
                0x0000000000000000        0xc /usr/local/Cellar/pebble-sdk/3.0-dp2/libexec/Pebble/basalt/lib/libpebble.a(tmprMxtH1pebble.o)
 .text.app_worker_message_subscribe
                0x0000000000000000        0xc /usr/local/Cellar/pebble-sdk/3.0-dp2/libexec/Pebble/basalt/lib/libpebble.a(tmprMxtH1pebble.o)
 .text.app_worker_message_unsubscribe
                0x0000000000000000        0xc /usr/local/Cellar/pebble-sdk/3.0-dp2/libexec/Pebble/basalt/lib/libpebble.a(tmprMxtH1pebble.o)
 .text.app_worker_send_message
                0x0000000000000000        0xc /usr/local/Cellar/pebble-sdk/3.0-dp2/libexec/Pebble/basalt/lib/libpebble.a(tmprMxtH1pebble.o)
 .text.worker_event_loop
                0x0000000000000000        0xc /usr/local/Cellar/pebble-sdk/3.0-dp2/libexec/Pebble/basalt/lib/libpebble.a(tmprMxtH1pebble.o)
 .text.worker_launch_app
                0x0000000000000000        0xc /usr/local/Cellar/pebble-sdk/3.0-dp2/libexec/Pebble/basalt/lib/libpebble.a(tmprMxtH1pebble.o)
 .text.heap_bytes_free
                0x0000000000000000        0xc /usr/local/Cellar/pebble-sdk/3.0-dp2/libexec/Pebble/basalt/lib/libpebble.a(tmprMxtH1pebble.o)
 .text.heap_bytes_used
                0x0000000000000000        0xc /usr/local/Cellar/pebble-sdk/3.0-dp2/libexec/Pebble/basalt/lib/libpebble.a(tmprMxtH1pebble.o)
 .text.compass_service_peek
                0x0000000000000000        0xc /usr/local/Cellar/pebble-sdk/3.0-dp2/libexec/Pebble/basalt/lib/libpebble.a(tmprMxtH1pebble.o)
 .text.compass_service_set_heading_filter
                0x0000000000000000        0xc /usr/local/Cellar/pebble-sdk/3.0-dp2/libexec/Pebble/basalt/lib/libpebble.a(tmprMxtH1pebble.o)
 .text.compass_service_subscribe
                0x0000000000000000        0xc /usr/local/Cellar/pebble-sdk/3.0-dp2/libexec/Pebble/basalt/lib/libpebble.a(tmprMxtH1pebble.o)
 .text.compass_service_unsubscribe
                0x0000000000000000        0xc /usr/local/Cellar/pebble-sdk/3.0-dp2/libexec/Pebble/basalt/lib/libpebble.a(tmprMxtH1pebble.o)
 .text.uuid_equal
                0x0000000000000000        0xc /usr/local/Cellar/pebble-sdk/3.0-dp2/libexec/Pebble/basalt/lib/libpebble.a(tmprMxtH1pebble.o)
 .text.uuid_to_string
                0x0000000000000000        0xc /usr/local/Cellar/pebble-sdk/3.0-dp2/libexec/Pebble/basalt/lib/libpebble.a(tmprMxtH1pebble.o)
 .text.gpath_draw_filled
                0x0000000000000000        0xc /usr/local/Cellar/pebble-sdk/3.0-dp2/libexec/Pebble/basalt/lib/libpebble.a(tmprMxtH1pebble.o)
 .text.animation_legacy2_set_custom_curve
                0x0000000000000000        0xc /usr/local/Cellar/pebble-sdk/3.0-dp2/libexec/Pebble/basalt/lib/libpebble.a(tmprMxtH1pebble.o)
 .text.watch_info_get_color
                0x0000000000000000        0xc /usr/local/Cellar/pebble-sdk/3.0-dp2/libexec/Pebble/basalt/lib/libpebble.a(tmprMxtH1pebble.o)
 .text.watch_info_get_firmware_version
                0x0000000000000000        0xc /usr/local/Cellar/pebble-sdk/3.0-dp2/libexec/Pebble/basalt/lib/libpebble.a(tmprMxtH1pebble.o)
 .text.watch_info_get_model
                0x0000000000000000        0xc /usr/local/Cellar/pebble-sdk/3.0-dp2/libexec/Pebble/basalt/lib/libpebble.a(tmprMxtH1pebble.o)
 .text.graphics_capture_frame_buffer_2bit
                0x0000000000000000        0xc /usr/local/Cellar/pebble-sdk/3.0-dp2/libexec/Pebble/basalt/lib/libpebble.a(tmprMxtH1pebble.o)
 .text.graphics_frame_buffer_is_captured
                0x0000000000000000        0xc /usr/local/Cellar/pebble-sdk/3.0-dp2/libexec/Pebble/basalt/lib/libpebble.a(tmprMxtH1pebble.o)
 .text.graphics_release_frame_buffer
                0x0000000000000000        0xc /usr/local/Cellar/pebble-sdk/3.0-dp2/libexec/Pebble/basalt/lib/libpebble.a(tmprMxtH1pebble.o)
 .text.clock_to_timestamp
                0x0000000000000000        0xc /usr/local/Cellar/pebble-sdk/3.0-dp2/libexec/Pebble/basalt/lib/libpebble.a(tmprMxtH1pebble.o)
 .text.launch_reason
                0x0000000000000000        0xc /usr/local/Cellar/pebble-sdk/3.0-dp2/libexec/Pebble/basalt/lib/libpebble.a(tmprMxtH1pebble.o)
 .text.wakeup_cancel
                0x0000000000000000        0xc /usr/local/Cellar/pebble-sdk/3.0-dp2/libexec/Pebble/basalt/lib/libpebble.a(tmprMxtH1pebble.o)
 .text.wakeup_cancel_all
                0x0000000000000000        0xc /usr/local/Cellar/pebble-sdk/3.0-dp2/libexec/Pebble/basalt/lib/libpebble.a(tmprMxtH1pebble.o)
 .text.wakeup_get_launch_event
                0x0000000000000000        0xc /usr/local/Cellar/pebble-sdk/3.0-dp2/libexec/Pebble/basalt/lib/libpebble.a(tmprMxtH1pebble.o)
 .text.wakeup_query
                0x0000000000000000        0xc /usr/local/Cellar/pebble-sdk/3.0-dp2/libexec/Pebble/basalt/lib/libpebble.a(tmprMxtH1pebble.o)
 .text.wakeup_schedule
                0x0000000000000000        0xc /usr/local/Cellar/pebble-sdk/3.0-dp2/libexec/Pebble/basalt/lib/libpebble.a(tmprMxtH1pebble.o)
 .text.wakeup_service_subscribe
                0x0000000000000000        0xc /usr/local/Cellar/pebble-sdk/3.0-dp2/libexec/Pebble/basalt/lib/libpebble.a(tmprMxtH1pebble.o)
 .text.clock_is_timezone_set
                0x0000000000000000        0xc /usr/local/Cellar/pebble-sdk/3.0-dp2/libexec/Pebble/basalt/lib/libpebble.a(tmprMxtH1pebble.o)
 .text.i18n_get_system_locale
                0x0000000000000000        0xc /usr/local/Cellar/pebble-sdk/3.0-dp2/libexec/Pebble/basalt/lib/libpebble.a(tmprMxtH1pebble.o)
 .text._localeconv_r
                0x0000000000000000        0xc /usr/local/Cellar/pebble-sdk/3.0-dp2/libexec/Pebble/basalt/lib/libpebble.a(tmprMxtH1pebble.o)
 .text.setlocale
                0x0000000000000000        0xc /usr/local/Cellar/pebble-sdk/3.0-dp2/libexec/Pebble/basalt/lib/libpebble.a(tmprMxtH1pebble.o)
 .text.mktime   0x0000000000000000        0xc /usr/local/Cellar/pebble-sdk/3.0-dp2/libexec/Pebble/basalt/lib/libpebble.a(tmprMxtH1pebble.o)
 .text.GColorEq
                0x0000000000000000        0xc /usr/local/Cellar/pebble-sdk/3.0-dp2/libexec/Pebble/basalt/lib/libpebble.a(tmprMxtH1pebble.o)
 .text.__profiler_init
                0x0000000000000000        0xc /usr/local/Cellar/pebble-sdk/3.0-dp2/libexec/Pebble/basalt/lib/libpebble.a(tmprMxtH1pebble.o)
 .text.__profiler_print_stats
                0x0000000000000000        0xc /usr/local/Cellar/pebble-sdk/3.0-dp2/libexec/Pebble/basalt/lib/libpebble.a(tmprMxtH1pebble.o)
 .text.__profiler_start
                0x0000000000000000        0xc /usr/local/Cellar/pebble-sdk/3.0-dp2/libexec/Pebble/basalt/lib/libpebble.a(tmprMxtH1pebble.o)
 .text.__profiler_stop
                0x0000000000000000        0xc /usr/local/Cellar/pebble-sdk/3.0-dp2/libexec/Pebble/basalt/lib/libpebble.a(tmprMxtH1pebble.o)
 .text.action_bar_layer_set_background_color
                0x0000000000000000        0xc /usr/local/Cellar/pebble-sdk/3.0-dp2/libexec/Pebble/basalt/lib/libpebble.a(tmprMxtH1pebble.o)
 .text.graphics_context_set_fill_color
                0x0000000000000000        0xc /usr/local/Cellar/pebble-sdk/3.0-dp2/libexec/Pebble/basalt/lib/libpebble.a(tmprMxtH1pebble.o)
 .text.graphics_context_set_stroke_color
                0x0000000000000000        0xc /usr/local/Cellar/pebble-sdk/3.0-dp2/libexec/Pebble/basalt/lib/libpebble.a(tmprMxtH1pebble.o)
 .text.graphics_context_set_text_color
                0x0000000000000000        0xc /usr/local/Cellar/pebble-sdk/3.0-dp2/libexec/Pebble/basalt/lib/libpebble.a(tmprMxtH1pebble.o)
 .text.rot_bitmap_layer_set_corner_clip_color
                0x0000000000000000        0xc /usr/local/Cellar/pebble-sdk/3.0-dp2/libexec/Pebble/basalt/lib/libpebble.a(tmprMxtH1pebble.o)
 .text.clock_get_timezone
                0x0000000000000000        0xc /usr/local/Cellar/pebble-sdk/3.0-dp2/libexec/Pebble/basalt/lib/libpebble.a(tmprMxtH1pebble.o)
 .text.gmtime   0x0000000000000000        0xc /usr/local/Cellar/pebble-sdk/3.0-dp2/libexec/Pebble/basalt/lib/libpebble.a(tmprMxtH1pebble.o)
 .text.animation_create
                0x0000000000000000        0xc /usr/local/Cellar/pebble-sdk/3.0-dp2/libexec/Pebble/basalt/lib/libpebble.a(tmprMxtH1pebble.o)
 .text.animation_destroy
                0x0000000000000000        0xc /usr/local/Cellar/pebble-sdk/3.0-dp2/libexec/Pebble/basalt/lib/libpebble.a(tmprMxtH1pebble.o)
 .text.animation_get_context
                0x0000000000000000        0xc /usr/local/Cellar/pebble-sdk/3.0-dp2/libexec/Pebble/basalt/lib/libpebble.a(tmprMxtH1pebble.o)
 .text.animation_is_scheduled
                0x0000000000000000        0xc /usr/local/Cellar/pebble-sdk/3.0-dp2/libexec/Pebble/basalt/lib/libpebble.a(tmprMxtH1pebble.o)
 .text.animation_schedule
                0x0000000000000000        0xc /usr/local/Cellar/pebble-sdk/3.0-dp2/libexec/Pebble/basalt/lib/libpebble.a(tmprMxtH1pebble.o)
 .text.animation_set_curve
                0x0000000000000000        0xc /usr/local/Cellar/pebble-sdk/3.0-dp2/libexec/Pebble/basalt/lib/libpebble.a(tmprMxtH1pebble.o)
 .text.animation_set_custom_curve
                0x0000000000000000        0xc /usr/local/Cellar/pebble-sdk/3.0-dp2/libexec/Pebble/basalt/lib/libpebble.a(tmprMxtH1pebble.o)
 .text.animation_set_delay
                0x0000000000000000        0xc /usr/local/Cellar/pebble-sdk/3.0-dp2/libexec/Pebble/basalt/lib/libpebble.a(tmprMxtH1pebble.o)
 .text.animation_set_duration
                0x0000000000000000        0xc /usr/local/Cellar/pebble-sdk/3.0-dp2/libexec/Pebble/basalt/lib/libpebble.a(tmprMxtH1pebble.o)
 .text.animation_set_handlers
                0x0000000000000000        0xc /usr/local/Cellar/pebble-sdk/3.0-dp2/libexec/Pebble/basalt/lib/libpebble.a(tmprMxtH1pebble.o)
 .text.animation_set_implementation
                0x0000000000000000        0xc /usr/local/Cellar/pebble-sdk/3.0-dp2/libexec/Pebble/basalt/lib/libpebble.a(tmprMxtH1pebble.o)
 .text.animation_unschedule
                0x0000000000000000        0xc /usr/local/Cellar/pebble-sdk/3.0-dp2/libexec/Pebble/basalt/lib/libpebble.a(tmprMxtH1pebble.o)
 .text.animation_unschedule_all
                0x0000000000000000        0xc /usr/local/Cellar/pebble-sdk/3.0-dp2/libexec/Pebble/basalt/lib/libpebble.a(tmprMxtH1pebble.o)
 .text.gbitmap_create_blank
                0x0000000000000000        0xc /usr/local/Cellar/pebble-sdk/3.0-dp2/libexec/Pebble/basalt/lib/libpebble.a(tmprMxtH1pebble.o)
 .text.graphics_capture_frame_buffer
                0x0000000000000000        0xc /usr/local/Cellar/pebble-sdk/3.0-dp2/libexec/Pebble/basalt/lib/libpebble.a(tmprMxtH1pebble.o)
 .text.graphics_capture_frame_buffer_format
                0x0000000000000000        0xc /usr/local/Cellar/pebble-sdk/3.0-dp2/libexec/Pebble/basalt/lib/libpebble.a(tmprMxtH1pebble.o)
 .text.property_animation_create
                0x0000000000000000        0xc /usr/local/Cellar/pebble-sdk/3.0-dp2/libexec/Pebble/basalt/lib/libpebble.a(tmprMxtH1pebble.o)
 .text.property_animation_create_layer_frame
                0x0000000000000000        0xc /usr/local/Cellar/pebble-sdk/3.0-dp2/libexec/Pebble/basalt/lib/libpebble.a(tmprMxtH1pebble.o)
 .text.property_animation_destroy
                0x0000000000000000        0xc /usr/local/Cellar/pebble-sdk/3.0-dp2/libexec/Pebble/basalt/lib/libpebble.a(tmprMxtH1pebble.o)
 .text.property_animation_from
                0x0000000000000000        0xc /usr/local/Cellar/pebble-sdk/3.0-dp2/libexec/Pebble/basalt/lib/libpebble.a(tmprMxtH1pebble.o)
 .text.property_animation_get_animation
                0x0000000000000000        0xc /usr/local/Cellar/pebble-sdk/3.0-dp2/libexec/Pebble/basalt/lib/libpebble.a(tmprMxtH1pebble.o)
 .text.property_animation_subject
                0x0000000000000000        0xc /usr/local/Cellar/pebble-sdk/3.0-dp2/libexec/Pebble/basalt/lib/libpebble.a(tmprMxtH1pebble.o)
 .text.property_animation_to
                0x0000000000000000        0xc /usr/local/Cellar/pebble-sdk/3.0-dp2/libexec/Pebble/basalt/lib/libpebble.a(tmprMxtH1pebble.o)
 .text.property_animation_update_gpoint
                0x0000000000000000        0xc /usr/local/Cellar/pebble-sdk/3.0-dp2/libexec/Pebble/basalt/lib/libpebble.a(tmprMxtH1pebble.o)
 .text.property_animation_update_grect
                0x0000000000000000        0xc /usr/local/Cellar/pebble-sdk/3.0-dp2/libexec/Pebble/basalt/lib/libpebble.a(tmprMxtH1pebble.o)
 .text.property_animation_update_int16
                0x0000000000000000        0xc /usr/local/Cellar/pebble-sdk/3.0-dp2/libexec/Pebble/basalt/lib/libpebble.a(tmprMxtH1pebble.o)
 .text.gbitmap_create_blank_with_palette
                0x0000000000000000        0xc /usr/local/Cellar/pebble-sdk/3.0-dp2/libexec/Pebble/basalt/lib/libpebble.a(tmprMxtH1pebble.o)
 .text.gbitmap_get_bounds
                0x0000000000000000        0xc /usr/local/Cellar/pebble-sdk/3.0-dp2/libexec/Pebble/basalt/lib/libpebble.a(tmprMxtH1pebble.o)
 .text.gbitmap_get_bytes_per_row
                0x0000000000000000        0xc /usr/local/Cellar/pebble-sdk/3.0-dp2/libexec/Pebble/basalt/lib/libpebble.a(tmprMxtH1pebble.o)
 .text.gbitmap_get_data
                0x0000000000000000        0xc /usr/local/Cellar/pebble-sdk/3.0-dp2/libexec/Pebble/basalt/lib/libpebble.a(tmprMxtH1pebble.o)
 .text.gbitmap_get_format
                0x0000000000000000        0xc /usr/local/Cellar/pebble-sdk/3.0-dp2/libexec/Pebble/basalt/lib/libpebble.a(tmprMxtH1pebble.o)
 .text.gbitmap_get_palette
                0x0000000000000000        0xc /usr/local/Cellar/pebble-sdk/3.0-dp2/libexec/Pebble/basalt/lib/libpebble.a(tmprMxtH1pebble.o)
 .text.gbitmap_set_bounds
                0x0000000000000000        0xc /usr/local/Cellar/pebble-sdk/3.0-dp2/libexec/Pebble/basalt/lib/libpebble.a(tmprMxtH1pebble.o)
 .text.gbitmap_set_data
                0x0000000000000000        0xc /usr/local/Cellar/pebble-sdk/3.0-dp2/libexec/Pebble/basalt/lib/libpebble.a(tmprMxtH1pebble.o)
 .text.gbitmap_set_palette
                0x0000000000000000        0xc /usr/local/Cellar/pebble-sdk/3.0-dp2/libexec/Pebble/basalt/lib/libpebble.a(tmprMxtH1pebble.o)
 .text.gbitmap_sequence_create_with_resource
                0x0000000000000000        0xc /usr/local/Cellar/pebble-sdk/3.0-dp2/libexec/Pebble/basalt/lib/libpebble.a(tmprMxtH1pebble.o)
 .text.gbitmap_sequence_destroy
                0x0000000000000000        0xc /usr/local/Cellar/pebble-sdk/3.0-dp2/libexec/Pebble/basalt/lib/libpebble.a(tmprMxtH1pebble.o)
 .text.gbitmap_sequence_get_bitmap_size
                0x0000000000000000        0xc /usr/local/Cellar/pebble-sdk/3.0-dp2/libexec/Pebble/basalt/lib/libpebble.a(tmprMxtH1pebble.o)
 .text.gbitmap_sequence_get_current_frame_idx
                0x0000000000000000        0xc /usr/local/Cellar/pebble-sdk/3.0-dp2/libexec/Pebble/basalt/lib/libpebble.a(tmprMxtH1pebble.o)
 .text.gbitmap_sequence_get_total_num_frames
                0x0000000000000000        0xc /usr/local/Cellar/pebble-sdk/3.0-dp2/libexec/Pebble/basalt/lib/libpebble.a(tmprMxtH1pebble.o)
 .text.gbitmap_sequence_update_bitmap_next_frame
                0x0000000000000000        0xc /usr/local/Cellar/pebble-sdk/3.0-dp2/libexec/Pebble/basalt/lib/libpebble.a(tmprMxtH1pebble.o)
 .text.gbitmap_create_from_png_data
                0x0000000000000000        0xc /usr/local/Cellar/pebble-sdk/3.0-dp2/libexec/Pebble/basalt/lib/libpebble.a(tmprMxtH1pebble.o)
 .text.animation_clone
                0x0000000000000000        0xc /usr/local/Cellar/pebble-sdk/3.0-dp2/libexec/Pebble/basalt/lib/libpebble.a(tmprMxtH1pebble.o)
 .text.animation_get_delay
                0x0000000000000000        0xc /usr/local/Cellar/pebble-sdk/3.0-dp2/libexec/Pebble/basalt/lib/libpebble.a(tmprMxtH1pebble.o)
 .text.animation_get_duration
                0x0000000000000000        0xc /usr/local/Cellar/pebble-sdk/3.0-dp2/libexec/Pebble/basalt/lib/libpebble.a(tmprMxtH1pebble.o)
 .text.animation_get_play_count
                0x0000000000000000        0xc /usr/local/Cellar/pebble-sdk/3.0-dp2/libexec/Pebble/basalt/lib/libpebble.a(tmprMxtH1pebble.o)
 .text.animation_get_position
                0x0000000000000000        0xc /usr/local/Cellar/pebble-sdk/3.0-dp2/libexec/Pebble/basalt/lib/libpebble.a(tmprMxtH1pebble.o)
 .text.animation_get_reverse
                0x0000000000000000        0xc /usr/local/Cellar/pebble-sdk/3.0-dp2/libexec/Pebble/basalt/lib/libpebble.a(tmprMxtH1pebble.o)
 .text.animation_sequence_create
                0x0000000000000000        0xc /usr/local/Cellar/pebble-sdk/3.0-dp2/libexec/Pebble/basalt/lib/libpebble.a(tmprMxtH1pebble.o)
 .text.animation_sequence_create_from_array
                0x0000000000000000        0xc /usr/local/Cellar/pebble-sdk/3.0-dp2/libexec/Pebble/basalt/lib/libpebble.a(tmprMxtH1pebble.o)
 .text.animation_set_play_count
                0x0000000000000000        0xc /usr/local/Cellar/pebble-sdk/3.0-dp2/libexec/Pebble/basalt/lib/libpebble.a(tmprMxtH1pebble.o)
 .text.animation_set_position
                0x0000000000000000        0xc /usr/local/Cellar/pebble-sdk/3.0-dp2/libexec/Pebble/basalt/lib/libpebble.a(tmprMxtH1pebble.o)
 .text.animation_set_reverse
                0x0000000000000000        0xc /usr/local/Cellar/pebble-sdk/3.0-dp2/libexec/Pebble/basalt/lib/libpebble.a(tmprMxtH1pebble.o)
 .text.animation_spawn_create
                0x0000000000000000        0xc /usr/local/Cellar/pebble-sdk/3.0-dp2/libexec/Pebble/basalt/lib/libpebble.a(tmprMxtH1pebble.o)
 .text.animation_spawn_create_from_array
                0x0000000000000000        0xc /usr/local/Cellar/pebble-sdk/3.0-dp2/libexec/Pebble/basalt/lib/libpebble.a(tmprMxtH1pebble.o)
 .text.animation_get_curve
                0x0000000000000000        0xc /usr/local/Cellar/pebble-sdk/3.0-dp2/libexec/Pebble/basalt/lib/libpebble.a(tmprMxtH1pebble.o)
 .text.animation_get_custom_curve
                0x0000000000000000        0xc /usr/local/Cellar/pebble-sdk/3.0-dp2/libexec/Pebble/basalt/lib/libpebble.a(tmprMxtH1pebble.o)
 .text.animation_get_implementation
                0x0000000000000000        0xc /usr/local/Cellar/pebble-sdk/3.0-dp2/libexec/Pebble/basalt/lib/libpebble.a(tmprMxtH1pebble.o)
 .text          0x0000000000000000        0x0 /usr/local/Cellar/pebble-sdk/3.0-dp2/libexec/arm-cs-tools/bin/../lib/gcc/arm-none-eabi/4.7.3/thumb2/crtend.o
 .bss           0x0000000000000000        0x0 /usr/local/Cellar/pebble-sdk/3.0-dp2/libexec/arm-cs-tools/bin/../lib/gcc/arm-none-eabi/4.7.3/thumb2/crtend.o
 .eh_frame      0x0000000000000000        0x4 /usr/local/Cellar/pebble-sdk/3.0-dp2/libexec/arm-cs-tools/bin/../lib/gcc/arm-none-eabi/4.7.3/thumb2/crtend.o
 .jcr           0x0000000000000000        0x4 /usr/local/Cellar/pebble-sdk/3.0-dp2/libexec/arm-cs-tools/bin/../lib/gcc/arm-none-eabi/4.7.3/thumb2/crtend.o
 .tm_clone_table
                0x0000000000000000        0x0 /usr/local/Cellar/pebble-sdk/3.0-dp2/libexec/arm-cs-tools/bin/../lib/gcc/arm-none-eabi/4.7.3/thumb2/crtend.o
 .text          0x0000000000000000        0x0 /usr/local/Cellar/pebble-sdk/3.0-dp2/libexec/arm-cs-tools/bin/../lib/gcc/arm-none-eabi/4.7.3/thumb2/crtn.o
 .bss           0x0000000000000000        0x0 /usr/local/Cellar/pebble-sdk/3.0-dp2/libexec/arm-cs-tools/bin/../lib/gcc/arm-none-eabi/4.7.3/thumb2/crtn.o
 .init          0x0000000000000000        0x8 /usr/local/Cellar/pebble-sdk/3.0-dp2/libexec/arm-cs-tools/bin/../lib/gcc/arm-none-eabi/4.7.3/thumb2/crtn.o
 .fini          0x0000000000000000        0x8 /usr/local/Cellar/pebble-sdk/3.0-dp2/libexec/arm-cs-tools/bin/../lib/gcc/arm-none-eabi/4.7.3/thumb2/crtn.o

Memory Configuration

Name             Origin             Length             Attributes
APP              0x0000000000000000 0x0000000000010000 xrw
*default*        0x0000000000000000 0xffffffffffffffff

Linker script and memory map

LOAD /usr/local/Cellar/pebble-sdk/3.0-dp2/libexec/arm-cs-tools/bin/../lib/gcc/arm-none-eabi/4.7.3/thumb2/crti.o
LOAD /usr/local/Cellar/pebble-sdk/3.0-dp2/libexec/arm-cs-tools/bin/../lib/gcc/arm-none-eabi/4.7.3/thumb2/crtbegin.o
LOAD src/main.c.103.o
LOAD basalt/appinfo.auto.c.103.o
LOAD /usr/local/Cellar/pebble-sdk/3.0-dp2/libexec/Pebble/basalt/lib/libpebble.a
START GROUP
LOAD /usr/local/Cellar/pebble-sdk/3.0-dp2/libexec/arm-cs-tools/bin/../lib/gcc/arm-none-eabi/4.7.3/thumb2/libgcc.a
LOAD /usr/local/Cellar/pebble-sdk/3.0-dp2/libexec/arm-cs-tools/bin/../lib/gcc/arm-none-eabi/4.7.3/../../../../arm-none-eabi/lib/thumb2/libc.a
END GROUP
LOAD /usr/local/Cellar/pebble-sdk/3.0-dp2/libexec/arm-cs-tools/bin/../lib/gcc/arm-none-eabi/4.7.3/thumb2/crtend.o
LOAD /usr/local/Cellar/pebble-sdk/3.0-dp2/libexec/arm-cs-tools/bin/../lib/gcc/arm-none-eabi/4.7.3/thumb2/crtn.o

.header         0x0000000000000000       0x82
 *(.pbl_header)
 .pbl_header    0x0000000000000000       0x82 basalt/appinfo.auto.c.103.o
                0x0000000000000000                __pbl_app_info

.note.gnu.build-id
                0x0000000000000082       0x26
                0x0000000000000082                PROVIDE (BUILD_ID, .)
 *(.note.gnu.build-id)
 *fill*         0x0000000000000082        0x2 
 .note.gnu.build-id
                0x0000000000000084       0x24 linker stubs

.text           0x00000000000000a8      0xadc
 *(.text)
 .text          0x00000000000000a8       0x14 /usr/local/Cellar/pebble-sdk/3.0-dp2/libexec/Pebble/basalt/lib/libpebble.a(tmprMxtH1pebble.o)
 *(.text.*)
 .text.outbox_sent_callback
                0x00000000000000bc       0x1c src/main.c.103.o
 .text.outbox_failed_callback
                0x00000000000000d8       0x1c src/main.c.103.o
 .text.inbox_dropped_callback
                0x00000000000000f4       0x1c src/main.c.103.o
 .text.inbox_received_callback
                0x0000000000000110      0x2c0 src/main.c.103.o
 .text.main_window_unload
                0x00000000000003d0       0x50 src/main.c.103.o
 .text.update_time
                0x0000000000000420      0x11c src/main.c.103.o
 .text.tick_handler
                0x000000000000053c       0x2c src/main.c.103.o
 .text.main_window_load
                0x0000000000000568      0x20c src/main.c.103.o
 .text.startup.main
                0x0000000000000774       0xbc src/main.c.103.o
                0x0000000000000774                main
 .text.app_event_loop
                0x0000000000000830        0xc /usr/local/Cellar/pebble-sdk/3.0-dp2/libexec/Pebble/basalt/lib/libpebble.a(tmprMxtH1pebble.o)
                0x0000000000000830                app_event_loop
 .text.app_log  0x000000000000083c        0xc /usr/local/Cellar/pebble-sdk/3.0-dp2/libexec/Pebble/basalt/lib/libpebble.a(tmprMxtH1pebble.o)
                0x000000000000083c                app_log
 .text.app_message_open
                0x0000000000000848        0xc /usr/local/Cellar/pebble-sdk/3.0-dp2/libexec/Pebble/basalt/lib/libpebble.a(tmprMxtH1pebble.o)
                0x0000000000000848                app_message_open
 .text.bitmap_layer_create
                0x0000000000000854        0xc /usr/local/Cellar/pebble-sdk/3.0-dp2/libexec/Pebble/basalt/lib/libpebble.a(tmprMxtH1pebble.o)
                0x0000000000000854                bitmap_layer_create
 .text.bitmap_layer_destroy
                0x0000000000000860        0xc /usr/local/Cellar/pebble-sdk/3.0-dp2/libexec/Pebble/basalt/lib/libpebble.a(tmprMxtH1pebble.o)
                0x0000000000000860                bitmap_layer_destroy
 .text.bitmap_layer_get_layer
                0x000000000000086c        0xc /usr/local/Cellar/pebble-sdk/3.0-dp2/libexec/Pebble/basalt/lib/libpebble.a(tmprMxtH1pebble.o)
                0x000000000000086c                bitmap_layer_get_layer
 .text.bitmap_layer_set_alignment
                0x0000000000000878        0xc /usr/local/Cellar/pebble-sdk/3.0-dp2/libexec/Pebble/basalt/lib/libpebble.a(tmprMxtH1pebble.o)
                0x0000000000000878                bitmap_layer_set_alignment
 .text.bitmap_layer_set_bitmap
                0x0000000000000884        0xc /usr/local/Cellar/pebble-sdk/3.0-dp2/libexec/Pebble/basalt/lib/libpebble.a(tmprMxtH1pebble.o)
                0x0000000000000884                bitmap_layer_set_bitmap
 .text.bitmap_layer_set_compositing_mode
                0x0000000000000890        0xc /usr/local/Cellar/pebble-sdk/3.0-dp2/libexec/Pebble/basalt/lib/libpebble.a(tmprMxtH1pebble.o)
                0x0000000000000890                bitmap_layer_set_compositing_mode
 .text.clock_is_24h_style
                0x000000000000089c        0xc /usr/local/Cellar/pebble-sdk/3.0-dp2/libexec/Pebble/basalt/lib/libpebble.a(tmprMxtH1pebble.o)
                0x000000000000089c                clock_is_24h_style
 .text.dict_read_first
                0x00000000000008a8        0xc /usr/local/Cellar/pebble-sdk/3.0-dp2/libexec/Pebble/basalt/lib/libpebble.a(tmprMxtH1pebble.o)
                0x00000000000008a8                dict_read_first
 .text.dict_read_next
                0x00000000000008b4        0xc /usr/local/Cellar/pebble-sdk/3.0-dp2/libexec/Pebble/basalt/lib/libpebble.a(tmprMxtH1pebble.o)
                0x00000000000008b4                dict_read_next
 .text.dict_write_uint8
                0x00000000000008c0        0xc /usr/local/Cellar/pebble-sdk/3.0-dp2/libexec/Pebble/basalt/lib/libpebble.a(tmprMxtH1pebble.o)
                0x00000000000008c0                dict_write_uint8
 .text.fonts_get_system_font
                0x00000000000008cc        0xc /usr/local/Cellar/pebble-sdk/3.0-dp2/libexec/Pebble/basalt/lib/libpebble.a(tmprMxtH1pebble.o)
                0x00000000000008cc                fonts_get_system_font
 .text.gbitmap_create_with_resource
                0x00000000000008d8        0xc /usr/local/Cellar/pebble-sdk/3.0-dp2/libexec/Pebble/basalt/lib/libpebble.a(tmprMxtH1pebble.o)
                0x00000000000008d8                gbitmap_create_with_resource
 .text.gbitmap_destroy
                0x00000000000008e4        0xc /usr/local/Cellar/pebble-sdk/3.0-dp2/libexec/Pebble/basalt/lib/libpebble.a(tmprMxtH1pebble.o)
                0x00000000000008e4                gbitmap_destroy
 .text.layer_add_child
                0x00000000000008f0        0xc /usr/local/Cellar/pebble-sdk/3.0-dp2/libexec/Pebble/basalt/lib/libpebble.a(tmprMxtH1pebble.o)
                0x00000000000008f0                layer_add_child
 .text.localtime
                0x00000000000008fc        0xc /usr/local/Cellar/pebble-sdk/3.0-dp2/libexec/Pebble/basalt/lib/libpebble.a(tmprMxtH1pebble.o)
                0x00000000000008fc                localtime
 .text.memset   0x0000000000000908        0xc /usr/local/Cellar/pebble-sdk/3.0-dp2/libexec/Pebble/basalt/lib/libpebble.a(tmprMxtH1pebble.o)
                0x0000000000000908                memset
 .text.strftime
                0x0000000000000914        0xc /usr/local/Cellar/pebble-sdk/3.0-dp2/libexec/Pebble/basalt/lib/libpebble.a(tmprMxtH1pebble.o)
                0x0000000000000914                strftime
 .text.text_layer_create
                0x0000000000000920        0xc /usr/local/Cellar/pebble-sdk/3.0-dp2/libexec/Pebble/basalt/lib/libpebble.a(tmprMxtH1pebble.o)
                0x0000000000000920                text_layer_create
 .text.text_layer_destroy
                0x000000000000092c        0xc /usr/local/Cellar/pebble-sdk/3.0-dp2/libexec/Pebble/basalt/lib/libpebble.a(tmprMxtH1pebble.o)
                0x000000000000092c                text_layer_destroy
 .text.text_layer_get_layer
                0x0000000000000938        0xc /usr/local/Cellar/pebble-sdk/3.0-dp2/libexec/Pebble/basalt/lib/libpebble.a(tmprMxtH1pebble.o)
                0x0000000000000938                text_layer_get_layer
 .text.text_layer_set_font
                0x0000000000000944        0xc /usr/local/Cellar/pebble-sdk/3.0-dp2/libexec/Pebble/basalt/lib/libpebble.a(tmprMxtH1pebble.o)
                0x0000000000000944                text_layer_set_font
 .text.text_layer_set_text
                0x0000000000000950        0xc /usr/local/Cellar/pebble-sdk/3.0-dp2/libexec/Pebble/basalt/lib/libpebble.a(tmprMxtH1pebble.o)
                0x0000000000000950                text_layer_set_text
 .text.text_layer_set_text_alignment
                0x000000000000095c        0xc /usr/local/Cellar/pebble-sdk/3.0-dp2/libexec/Pebble/basalt/lib/libpebble.a(tmprMxtH1pebble.o)
                0x000000000000095c                text_layer_set_text_alignment
 .text.tick_timer_service_subscribe
                0x0000000000000968        0xc /usr/local/Cellar/pebble-sdk/3.0-dp2/libexec/Pebble/basalt/lib/libpebble.a(tmprMxtH1pebble.o)
                0x0000000000000968                tick_timer_service_subscribe
 .text.time     0x0000000000000974        0xc /usr/local/Cellar/pebble-sdk/3.0-dp2/libexec/Pebble/basalt/lib/libpebble.a(tmprMxtH1pebble.o)
                0x0000000000000974                time
 .text.window_create
                0x0000000000000980        0xc /usr/local/Cellar/pebble-sdk/3.0-dp2/libexec/Pebble/basalt/lib/libpebble.a(tmprMxtH1pebble.o)
                0x0000000000000980                window_create
 .text.window_destroy
                0x000000000000098c        0xc /usr/local/Cellar/pebble-sdk/3.0-dp2/libexec/Pebble/basalt/lib/libpebble.a(tmprMxtH1pebble.o)
                0x000000000000098c                window_destroy
 .text.window_get_root_layer
                0x0000000000000998        0xc /usr/local/Cellar/pebble-sdk/3.0-dp2/libexec/Pebble/basalt/lib/libpebble.a(tmprMxtH1pebble.o)
                0x0000000000000998                window_get_root_layer
 .text.window_set_fullscreen
                0x00000000000009a4        0xc /usr/local/Cellar/pebble-sdk/3.0-dp2/libexec/Pebble/basalt/lib/libpebble.a(tmprMxtH1pebble.o)
                0x00000000000009a4                window_set_fullscreen
 .text.window_set_window_handlers
                0x00000000000009b0        0xc /usr/local/Cellar/pebble-sdk/3.0-dp2/libexec/Pebble/basalt/lib/libpebble.a(tmprMxtH1pebble.o)
                0x00000000000009b0                window_set_window_handlers
 .text.window_stack_push
                0x00000000000009bc        0xc /usr/local/Cellar/pebble-sdk/3.0-dp2/libexec/Pebble/basalt/lib/libpebble.a(tmprMxtH1pebble.o)
                0x00000000000009bc                window_stack_push
 .text.app_message_inbox_size_maximum
                0x00000000000009c8        0xc /usr/local/Cellar/pebble-sdk/3.0-dp2/libexec/Pebble/basalt/lib/libpebble.a(tmprMxtH1pebble.o)
                0x00000000000009c8                app_message_inbox_size_maximum
 .text.app_message_outbox_begin
                0x00000000000009d4        0xc /usr/local/Cellar/pebble-sdk/3.0-dp2/libexec/Pebble/basalt/lib/libpebble.a(tmprMxtH1pebble.o)
                0x00000000000009d4                app_message_outbox_begin
 .text.app_message_outbox_send
                0x00000000000009e0        0xc /usr/local/Cellar/pebble-sdk/3.0-dp2/libexec/Pebble/basalt/lib/libpebble.a(tmprMxtH1pebble.o)
                0x00000000000009e0                app_message_outbox_send
 .text.app_message_outbox_size_maximum
                0x00000000000009ec        0xc /usr/local/Cellar/pebble-sdk/3.0-dp2/libexec/Pebble/basalt/lib/libpebble.a(tmprMxtH1pebble.o)
                0x00000000000009ec                app_message_outbox_size_maximum
 .text.app_message_register_inbox_dropped
                0x00000000000009f8        0xc /usr/local/Cellar/pebble-sdk/3.0-dp2/libexec/Pebble/basalt/lib/libpebble.a(tmprMxtH1pebble.o)
                0x00000000000009f8                app_message_register_inbox_dropped
 .text.app_message_register_inbox_received
                0x0000000000000a04        0xc /usr/local/Cellar/pebble-sdk/3.0-dp2/libexec/Pebble/basalt/lib/libpebble.a(tmprMxtH1pebble.o)
                0x0000000000000a04                app_message_register_inbox_received
 .text.app_message_register_outbox_failed
                0x0000000000000a10        0xc /usr/local/Cellar/pebble-sdk/3.0-dp2/libexec/Pebble/basalt/lib/libpebble.a(tmprMxtH1pebble.o)
                0x0000000000000a10                app_message_register_outbox_failed
 .text.app_message_register_outbox_sent
                0x0000000000000a1c        0xc /usr/local/Cellar/pebble-sdk/3.0-dp2/libexec/Pebble/basalt/lib/libpebble.a(tmprMxtH1pebble.o)
                0x0000000000000a1c                app_message_register_outbox_sent
 .text.bitmap_layer_set_background_color
                0x0000000000000a28        0xc /usr/local/Cellar/pebble-sdk/3.0-dp2/libexec/Pebble/basalt/lib/libpebble.a(tmprMxtH1pebble.o)
                0x0000000000000a28                bitmap_layer_set_background_color
 .text.text_layer_set_background_color
                0x0000000000000a34        0xc /usr/local/Cellar/pebble-sdk/3.0-dp2/libexec/Pebble/basalt/lib/libpebble.a(tmprMxtH1pebble.o)
                0x0000000000000a34                text_layer_set_background_color
 .text.text_layer_set_text_color
                0x0000000000000a40        0xc /usr/local/Cellar/pebble-sdk/3.0-dp2/libexec/Pebble/basalt/lib/libpebble.a(tmprMxtH1pebble.o)
                0x0000000000000a40                text_layer_set_text_color
 .text.window_set_background_color
                0x0000000000000a4c        0xc /usr/local/Cellar/pebble-sdk/3.0-dp2/libexec/Pebble/basalt/lib/libpebble.a(tmprMxtH1pebble.o)
                0x0000000000000a4c                window_set_background_color
 *(.rodata)
 .rodata        0x0000000000000a58       0x20 src/main.c.103.o
 *(.rodata*)
 .rodata.str1.1
                0x0000000000000a78       0x99 src/main.c.103.o
 *fill*         0x0000000000000b11        0x3 
 .rodata.rightNumbers
                0x0000000000000b14       0x28 src/main.c.103.o
                0x0000000000000b14                rightNumbers
 .rodata.leftNumbers
                0x0000000000000b3c       0x28 src/main.c.103.o
                0x0000000000000b3c                leftNumbers
 .rodata.position
                0x0000000000000b64       0x20 src/main.c.103.o
                0x0000000000000b64                position

.glue_7         0x0000000000000b84        0x0
 .glue_7        0x0000000000000000        0x0 linker stubs

.glue_7t        0x0000000000000b84        0x0
 .glue_7t       0x0000000000000000        0x0 linker stubs

.vfp11_veneer   0x0000000000000b84        0x0
 .vfp11_veneer  0x0000000000000000        0x0 linker stubs

.v4_bx          0x0000000000000b84        0x0
 .v4_bx         0x0000000000000000        0x0 linker stubs

.iplt           0x0000000000000b84        0x0
 .iplt          0x0000000000000000        0x0 /usr/local/Cellar/pebble-sdk/3.0-dp2/libexec/arm-cs-tools/bin/../lib/gcc/arm-none-eabi/4.7.3/thumb2/crtbegin.o

.rel.dyn        0x0000000000000b84        0x0
 .rel.iplt      0x0000000000000000        0x0 /usr/local/Cellar/pebble-sdk/3.0-dp2/libexec/arm-cs-tools/bin/../lib/gcc/arm-none-eabi/4.7.3/thumb2/crtbegin.o
 .rel.got       0x0000000000000000        0x0 /usr/local/Cellar/pebble-sdk/3.0-dp2/libexec/arm-cs-tools/bin/../lib/gcc/arm-none-eabi/4.7.3/thumb2/crtbegin.o

.data           0x0000000000000b84        0xa
 *(.data)
 .data          0x0000000000000b84        0x0 /usr/local/Cellar/pebble-sdk/3.0-dp2/libexec/arm-cs-tools/bin/../lib/gcc/arm-none-eabi/4.7.3/thumb2/crti.o
 .data          0x0000000000000b84        0x4 /usr/local/Cellar/pebble-sdk/3.0-dp2/libexec/arm-cs-tools/bin/../lib/gcc/arm-none-eabi/4.7.3/thumb2/crtbegin.o
                0x0000000000000b84                __dso_handle
 .data          0x0000000000000b88        0x0 src/main.c.103.o
 .data          0x0000000000000b88        0x0 basalt/appinfo.auto.c.103.o
 .data          0x0000000000000b88        0x0 /usr/local/Cellar/pebble-sdk/3.0-dp2/libexec/Pebble/basalt/lib/libpebble.a(tmprMxtH1pebble.o)
 .data          0x0000000000000b88        0x0 /usr/local/Cellar/pebble-sdk/3.0-dp2/libexec/arm-cs-tools/bin/../lib/gcc/arm-none-eabi/4.7.3/thumb2/crtend.o
 .data          0x0000000000000b88        0x0 /usr/local/Cellar/pebble-sdk/3.0-dp2/libexec/arm-cs-tools/bin/../lib/gcc/arm-none-eabi/4.7.3/thumb2/crtn.o
 *(.data.*)
 .data.buffer.6790
                0x0000000000000b88        0x6 src/main.c.103.o

.igot.plt       0x0000000000000b90        0x0
 .igot.plt      0x0000000000000000        0x0 /usr/local/Cellar/pebble-sdk/3.0-dp2/libexec/arm-cs-tools/bin/../lib/gcc/arm-none-eabi/4.7.3/thumb2/crtbegin.o

.got            0x0000000000000b90        0x8
 .got           0x0000000000000b90        0x8 /usr/local/Cellar/pebble-sdk/3.0-dp2/libexec/arm-cs-tools/bin/../lib/gcc/arm-none-eabi/4.7.3/thumb2/crtbegin.o

.got.plt        0x0000000000000b98        0xc
 .got.plt       0x0000000000000b98        0xc /usr/local/Cellar/pebble-sdk/3.0-dp2/libexec/arm-cs-tools/bin/../lib/gcc/arm-none-eabi/4.7.3/thumb2/crtbegin.o
                0x0000000000000b98                _GLOBAL_OFFSET_TABLE_

.bss            0x0000000000000ba4       0x48
 *(.bss)
 *(.bss.*)
 .bss.s_background_layer
                0x0000000000000ba4        0x4 src/main.c.103.o
 .bss.weather_layer_white
                0x0000000000000ba8        0x4 src/main.c.103.o
 .bss.battery_bitmap
                0x0000000000000bac        0x4 src/main.c.103.o
 .bss.s_background_bitmap
                0x0000000000000bb0        0x4 src/main.c.103.o
 .bss.battery_percentage
                0x0000000000000bb4        0x4 src/main.c.103.o
 .bss.weather_img_black
                0x0000000000000bb8        0x4 src/main.c.103.o
 .bss.battery_layer
                0x0000000000000bbc        0x4 src/main.c.103.o
 .bss.weather_layer_black
                0x0000000000000bc0        0x4 src/main.c.103.o
 .bss.weather_img_white
                0x0000000000000bc4        0x4 src/main.c.103.o
 .bss.s_main_window
                0x0000000000000bc8        0x4 src/main.c.103.o
 COMMON         0x0000000000000bcc       0x20 src/main.c.103.o
                0x0000000000000bcc                gbitmap_number
                0x0000000000000bdc                bitmap_layer

DISCARD
 libc.a(*)
 libm.a(*)
 libgcc.a(*)
 *(.eh_frame)
OUTPUT(/Users/shepard/Documents/Developer/Pebble/isometric/build/basalt/pebble-app.elf elf32-littlearm)

.ARM.attributes
                0x0000000000000000       0x27
 .ARM.attributes
                0x0000000000000000       0x19 /usr/local/Cellar/pebble-sdk/3.0-dp2/libexec/arm-cs-tools/bin/../lib/gcc/arm-none-eabi/4.7.3/thumb2/crti.o
 .ARM.attributes
                0x0000000000000019       0x29 /usr/local/Cellar/pebble-sdk/3.0-dp2/libexec/arm-cs-tools/bin/../lib/gcc/arm-none-eabi/4.7.3/thumb2/crtbegin.o
 .ARM.attributes
                0x0000000000000042       0x33 src/main.c.103.o
 .ARM.attributes
                0x0000000000000075       0x33 basalt/appinfo.auto.c.103.o
 .ARM.attributes
                0x00000000000000a8       0x21 /usr/local/Cellar/pebble-sdk/3.0-dp2/libexec/Pebble/basalt/lib/libpebble.a(tmprMxtH1pebble.o)
 .ARM.attributes
                0x00000000000000c9       0x29 /usr/local/Cellar/pebble-sdk/3.0-dp2/libexec/arm-cs-tools/bin/../lib/gcc/arm-none-eabi/4.7.3/thumb2/crtend.o
 .ARM.attributes
                0x00000000000000f2       0x19 /usr/local/Cellar/pebble-sdk/3.0-dp2/libexec/arm-cs-tools/bin/../lib/gcc/arm-none-eabi/4.7.3/thumb2/crtn.o

.comment        0x0000000000000000       0x3f
 .comment       0x0000000000000000       0x3f /usr/local/Cellar/pebble-sdk/3.0-dp2/libexec/arm-cs-tools/bin/../lib/gcc/arm-none-eabi/4.7.3/thumb2/crtbegin.o
                                         0x40 (size before relaxing)
 .comment       0x0000000000000000       0x40 src/main.c.103.o
 .comment       0x0000000000000000       0x40 basalt/appinfo.auto.c.103.o
 .comment       0x0000000000000000       0x40 /usr/local/Cellar/pebble-sdk/3.0-dp2/libexec/arm-cs-tools/bin/../lib/gcc/arm-none-eabi/4.7.3/thumb2/crtend.o

.debug_info     0x0000000000000000     0x1d9f
 .debug_info    0x0000000000000000     0x196e src/main.c.103.o
 .debug_info    0x000000000000196e      0x431 basalt/appinfo.auto.c.103.o

.debug_abbrev   0x0000000000000000      0x44e
 .debug_abbrev  0x0000000000000000      0x3b0 src/main.c.103.o
 .debug_abbrev  0x00000000000003b0       0x9e basalt/appinfo.auto.c.103.o

.debug_loc      0x0000000000000000      0x3a5
 .debug_loc     0x0000000000000000      0x3a5 src/main.c.103.o

.debug_aranges  0x0000000000000000       0x78
 .debug_aranges
                0x0000000000000000       0x60 src/main.c.103.o
 .debug_aranges
                0x0000000000000060       0x18 basalt/appinfo.auto.c.103.o

.debug_ranges   0x0000000000000000       0xf8
 .debug_ranges  0x0000000000000000       0xf8 src/main.c.103.o

.debug_line     0x0000000000000000      0x561
 .debug_line    0x0000000000000000      0x422 src/main.c.103.o
 .debug_line    0x0000000000000422      0x13f basalt/appinfo.auto.c.103.o

.debug_str      0x0000000000000000     0x13a8
 .debug_str     0x0000000000000000     0x118f src/main.c.103.o
                                       0x1231 (size before relaxing)
 .debug_str     0x000000000000118f      0x219 basalt/appinfo.auto.c.103.o
                                        0x810 (size before relaxing)

.debug_frame    0x0000000000000000      0x10c
 .debug_frame   0x0000000000000000      0x10c src/main.c.103.o
