Archive member included because of file (symbol)

/usr/local/Cellar/pebble-sdk/3.0-dp2/libexec/Pebble/aplite/lib/libpebble.a(tmp7oClQHpebble.o)
                              src/main.c.100.o (app_event_loop)

Allocating common symbols
Common symbol       size              file

gbitmap_number      0x10              src/main.c.100.o
set_disp_weather    0x4               src/main.c.100.o
set_disp_battery    0x4               src/main.c.100.o
bitmap_layer        0x10              src/main.c.100.o
set_disp_date       0x4               src/main.c.100.o

Discarded input sections

 .text          0x0000000000000000        0x0 /usr/local/Cellar/pebble-sdk/3.0-dp2/libexec/arm-cs-tools/bin/../lib/gcc/arm-none-eabi/4.7.3/thumb2/crti.o
 .bss           0x0000000000000000        0x0 /usr/local/Cellar/pebble-sdk/3.0-dp2/libexec/arm-cs-tools/bin/../lib/gcc/arm-none-eabi/4.7.3/thumb2/crti.o
 .init          0x0000000000000000        0x4 /usr/local/Cellar/pebble-sdk/3.0-dp2/libexec/arm-cs-tools/bin/../lib/gcc/arm-none-eabi/4.7.3/thumb2/crti.o
 .fini          0x0000000000000000        0x4 /usr/local/Cellar/pebble-sdk/3.0-dp2/libexec/arm-cs-tools/bin/../lib/gcc/arm-none-eabi/4.7.3/thumb2/crti.o
 .text          0x0000000000000000       0xc8 /usr/local/Cellar/pebble-sdk/3.0-dp2/libexec/arm-cs-tools/bin/../lib/gcc/arm-none-eabi/4.7.3/thumb2/crtbegin.o
 .bss           0x0000000000000000       0x1c /usr/local/Cellar/pebble-sdk/3.0-dp2/libexec/arm-cs-tools/bin/../lib/gcc/arm-none-eabi/4.7.3/thumb2/crtbegin.o
 .init_array    0x0000000000000000        0x4 /usr/local/Cellar/pebble-sdk/3.0-dp2/libexec/arm-cs-tools/bin/../lib/gcc/arm-none-eabi/4.7.3/thumb2/crtbegin.o
 .fini_array    0x0000000000000000        0x4 /usr/local/Cellar/pebble-sdk/3.0-dp2/libexec/arm-cs-tools/bin/../lib/gcc/arm-none-eabi/4.7.3/thumb2/crtbegin.o
 .eh_frame      0x0000000000000000        0x0 /usr/local/Cellar/pebble-sdk/3.0-dp2/libexec/arm-cs-tools/bin/../lib/gcc/arm-none-eabi/4.7.3/thumb2/crtbegin.o
 .jcr           0x0000000000000000        0x0 /usr/local/Cellar/pebble-sdk/3.0-dp2/libexec/arm-cs-tools/bin/../lib/gcc/arm-none-eabi/4.7.3/thumb2/crtbegin.o
 .tm_clone_table
                0x0000000000000000        0x0 /usr/local/Cellar/pebble-sdk/3.0-dp2/libexec/arm-cs-tools/bin/../lib/gcc/arm-none-eabi/4.7.3/thumb2/crtbegin.o
 .text          0x0000000000000000        0x0 src/main.c.100.o
 .bss           0x0000000000000000        0x0 src/main.c.100.o
 .text          0x0000000000000000        0x0 aplite/appinfo.auto.c.100.o
 .bss           0x0000000000000000        0x0 aplite/appinfo.auto.c.100.o
 .bss           0x0000000000000000        0x0 /usr/local/Cellar/pebble-sdk/3.0-dp2/libexec/Pebble/aplite/lib/libpebble.a(tmp7oClQHpebble.o)
 .text.accel_data_service_subscribe__deprecated
                0x0000000000000000        0xc /usr/local/Cellar/pebble-sdk/3.0-dp2/libexec/Pebble/aplite/lib/libpebble.a(tmp7oClQHpebble.o)
 .text.accel_data_service_unsubscribe
                0x0000000000000000        0xc /usr/local/Cellar/pebble-sdk/3.0-dp2/libexec/Pebble/aplite/lib/libpebble.a(tmp7oClQHpebble.o)
 .text.accel_service_peek
                0x0000000000000000        0xc /usr/local/Cellar/pebble-sdk/3.0-dp2/libexec/Pebble/aplite/lib/libpebble.a(tmp7oClQHpebble.o)
 .text.accel_service_set_samples_per_update
                0x0000000000000000        0xc /usr/local/Cellar/pebble-sdk/3.0-dp2/libexec/Pebble/aplite/lib/libpebble.a(tmp7oClQHpebble.o)
 .text.accel_service_set_sampling_rate
                0x0000000000000000        0xc /usr/local/Cellar/pebble-sdk/3.0-dp2/libexec/Pebble/aplite/lib/libpebble.a(tmp7oClQHpebble.o)
 .text.accel_tap_service_subscribe
                0x0000000000000000        0xc /usr/local/Cellar/pebble-sdk/3.0-dp2/libexec/Pebble/aplite/lib/libpebble.a(tmp7oClQHpebble.o)
 .text.accel_tap_service_unsubscribe
                0x0000000000000000        0xc /usr/local/Cellar/pebble-sdk/3.0-dp2/libexec/Pebble/aplite/lib/libpebble.a(tmp7oClQHpebble.o)
 .text.action_bar_layer_add_to_window
                0x0000000000000000        0xc /usr/local/Cellar/pebble-sdk/3.0-dp2/libexec/Pebble/aplite/lib/libpebble.a(tmp7oClQHpebble.o)
 .text.action_bar_layer_clear_icon
                0x0000000000000000        0xc /usr/local/Cellar/pebble-sdk/3.0-dp2/libexec/Pebble/aplite/lib/libpebble.a(tmp7oClQHpebble.o)
 .text.action_bar_layer_create
                0x0000000000000000        0xc /usr/local/Cellar/pebble-sdk/3.0-dp2/libexec/Pebble/aplite/lib/libpebble.a(tmp7oClQHpebble.o)
 .text.action_bar_layer_destroy
                0x0000000000000000        0xc /usr/local/Cellar/pebble-sdk/3.0-dp2/libexec/Pebble/aplite/lib/libpebble.a(tmp7oClQHpebble.o)
 .text.action_bar_layer_get_layer
                0x0000000000000000        0xc /usr/local/Cellar/pebble-sdk/3.0-dp2/libexec/Pebble/aplite/lib/libpebble.a(tmp7oClQHpebble.o)
 .text.action_bar_layer_remove_from_window
                0x0000000000000000        0xc /usr/local/Cellar/pebble-sdk/3.0-dp2/libexec/Pebble/aplite/lib/libpebble.a(tmp7oClQHpebble.o)
 .text.action_bar_layer_set_background_color
                0x0000000000000000        0xc /usr/local/Cellar/pebble-sdk/3.0-dp2/libexec/Pebble/aplite/lib/libpebble.a(tmp7oClQHpebble.o)
 .text.action_bar_layer_set_click_config_provider
                0x0000000000000000        0xc /usr/local/Cellar/pebble-sdk/3.0-dp2/libexec/Pebble/aplite/lib/libpebble.a(tmp7oClQHpebble.o)
 .text.action_bar_layer_set_context
                0x0000000000000000        0xc /usr/local/Cellar/pebble-sdk/3.0-dp2/libexec/Pebble/aplite/lib/libpebble.a(tmp7oClQHpebble.o)
 .text.action_bar_layer_set_icon
                0x0000000000000000        0xc /usr/local/Cellar/pebble-sdk/3.0-dp2/libexec/Pebble/aplite/lib/libpebble.a(tmp7oClQHpebble.o)
 .text.animation_create
                0x0000000000000000        0xc /usr/local/Cellar/pebble-sdk/3.0-dp2/libexec/Pebble/aplite/lib/libpebble.a(tmp7oClQHpebble.o)
 .text.animation_destroy
                0x0000000000000000        0xc /usr/local/Cellar/pebble-sdk/3.0-dp2/libexec/Pebble/aplite/lib/libpebble.a(tmp7oClQHpebble.o)
 .text.animation_get_context
                0x0000000000000000        0xc /usr/local/Cellar/pebble-sdk/3.0-dp2/libexec/Pebble/aplite/lib/libpebble.a(tmp7oClQHpebble.o)
 .text.animation_is_scheduled
                0x0000000000000000        0xc /usr/local/Cellar/pebble-sdk/3.0-dp2/libexec/Pebble/aplite/lib/libpebble.a(tmp7oClQHpebble.o)
 .text.animation_schedule
                0x0000000000000000        0xc /usr/local/Cellar/pebble-sdk/3.0-dp2/libexec/Pebble/aplite/lib/libpebble.a(tmp7oClQHpebble.o)
 .text.animation_set_curve
                0x0000000000000000        0xc /usr/local/Cellar/pebble-sdk/3.0-dp2/libexec/Pebble/aplite/lib/libpebble.a(tmp7oClQHpebble.o)
 .text.animation_set_delay
                0x0000000000000000        0xc /usr/local/Cellar/pebble-sdk/3.0-dp2/libexec/Pebble/aplite/lib/libpebble.a(tmp7oClQHpebble.o)
 .text.animation_set_duration
                0x0000000000000000        0xc /usr/local/Cellar/pebble-sdk/3.0-dp2/libexec/Pebble/aplite/lib/libpebble.a(tmp7oClQHpebble.o)
 .text.animation_set_handlers
                0x0000000000000000        0xc /usr/local/Cellar/pebble-sdk/3.0-dp2/libexec/Pebble/aplite/lib/libpebble.a(tmp7oClQHpebble.o)
 .text.animation_set_implementation
                0x0000000000000000        0xc /usr/local/Cellar/pebble-sdk/3.0-dp2/libexec/Pebble/aplite/lib/libpebble.a(tmp7oClQHpebble.o)
 .text.animation_unschedule
                0x0000000000000000        0xc /usr/local/Cellar/pebble-sdk/3.0-dp2/libexec/Pebble/aplite/lib/libpebble.a(tmp7oClQHpebble.o)
 .text.animation_unschedule_all
                0x0000000000000000        0xc /usr/local/Cellar/pebble-sdk/3.0-dp2/libexec/Pebble/aplite/lib/libpebble.a(tmp7oClQHpebble.o)
 .text.app_comm_get_sniff_interval
                0x0000000000000000        0xc /usr/local/Cellar/pebble-sdk/3.0-dp2/libexec/Pebble/aplite/lib/libpebble.a(tmp7oClQHpebble.o)
 .text.app_comm_set_sniff_interval
                0x0000000000000000        0xc /usr/local/Cellar/pebble-sdk/3.0-dp2/libexec/Pebble/aplite/lib/libpebble.a(tmp7oClQHpebble.o)
 .text.app_message_deregister_callbacks
                0x0000000000000000        0xc /usr/local/Cellar/pebble-sdk/3.0-dp2/libexec/Pebble/aplite/lib/libpebble.a(tmp7oClQHpebble.o)
 .text.app_sync_deinit
                0x0000000000000000        0xc /usr/local/Cellar/pebble-sdk/3.0-dp2/libexec/Pebble/aplite/lib/libpebble.a(tmp7oClQHpebble.o)
 .text.app_sync_get
                0x0000000000000000        0xc /usr/local/Cellar/pebble-sdk/3.0-dp2/libexec/Pebble/aplite/lib/libpebble.a(tmp7oClQHpebble.o)
 .text.app_sync_init
                0x0000000000000000        0xc /usr/local/Cellar/pebble-sdk/3.0-dp2/libexec/Pebble/aplite/lib/libpebble.a(tmp7oClQHpebble.o)
 .text.app_sync_set
                0x0000000000000000        0xc /usr/local/Cellar/pebble-sdk/3.0-dp2/libexec/Pebble/aplite/lib/libpebble.a(tmp7oClQHpebble.o)
 .text.app_timer_cancel
                0x0000000000000000        0xc /usr/local/Cellar/pebble-sdk/3.0-dp2/libexec/Pebble/aplite/lib/libpebble.a(tmp7oClQHpebble.o)
 .text.app_timer_register
                0x0000000000000000        0xc /usr/local/Cellar/pebble-sdk/3.0-dp2/libexec/Pebble/aplite/lib/libpebble.a(tmp7oClQHpebble.o)
 .text.app_timer_reschedule
                0x0000000000000000        0xc /usr/local/Cellar/pebble-sdk/3.0-dp2/libexec/Pebble/aplite/lib/libpebble.a(tmp7oClQHpebble.o)
 .text.atan2_lookup
                0x0000000000000000        0xc /usr/local/Cellar/pebble-sdk/3.0-dp2/libexec/Pebble/aplite/lib/libpebble.a(tmp7oClQHpebble.o)
 .text.atoi     0x0000000000000000        0xc /usr/local/Cellar/pebble-sdk/3.0-dp2/libexec/Pebble/aplite/lib/libpebble.a(tmp7oClQHpebble.o)
 .text.atol     0x0000000000000000        0xc /usr/local/Cellar/pebble-sdk/3.0-dp2/libexec/Pebble/aplite/lib/libpebble.a(tmp7oClQHpebble.o)
 .text.battery_state_service_unsubscribe
                0x0000000000000000        0xc /usr/local/Cellar/pebble-sdk/3.0-dp2/libexec/Pebble/aplite/lib/libpebble.a(tmp7oClQHpebble.o)
 .text.bluetooth_connection_service_peek
                0x0000000000000000        0xc /usr/local/Cellar/pebble-sdk/3.0-dp2/libexec/Pebble/aplite/lib/libpebble.a(tmp7oClQHpebble.o)
 .text.bluetooth_connection_service_subscribe
                0x0000000000000000        0xc /usr/local/Cellar/pebble-sdk/3.0-dp2/libexec/Pebble/aplite/lib/libpebble.a(tmp7oClQHpebble.o)
 .text.bluetooth_connection_service_unsubscribe
                0x0000000000000000        0xc /usr/local/Cellar/pebble-sdk/3.0-dp2/libexec/Pebble/aplite/lib/libpebble.a(tmp7oClQHpebble.o)
 .text.click_number_of_clicks_counted
                0x0000000000000000        0xc /usr/local/Cellar/pebble-sdk/3.0-dp2/libexec/Pebble/aplite/lib/libpebble.a(tmp7oClQHpebble.o)
 .text.click_recognizer_get_button_id
                0x0000000000000000        0xc /usr/local/Cellar/pebble-sdk/3.0-dp2/libexec/Pebble/aplite/lib/libpebble.a(tmp7oClQHpebble.o)
 .text.clock_copy_time_string
                0x0000000000000000        0xc /usr/local/Cellar/pebble-sdk/3.0-dp2/libexec/Pebble/aplite/lib/libpebble.a(tmp7oClQHpebble.o)
 .text.cos_lookup
                0x0000000000000000        0xc /usr/local/Cellar/pebble-sdk/3.0-dp2/libexec/Pebble/aplite/lib/libpebble.a(tmp7oClQHpebble.o)
 .text.data_logging_create
                0x0000000000000000        0xc /usr/local/Cellar/pebble-sdk/3.0-dp2/libexec/Pebble/aplite/lib/libpebble.a(tmp7oClQHpebble.o)
 .text.data_logging_finish
                0x0000000000000000        0xc /usr/local/Cellar/pebble-sdk/3.0-dp2/libexec/Pebble/aplite/lib/libpebble.a(tmp7oClQHpebble.o)
 .text.data_logging_log
                0x0000000000000000        0xc /usr/local/Cellar/pebble-sdk/3.0-dp2/libexec/Pebble/aplite/lib/libpebble.a(tmp7oClQHpebble.o)
 .text.dict_calc_buffer_size
                0x0000000000000000        0xc /usr/local/Cellar/pebble-sdk/3.0-dp2/libexec/Pebble/aplite/lib/libpebble.a(tmp7oClQHpebble.o)
 .text.dict_calc_buffer_size_from_tuplets
                0x0000000000000000        0xc /usr/local/Cellar/pebble-sdk/3.0-dp2/libexec/Pebble/aplite/lib/libpebble.a(tmp7oClQHpebble.o)
 .text.dict_find
                0x0000000000000000        0xc /usr/local/Cellar/pebble-sdk/3.0-dp2/libexec/Pebble/aplite/lib/libpebble.a(tmp7oClQHpebble.o)
 .text.dict_merge
                0x0000000000000000        0xc /usr/local/Cellar/pebble-sdk/3.0-dp2/libexec/Pebble/aplite/lib/libpebble.a(tmp7oClQHpebble.o)
 .text.dict_read_begin_from_buffer
                0x0000000000000000        0xc /usr/local/Cellar/pebble-sdk/3.0-dp2/libexec/Pebble/aplite/lib/libpebble.a(tmp7oClQHpebble.o)
 .text.dict_serialize_tuplets
                0x0000000000000000        0xc /usr/local/Cellar/pebble-sdk/3.0-dp2/libexec/Pebble/aplite/lib/libpebble.a(tmp7oClQHpebble.o)
 .text.dict_serialize_tuplets_to_buffer__deprecated
                0x0000000000000000        0xc /usr/local/Cellar/pebble-sdk/3.0-dp2/libexec/Pebble/aplite/lib/libpebble.a(tmp7oClQHpebble.o)
 .text.dict_serialize_tuplets_to_buffer_with_iter
                0x0000000000000000        0xc /usr/local/Cellar/pebble-sdk/3.0-dp2/libexec/Pebble/aplite/lib/libpebble.a(tmp7oClQHpebble.o)
 .text.dict_write_begin
                0x0000000000000000        0xc /usr/local/Cellar/pebble-sdk/3.0-dp2/libexec/Pebble/aplite/lib/libpebble.a(tmp7oClQHpebble.o)
 .text.dict_write_cstring
                0x0000000000000000        0xc /usr/local/Cellar/pebble-sdk/3.0-dp2/libexec/Pebble/aplite/lib/libpebble.a(tmp7oClQHpebble.o)
 .text.dict_write_data
                0x0000000000000000        0xc /usr/local/Cellar/pebble-sdk/3.0-dp2/libexec/Pebble/aplite/lib/libpebble.a(tmp7oClQHpebble.o)
 .text.dict_write_end
                0x0000000000000000        0xc /usr/local/Cellar/pebble-sdk/3.0-dp2/libexec/Pebble/aplite/lib/libpebble.a(tmp7oClQHpebble.o)
 .text.dict_write_int
                0x0000000000000000        0xc /usr/local/Cellar/pebble-sdk/3.0-dp2/libexec/Pebble/aplite/lib/libpebble.a(tmp7oClQHpebble.o)
 .text.dict_write_int16
                0x0000000000000000        0xc /usr/local/Cellar/pebble-sdk/3.0-dp2/libexec/Pebble/aplite/lib/libpebble.a(tmp7oClQHpebble.o)
 .text.dict_write_int32
                0x0000000000000000        0xc /usr/local/Cellar/pebble-sdk/3.0-dp2/libexec/Pebble/aplite/lib/libpebble.a(tmp7oClQHpebble.o)
 .text.dict_write_int8
                0x0000000000000000        0xc /usr/local/Cellar/pebble-sdk/3.0-dp2/libexec/Pebble/aplite/lib/libpebble.a(tmp7oClQHpebble.o)
 .text.dict_write_tuplet
                0x0000000000000000        0xc /usr/local/Cellar/pebble-sdk/3.0-dp2/libexec/Pebble/aplite/lib/libpebble.a(tmp7oClQHpebble.o)
 .text.dict_write_uint16
                0x0000000000000000        0xc /usr/local/Cellar/pebble-sdk/3.0-dp2/libexec/Pebble/aplite/lib/libpebble.a(tmp7oClQHpebble.o)
 .text.dict_write_uint32
                0x0000000000000000        0xc /usr/local/Cellar/pebble-sdk/3.0-dp2/libexec/Pebble/aplite/lib/libpebble.a(tmp7oClQHpebble.o)
 .text.fonts_get_system_font
                0x0000000000000000        0xc /usr/local/Cellar/pebble-sdk/3.0-dp2/libexec/Pebble/aplite/lib/libpebble.a(tmp7oClQHpebble.o)
 .text.fonts_unload_custom_font
                0x0000000000000000        0xc /usr/local/Cellar/pebble-sdk/3.0-dp2/libexec/Pebble/aplite/lib/libpebble.a(tmp7oClQHpebble.o)
 .text.free     0x0000000000000000        0xc /usr/local/Cellar/pebble-sdk/3.0-dp2/libexec/Pebble/aplite/lib/libpebble.a(tmp7oClQHpebble.o)
 .text.gbitmap_create_as_sub_bitmap
                0x0000000000000000        0xc /usr/local/Cellar/pebble-sdk/3.0-dp2/libexec/Pebble/aplite/lib/libpebble.a(tmp7oClQHpebble.o)
 .text.gbitmap_create_with_data
                0x0000000000000000        0xc /usr/local/Cellar/pebble-sdk/3.0-dp2/libexec/Pebble/aplite/lib/libpebble.a(tmp7oClQHpebble.o)
 .text.gmtime   0x0000000000000000        0xc /usr/local/Cellar/pebble-sdk/3.0-dp2/libexec/Pebble/aplite/lib/libpebble.a(tmp7oClQHpebble.o)
 .text.gpath_create
                0x0000000000000000        0xc /usr/local/Cellar/pebble-sdk/3.0-dp2/libexec/Pebble/aplite/lib/libpebble.a(tmp7oClQHpebble.o)
 .text.gpath_destroy
                0x0000000000000000        0xc /usr/local/Cellar/pebble-sdk/3.0-dp2/libexec/Pebble/aplite/lib/libpebble.a(tmp7oClQHpebble.o)
 .text.gpath_draw_filled_legacy
                0x0000000000000000        0xc /usr/local/Cellar/pebble-sdk/3.0-dp2/libexec/Pebble/aplite/lib/libpebble.a(tmp7oClQHpebble.o)
 .text.gpath_draw_outline
                0x0000000000000000        0xc /usr/local/Cellar/pebble-sdk/3.0-dp2/libexec/Pebble/aplite/lib/libpebble.a(tmp7oClQHpebble.o)
 .text.gpath_move_to
                0x0000000000000000        0xc /usr/local/Cellar/pebble-sdk/3.0-dp2/libexec/Pebble/aplite/lib/libpebble.a(tmp7oClQHpebble.o)
 .text.gpath_rotate_to
                0x0000000000000000        0xc /usr/local/Cellar/pebble-sdk/3.0-dp2/libexec/Pebble/aplite/lib/libpebble.a(tmp7oClQHpebble.o)
 .text.gpoint_equal
                0x0000000000000000        0xc /usr/local/Cellar/pebble-sdk/3.0-dp2/libexec/Pebble/aplite/lib/libpebble.a(tmp7oClQHpebble.o)
 .text.graphics_context_set_compositing_mode
                0x0000000000000000        0xc /usr/local/Cellar/pebble-sdk/3.0-dp2/libexec/Pebble/aplite/lib/libpebble.a(tmp7oClQHpebble.o)
 .text.graphics_context_set_fill_color
                0x0000000000000000        0xc /usr/local/Cellar/pebble-sdk/3.0-dp2/libexec/Pebble/aplite/lib/libpebble.a(tmp7oClQHpebble.o)
 .text.graphics_context_set_stroke_color
                0x0000000000000000        0xc /usr/local/Cellar/pebble-sdk/3.0-dp2/libexec/Pebble/aplite/lib/libpebble.a(tmp7oClQHpebble.o)
 .text.graphics_context_set_text_color
                0x0000000000000000        0xc /usr/local/Cellar/pebble-sdk/3.0-dp2/libexec/Pebble/aplite/lib/libpebble.a(tmp7oClQHpebble.o)
 .text.graphics_draw_bitmap_in_rect
                0x0000000000000000        0xc /usr/local/Cellar/pebble-sdk/3.0-dp2/libexec/Pebble/aplite/lib/libpebble.a(tmp7oClQHpebble.o)
 .text.graphics_draw_circle
                0x0000000000000000        0xc /usr/local/Cellar/pebble-sdk/3.0-dp2/libexec/Pebble/aplite/lib/libpebble.a(tmp7oClQHpebble.o)
 .text.graphics_draw_line
                0x0000000000000000        0xc /usr/local/Cellar/pebble-sdk/3.0-dp2/libexec/Pebble/aplite/lib/libpebble.a(tmp7oClQHpebble.o)
 .text.graphics_draw_pixel
                0x0000000000000000        0xc /usr/local/Cellar/pebble-sdk/3.0-dp2/libexec/Pebble/aplite/lib/libpebble.a(tmp7oClQHpebble.o)
 .text.graphics_draw_rect
                0x0000000000000000        0xc /usr/local/Cellar/pebble-sdk/3.0-dp2/libexec/Pebble/aplite/lib/libpebble.a(tmp7oClQHpebble.o)
 .text.graphics_draw_round_rect
                0x0000000000000000        0xc /usr/local/Cellar/pebble-sdk/3.0-dp2/libexec/Pebble/aplite/lib/libpebble.a(tmp7oClQHpebble.o)
 .text.graphics_fill_circle
                0x0000000000000000        0xc /usr/local/Cellar/pebble-sdk/3.0-dp2/libexec/Pebble/aplite/lib/libpebble.a(tmp7oClQHpebble.o)
 .text.graphics_fill_rect
                0x0000000000000000        0xc /usr/local/Cellar/pebble-sdk/3.0-dp2/libexec/Pebble/aplite/lib/libpebble.a(tmp7oClQHpebble.o)
 .text.graphics_text_layout_get_max_used_size
                0x0000000000000000        0xc /usr/local/Cellar/pebble-sdk/3.0-dp2/libexec/Pebble/aplite/lib/libpebble.a(tmp7oClQHpebble.o)
 .text.grect_align
                0x0000000000000000        0xc /usr/local/Cellar/pebble-sdk/3.0-dp2/libexec/Pebble/aplite/lib/libpebble.a(tmp7oClQHpebble.o)
 .text.grect_center_point
                0x0000000000000000        0xc /usr/local/Cellar/pebble-sdk/3.0-dp2/libexec/Pebble/aplite/lib/libpebble.a(tmp7oClQHpebble.o)
 .text.grect_clip
                0x0000000000000000        0xc /usr/local/Cellar/pebble-sdk/3.0-dp2/libexec/Pebble/aplite/lib/libpebble.a(tmp7oClQHpebble.o)
 .text.grect_contains_point
                0x0000000000000000        0xc /usr/local/Cellar/pebble-sdk/3.0-dp2/libexec/Pebble/aplite/lib/libpebble.a(tmp7oClQHpebble.o)
 .text.grect_crop
                0x0000000000000000        0xc /usr/local/Cellar/pebble-sdk/3.0-dp2/libexec/Pebble/aplite/lib/libpebble.a(tmp7oClQHpebble.o)
 .text.grect_equal
                0x0000000000000000        0xc /usr/local/Cellar/pebble-sdk/3.0-dp2/libexec/Pebble/aplite/lib/libpebble.a(tmp7oClQHpebble.o)
 .text.grect_is_empty
                0x0000000000000000        0xc /usr/local/Cellar/pebble-sdk/3.0-dp2/libexec/Pebble/aplite/lib/libpebble.a(tmp7oClQHpebble.o)
 .text.grect_standardize
                0x0000000000000000        0xc /usr/local/Cellar/pebble-sdk/3.0-dp2/libexec/Pebble/aplite/lib/libpebble.a(tmp7oClQHpebble.o)
 .text.gsize_equal
                0x0000000000000000        0xc /usr/local/Cellar/pebble-sdk/3.0-dp2/libexec/Pebble/aplite/lib/libpebble.a(tmp7oClQHpebble.o)
 .text.inverter_layer_create
                0x0000000000000000        0xc /usr/local/Cellar/pebble-sdk/3.0-dp2/libexec/Pebble/aplite/lib/libpebble.a(tmp7oClQHpebble.o)
 .text.inverter_layer_destroy
                0x0000000000000000        0xc /usr/local/Cellar/pebble-sdk/3.0-dp2/libexec/Pebble/aplite/lib/libpebble.a(tmp7oClQHpebble.o)
 .text.inverter_layer_get_layer
                0x0000000000000000        0xc /usr/local/Cellar/pebble-sdk/3.0-dp2/libexec/Pebble/aplite/lib/libpebble.a(tmp7oClQHpebble.o)
 .text.layer_create
                0x0000000000000000        0xc /usr/local/Cellar/pebble-sdk/3.0-dp2/libexec/Pebble/aplite/lib/libpebble.a(tmp7oClQHpebble.o)
 .text.layer_create_with_data
                0x0000000000000000        0xc /usr/local/Cellar/pebble-sdk/3.0-dp2/libexec/Pebble/aplite/lib/libpebble.a(tmp7oClQHpebble.o)
 .text.layer_destroy
                0x0000000000000000        0xc /usr/local/Cellar/pebble-sdk/3.0-dp2/libexec/Pebble/aplite/lib/libpebble.a(tmp7oClQHpebble.o)
 .text.layer_get_bounds
                0x0000000000000000        0xc /usr/local/Cellar/pebble-sdk/3.0-dp2/libexec/Pebble/aplite/lib/libpebble.a(tmp7oClQHpebble.o)
 .text.layer_get_clips
                0x0000000000000000        0xc /usr/local/Cellar/pebble-sdk/3.0-dp2/libexec/Pebble/aplite/lib/libpebble.a(tmp7oClQHpebble.o)
 .text.layer_get_data
                0x0000000000000000        0xc /usr/local/Cellar/pebble-sdk/3.0-dp2/libexec/Pebble/aplite/lib/libpebble.a(tmp7oClQHpebble.o)
 .text.layer_get_frame
                0x0000000000000000        0xc /usr/local/Cellar/pebble-sdk/3.0-dp2/libexec/Pebble/aplite/lib/libpebble.a(tmp7oClQHpebble.o)
 .text.layer_get_hidden
                0x0000000000000000        0xc /usr/local/Cellar/pebble-sdk/3.0-dp2/libexec/Pebble/aplite/lib/libpebble.a(tmp7oClQHpebble.o)
 .text.layer_get_window
                0x0000000000000000        0xc /usr/local/Cellar/pebble-sdk/3.0-dp2/libexec/Pebble/aplite/lib/libpebble.a(tmp7oClQHpebble.o)
 .text.layer_insert_above_sibling
                0x0000000000000000        0xc /usr/local/Cellar/pebble-sdk/3.0-dp2/libexec/Pebble/aplite/lib/libpebble.a(tmp7oClQHpebble.o)
 .text.layer_insert_below_sibling
                0x0000000000000000        0xc /usr/local/Cellar/pebble-sdk/3.0-dp2/libexec/Pebble/aplite/lib/libpebble.a(tmp7oClQHpebble.o)
 .text.layer_mark_dirty
                0x0000000000000000        0xc /usr/local/Cellar/pebble-sdk/3.0-dp2/libexec/Pebble/aplite/lib/libpebble.a(tmp7oClQHpebble.o)
 .text.layer_remove_child_layers
                0x0000000000000000        0xc /usr/local/Cellar/pebble-sdk/3.0-dp2/libexec/Pebble/aplite/lib/libpebble.a(tmp7oClQHpebble.o)
 .text.layer_remove_from_parent
                0x0000000000000000        0xc /usr/local/Cellar/pebble-sdk/3.0-dp2/libexec/Pebble/aplite/lib/libpebble.a(tmp7oClQHpebble.o)
 .text.layer_set_bounds
                0x0000000000000000        0xc /usr/local/Cellar/pebble-sdk/3.0-dp2/libexec/Pebble/aplite/lib/libpebble.a(tmp7oClQHpebble.o)
 .text.layer_set_clips
                0x0000000000000000        0xc /usr/local/Cellar/pebble-sdk/3.0-dp2/libexec/Pebble/aplite/lib/libpebble.a(tmp7oClQHpebble.o)
 .text.layer_set_hidden
                0x0000000000000000        0xc /usr/local/Cellar/pebble-sdk/3.0-dp2/libexec/Pebble/aplite/lib/libpebble.a(tmp7oClQHpebble.o)
 .text.layer_set_update_proc
                0x0000000000000000        0xc /usr/local/Cellar/pebble-sdk/3.0-dp2/libexec/Pebble/aplite/lib/libpebble.a(tmp7oClQHpebble.o)
 .text.light_enable
                0x0000000000000000        0xc /usr/local/Cellar/pebble-sdk/3.0-dp2/libexec/Pebble/aplite/lib/libpebble.a(tmp7oClQHpebble.o)
 .text.light_enable_interaction
                0x0000000000000000        0xc /usr/local/Cellar/pebble-sdk/3.0-dp2/libexec/Pebble/aplite/lib/libpebble.a(tmp7oClQHpebble.o)
 .text.malloc   0x0000000000000000        0xc /usr/local/Cellar/pebble-sdk/3.0-dp2/libexec/Pebble/aplite/lib/libpebble.a(tmp7oClQHpebble.o)
 .text.memcpy   0x0000000000000000        0xc /usr/local/Cellar/pebble-sdk/3.0-dp2/libexec/Pebble/aplite/lib/libpebble.a(tmp7oClQHpebble.o)
 .text.memmove  0x0000000000000000        0xc /usr/local/Cellar/pebble-sdk/3.0-dp2/libexec/Pebble/aplite/lib/libpebble.a(tmp7oClQHpebble.o)
 .text.menu_cell_basic_draw
                0x0000000000000000        0xc /usr/local/Cellar/pebble-sdk/3.0-dp2/libexec/Pebble/aplite/lib/libpebble.a(tmp7oClQHpebble.o)
 .text.menu_cell_basic_header_draw
                0x0000000000000000        0xc /usr/local/Cellar/pebble-sdk/3.0-dp2/libexec/Pebble/aplite/lib/libpebble.a(tmp7oClQHpebble.o)
 .text.menu_cell_title_draw
                0x0000000000000000        0xc /usr/local/Cellar/pebble-sdk/3.0-dp2/libexec/Pebble/aplite/lib/libpebble.a(tmp7oClQHpebble.o)
 .text.menu_index_compare
                0x0000000000000000        0xc /usr/local/Cellar/pebble-sdk/3.0-dp2/libexec/Pebble/aplite/lib/libpebble.a(tmp7oClQHpebble.o)
 .text.menu_layer_create
                0x0000000000000000        0xc /usr/local/Cellar/pebble-sdk/3.0-dp2/libexec/Pebble/aplite/lib/libpebble.a(tmp7oClQHpebble.o)
 .text.menu_layer_destroy
                0x0000000000000000        0xc /usr/local/Cellar/pebble-sdk/3.0-dp2/libexec/Pebble/aplite/lib/libpebble.a(tmp7oClQHpebble.o)
 .text.menu_layer_get_layer
                0x0000000000000000        0xc /usr/local/Cellar/pebble-sdk/3.0-dp2/libexec/Pebble/aplite/lib/libpebble.a(tmp7oClQHpebble.o)
 .text.menu_layer_get_scroll_layer
                0x0000000000000000        0xc /usr/local/Cellar/pebble-sdk/3.0-dp2/libexec/Pebble/aplite/lib/libpebble.a(tmp7oClQHpebble.o)
 .text.menu_layer_get_selected_index
                0x0000000000000000        0xc /usr/local/Cellar/pebble-sdk/3.0-dp2/libexec/Pebble/aplite/lib/libpebble.a(tmp7oClQHpebble.o)
 .text.menu_layer_reload_data
                0x0000000000000000        0xc /usr/local/Cellar/pebble-sdk/3.0-dp2/libexec/Pebble/aplite/lib/libpebble.a(tmp7oClQHpebble.o)
 .text.menu_layer_set_callbacks__deprecated
                0x0000000000000000        0xc /usr/local/Cellar/pebble-sdk/3.0-dp2/libexec/Pebble/aplite/lib/libpebble.a(tmp7oClQHpebble.o)
 .text.menu_layer_set_click_config_onto_window
                0x0000000000000000        0xc /usr/local/Cellar/pebble-sdk/3.0-dp2/libexec/Pebble/aplite/lib/libpebble.a(tmp7oClQHpebble.o)
 .text.menu_layer_set_selected_index
                0x0000000000000000        0xc /usr/local/Cellar/pebble-sdk/3.0-dp2/libexec/Pebble/aplite/lib/libpebble.a(tmp7oClQHpebble.o)
 .text.menu_layer_set_selected_next
                0x0000000000000000        0xc /usr/local/Cellar/pebble-sdk/3.0-dp2/libexec/Pebble/aplite/lib/libpebble.a(tmp7oClQHpebble.o)
 .text.number_window_create
                0x0000000000000000        0xc /usr/local/Cellar/pebble-sdk/3.0-dp2/libexec/Pebble/aplite/lib/libpebble.a(tmp7oClQHpebble.o)
 .text.number_window_destroy
                0x0000000000000000        0xc /usr/local/Cellar/pebble-sdk/3.0-dp2/libexec/Pebble/aplite/lib/libpebble.a(tmp7oClQHpebble.o)
 .text.number_window_get_value
                0x0000000000000000        0xc /usr/local/Cellar/pebble-sdk/3.0-dp2/libexec/Pebble/aplite/lib/libpebble.a(tmp7oClQHpebble.o)
 .text.number_window_set_label
                0x0000000000000000        0xc /usr/local/Cellar/pebble-sdk/3.0-dp2/libexec/Pebble/aplite/lib/libpebble.a(tmp7oClQHpebble.o)
 .text.number_window_set_max
                0x0000000000000000        0xc /usr/local/Cellar/pebble-sdk/3.0-dp2/libexec/Pebble/aplite/lib/libpebble.a(tmp7oClQHpebble.o)
 .text.number_window_set_min
                0x0000000000000000        0xc /usr/local/Cellar/pebble-sdk/3.0-dp2/libexec/Pebble/aplite/lib/libpebble.a(tmp7oClQHpebble.o)
 .text.number_window_set_step_size
                0x0000000000000000        0xc /usr/local/Cellar/pebble-sdk/3.0-dp2/libexec/Pebble/aplite/lib/libpebble.a(tmp7oClQHpebble.o)
 .text.number_window_set_value
                0x0000000000000000        0xc /usr/local/Cellar/pebble-sdk/3.0-dp2/libexec/Pebble/aplite/lib/libpebble.a(tmp7oClQHpebble.o)
 .text.persist_delete
                0x0000000000000000        0xc /usr/local/Cellar/pebble-sdk/3.0-dp2/libexec/Pebble/aplite/lib/libpebble.a(tmp7oClQHpebble.o)
 .text.persist_get_size
                0x0000000000000000        0xc /usr/local/Cellar/pebble-sdk/3.0-dp2/libexec/Pebble/aplite/lib/libpebble.a(tmp7oClQHpebble.o)
 .text.persist_read_bool
                0x0000000000000000        0xc /usr/local/Cellar/pebble-sdk/3.0-dp2/libexec/Pebble/aplite/lib/libpebble.a(tmp7oClQHpebble.o)
 .text.persist_read_data__deprecated
                0x0000000000000000        0xc /usr/local/Cellar/pebble-sdk/3.0-dp2/libexec/Pebble/aplite/lib/libpebble.a(tmp7oClQHpebble.o)
 .text.persist_read_string__deprecated
                0x0000000000000000        0xc /usr/local/Cellar/pebble-sdk/3.0-dp2/libexec/Pebble/aplite/lib/libpebble.a(tmp7oClQHpebble.o)
 .text.persist_write_bool
                0x0000000000000000        0xc /usr/local/Cellar/pebble-sdk/3.0-dp2/libexec/Pebble/aplite/lib/libpebble.a(tmp7oClQHpebble.o)
 .text.persist_write_data__deprecated
                0x0000000000000000        0xc /usr/local/Cellar/pebble-sdk/3.0-dp2/libexec/Pebble/aplite/lib/libpebble.a(tmp7oClQHpebble.o)
 .text.persist_write_string
                0x0000000000000000        0xc /usr/local/Cellar/pebble-sdk/3.0-dp2/libexec/Pebble/aplite/lib/libpebble.a(tmp7oClQHpebble.o)
 .text.property_animation_create
                0x0000000000000000        0xc /usr/local/Cellar/pebble-sdk/3.0-dp2/libexec/Pebble/aplite/lib/libpebble.a(tmp7oClQHpebble.o)
 .text.property_animation_create_layer_frame
                0x0000000000000000        0xc /usr/local/Cellar/pebble-sdk/3.0-dp2/libexec/Pebble/aplite/lib/libpebble.a(tmp7oClQHpebble.o)
 .text.property_animation_destroy
                0x0000000000000000        0xc /usr/local/Cellar/pebble-sdk/3.0-dp2/libexec/Pebble/aplite/lib/libpebble.a(tmp7oClQHpebble.o)
 .text.property_animation_update_gpoint
                0x0000000000000000        0xc /usr/local/Cellar/pebble-sdk/3.0-dp2/libexec/Pebble/aplite/lib/libpebble.a(tmp7oClQHpebble.o)
 .text.property_animation_update_grect
                0x0000000000000000        0xc /usr/local/Cellar/pebble-sdk/3.0-dp2/libexec/Pebble/aplite/lib/libpebble.a(tmp7oClQHpebble.o)
 .text.property_animation_update_int16
                0x0000000000000000        0xc /usr/local/Cellar/pebble-sdk/3.0-dp2/libexec/Pebble/aplite/lib/libpebble.a(tmp7oClQHpebble.o)
 .text.psleep   0x0000000000000000        0xc /usr/local/Cellar/pebble-sdk/3.0-dp2/libexec/Pebble/aplite/lib/libpebble.a(tmp7oClQHpebble.o)
 .text.rand     0x0000000000000000        0xc /usr/local/Cellar/pebble-sdk/3.0-dp2/libexec/Pebble/aplite/lib/libpebble.a(tmp7oClQHpebble.o)
 .text.resource_load
                0x0000000000000000        0xc /usr/local/Cellar/pebble-sdk/3.0-dp2/libexec/Pebble/aplite/lib/libpebble.a(tmp7oClQHpebble.o)
 .text.resource_load_byte_range
                0x0000000000000000        0xc /usr/local/Cellar/pebble-sdk/3.0-dp2/libexec/Pebble/aplite/lib/libpebble.a(tmp7oClQHpebble.o)
 .text.resource_size
                0x0000000000000000        0xc /usr/local/Cellar/pebble-sdk/3.0-dp2/libexec/Pebble/aplite/lib/libpebble.a(tmp7oClQHpebble.o)
 .text.rot_bitmap_layer_create
                0x0000000000000000        0xc /usr/local/Cellar/pebble-sdk/3.0-dp2/libexec/Pebble/aplite/lib/libpebble.a(tmp7oClQHpebble.o)
 .text.rot_bitmap_layer_destroy
                0x0000000000000000        0xc /usr/local/Cellar/pebble-sdk/3.0-dp2/libexec/Pebble/aplite/lib/libpebble.a(tmp7oClQHpebble.o)
 .text.rot_bitmap_layer_increment_angle
                0x0000000000000000        0xc /usr/local/Cellar/pebble-sdk/3.0-dp2/libexec/Pebble/aplite/lib/libpebble.a(tmp7oClQHpebble.o)
 .text.rot_bitmap_layer_set_angle
                0x0000000000000000        0xc /usr/local/Cellar/pebble-sdk/3.0-dp2/libexec/Pebble/aplite/lib/libpebble.a(tmp7oClQHpebble.o)
 .text.rot_bitmap_layer_set_corner_clip_color
                0x0000000000000000        0xc /usr/local/Cellar/pebble-sdk/3.0-dp2/libexec/Pebble/aplite/lib/libpebble.a(tmp7oClQHpebble.o)
 .text.rot_bitmap_set_compositing_mode
                0x0000000000000000        0xc /usr/local/Cellar/pebble-sdk/3.0-dp2/libexec/Pebble/aplite/lib/libpebble.a(tmp7oClQHpebble.o)
 .text.rot_bitmap_set_src_ic
                0x0000000000000000        0xc /usr/local/Cellar/pebble-sdk/3.0-dp2/libexec/Pebble/aplite/lib/libpebble.a(tmp7oClQHpebble.o)
 .text.scroll_layer_add_child
                0x0000000000000000        0xc /usr/local/Cellar/pebble-sdk/3.0-dp2/libexec/Pebble/aplite/lib/libpebble.a(tmp7oClQHpebble.o)
 .text.scroll_layer_create
                0x0000000000000000        0xc /usr/local/Cellar/pebble-sdk/3.0-dp2/libexec/Pebble/aplite/lib/libpebble.a(tmp7oClQHpebble.o)
 .text.scroll_layer_destroy
                0x0000000000000000        0xc /usr/local/Cellar/pebble-sdk/3.0-dp2/libexec/Pebble/aplite/lib/libpebble.a(tmp7oClQHpebble.o)
 .text.scroll_layer_get_content_offset
                0x0000000000000000        0xc /usr/local/Cellar/pebble-sdk/3.0-dp2/libexec/Pebble/aplite/lib/libpebble.a(tmp7oClQHpebble.o)
 .text.scroll_layer_get_content_size
                0x0000000000000000        0xc /usr/local/Cellar/pebble-sdk/3.0-dp2/libexec/Pebble/aplite/lib/libpebble.a(tmp7oClQHpebble.o)
 .text.scroll_layer_get_layer
                0x0000000000000000        0xc /usr/local/Cellar/pebble-sdk/3.0-dp2/libexec/Pebble/aplite/lib/libpebble.a(tmp7oClQHpebble.o)
 .text.scroll_layer_get_shadow_hidden
                0x0000000000000000        0xc /usr/local/Cellar/pebble-sdk/3.0-dp2/libexec/Pebble/aplite/lib/libpebble.a(tmp7oClQHpebble.o)
 .text.scroll_layer_scroll_down_click_handler
                0x0000000000000000        0xc /usr/local/Cellar/pebble-sdk/3.0-dp2/libexec/Pebble/aplite/lib/libpebble.a(tmp7oClQHpebble.o)
 .text.scroll_layer_scroll_up_click_handler
                0x0000000000000000        0xc /usr/local/Cellar/pebble-sdk/3.0-dp2/libexec/Pebble/aplite/lib/libpebble.a(tmp7oClQHpebble.o)
 .text.scroll_layer_set_callbacks
                0x0000000000000000        0xc /usr/local/Cellar/pebble-sdk/3.0-dp2/libexec/Pebble/aplite/lib/libpebble.a(tmp7oClQHpebble.o)
 .text.scroll_layer_set_click_config_onto_window
                0x0000000000000000        0xc /usr/local/Cellar/pebble-sdk/3.0-dp2/libexec/Pebble/aplite/lib/libpebble.a(tmp7oClQHpebble.o)
 .text.scroll_layer_set_content_offset
                0x0000000000000000        0xc /usr/local/Cellar/pebble-sdk/3.0-dp2/libexec/Pebble/aplite/lib/libpebble.a(tmp7oClQHpebble.o)
 .text.scroll_layer_set_content_size
                0x0000000000000000        0xc /usr/local/Cellar/pebble-sdk/3.0-dp2/libexec/Pebble/aplite/lib/libpebble.a(tmp7oClQHpebble.o)
 .text.scroll_layer_set_context
                0x0000000000000000        0xc /usr/local/Cellar/pebble-sdk/3.0-dp2/libexec/Pebble/aplite/lib/libpebble.a(tmp7oClQHpebble.o)
 .text.scroll_layer_set_frame
                0x0000000000000000        0xc /usr/local/Cellar/pebble-sdk/3.0-dp2/libexec/Pebble/aplite/lib/libpebble.a(tmp7oClQHpebble.o)
 .text.scroll_layer_set_shadow_hidden
                0x0000000000000000        0xc /usr/local/Cellar/pebble-sdk/3.0-dp2/libexec/Pebble/aplite/lib/libpebble.a(tmp7oClQHpebble.o)
 .text.simple_menu_layer_create
                0x0000000000000000        0xc /usr/local/Cellar/pebble-sdk/3.0-dp2/libexec/Pebble/aplite/lib/libpebble.a(tmp7oClQHpebble.o)
 .text.simple_menu_layer_destroy
                0x0000000000000000        0xc /usr/local/Cellar/pebble-sdk/3.0-dp2/libexec/Pebble/aplite/lib/libpebble.a(tmp7oClQHpebble.o)
 .text.simple_menu_layer_get_layer
                0x0000000000000000        0xc /usr/local/Cellar/pebble-sdk/3.0-dp2/libexec/Pebble/aplite/lib/libpebble.a(tmp7oClQHpebble.o)
 .text.simple_menu_layer_get_selected_index
                0x0000000000000000        0xc /usr/local/Cellar/pebble-sdk/3.0-dp2/libexec/Pebble/aplite/lib/libpebble.a(tmp7oClQHpebble.o)
 .text.simple_menu_layer_set_selected_index
                0x0000000000000000        0xc /usr/local/Cellar/pebble-sdk/3.0-dp2/libexec/Pebble/aplite/lib/libpebble.a(tmp7oClQHpebble.o)
 .text.sin_lookup
                0x0000000000000000        0xc /usr/local/Cellar/pebble-sdk/3.0-dp2/libexec/Pebble/aplite/lib/libpebble.a(tmp7oClQHpebble.o)
 .text.srand    0x0000000000000000        0xc /usr/local/Cellar/pebble-sdk/3.0-dp2/libexec/Pebble/aplite/lib/libpebble.a(tmp7oClQHpebble.o)
 .text.strcat   0x0000000000000000        0xc /usr/local/Cellar/pebble-sdk/3.0-dp2/libexec/Pebble/aplite/lib/libpebble.a(tmp7oClQHpebble.o)
 .text.strlen   0x0000000000000000        0xc /usr/local/Cellar/pebble-sdk/3.0-dp2/libexec/Pebble/aplite/lib/libpebble.a(tmp7oClQHpebble.o)
 .text.strncat  0x0000000000000000        0xc /usr/local/Cellar/pebble-sdk/3.0-dp2/libexec/Pebble/aplite/lib/libpebble.a(tmp7oClQHpebble.o)
 .text.strncmp  0x0000000000000000        0xc /usr/local/Cellar/pebble-sdk/3.0-dp2/libexec/Pebble/aplite/lib/libpebble.a(tmp7oClQHpebble.o)
 .text.strncpy  0x0000000000000000        0xc /usr/local/Cellar/pebble-sdk/3.0-dp2/libexec/Pebble/aplite/lib/libpebble.a(tmp7oClQHpebble.o)
 .text.text_layer_get_content_size
                0x0000000000000000        0xc /usr/local/Cellar/pebble-sdk/3.0-dp2/libexec/Pebble/aplite/lib/libpebble.a(tmp7oClQHpebble.o)
 .text.text_layer_get_text
                0x0000000000000000        0xc /usr/local/Cellar/pebble-sdk/3.0-dp2/libexec/Pebble/aplite/lib/libpebble.a(tmp7oClQHpebble.o)
 .text.text_layer_set_overflow_mode
                0x0000000000000000        0xc /usr/local/Cellar/pebble-sdk/3.0-dp2/libexec/Pebble/aplite/lib/libpebble.a(tmp7oClQHpebble.o)
 .text.text_layer_set_size
                0x0000000000000000        0xc /usr/local/Cellar/pebble-sdk/3.0-dp2/libexec/Pebble/aplite/lib/libpebble.a(tmp7oClQHpebble.o)
 .text.tick_timer_service_unsubscribe
                0x0000000000000000        0xc /usr/local/Cellar/pebble-sdk/3.0-dp2/libexec/Pebble/aplite/lib/libpebble.a(tmp7oClQHpebble.o)
 .text.time_ms  0x0000000000000000        0xc /usr/local/Cellar/pebble-sdk/3.0-dp2/libexec/Pebble/aplite/lib/libpebble.a(tmp7oClQHpebble.o)
 .text.vibes_cancel
                0x0000000000000000        0xc /usr/local/Cellar/pebble-sdk/3.0-dp2/libexec/Pebble/aplite/lib/libpebble.a(tmp7oClQHpebble.o)
 .text.vibes_double_pulse
                0x0000000000000000        0xc /usr/local/Cellar/pebble-sdk/3.0-dp2/libexec/Pebble/aplite/lib/libpebble.a(tmp7oClQHpebble.o)
 .text.vibes_enqueue_custom_pattern
                0x0000000000000000        0xc /usr/local/Cellar/pebble-sdk/3.0-dp2/libexec/Pebble/aplite/lib/libpebble.a(tmp7oClQHpebble.o)
 .text.vibes_long_pulse
                0x0000000000000000        0xc /usr/local/Cellar/pebble-sdk/3.0-dp2/libexec/Pebble/aplite/lib/libpebble.a(tmp7oClQHpebble.o)
 .text.vibes_short_pulse
                0x0000000000000000        0xc /usr/local/Cellar/pebble-sdk/3.0-dp2/libexec/Pebble/aplite/lib/libpebble.a(tmp7oClQHpebble.o)
 .text.window_get_click_config_provider
                0x0000000000000000        0xc /usr/local/Cellar/pebble-sdk/3.0-dp2/libexec/Pebble/aplite/lib/libpebble.a(tmp7oClQHpebble.o)
 .text.window_get_fullscreen
                0x0000000000000000        0xc /usr/local/Cellar/pebble-sdk/3.0-dp2/libexec/Pebble/aplite/lib/libpebble.a(tmp7oClQHpebble.o)
 .text.window_is_loaded
                0x0000000000000000        0xc /usr/local/Cellar/pebble-sdk/3.0-dp2/libexec/Pebble/aplite/lib/libpebble.a(tmp7oClQHpebble.o)
 .text.window_set_click_config_provider
                0x0000000000000000        0xc /usr/local/Cellar/pebble-sdk/3.0-dp2/libexec/Pebble/aplite/lib/libpebble.a(tmp7oClQHpebble.o)
 .text.window_set_click_config_provider_with_context
                0x0000000000000000        0xc /usr/local/Cellar/pebble-sdk/3.0-dp2/libexec/Pebble/aplite/lib/libpebble.a(tmp7oClQHpebble.o)
 .text.window_set_status_bar_icon
                0x0000000000000000        0xc /usr/local/Cellar/pebble-sdk/3.0-dp2/libexec/Pebble/aplite/lib/libpebble.a(tmp7oClQHpebble.o)
 .text.window_stack_contains_window
                0x0000000000000000        0xc /usr/local/Cellar/pebble-sdk/3.0-dp2/libexec/Pebble/aplite/lib/libpebble.a(tmp7oClQHpebble.o)
 .text.window_stack_get_top_window
                0x0000000000000000        0xc /usr/local/Cellar/pebble-sdk/3.0-dp2/libexec/Pebble/aplite/lib/libpebble.a(tmp7oClQHpebble.o)
 .text.window_stack_pop
                0x0000000000000000        0xc /usr/local/Cellar/pebble-sdk/3.0-dp2/libexec/Pebble/aplite/lib/libpebble.a(tmp7oClQHpebble.o)
 .text.window_stack_pop_all
                0x0000000000000000        0xc /usr/local/Cellar/pebble-sdk/3.0-dp2/libexec/Pebble/aplite/lib/libpebble.a(tmp7oClQHpebble.o)
 .text.window_stack_remove
                0x0000000000000000        0xc /usr/local/Cellar/pebble-sdk/3.0-dp2/libexec/Pebble/aplite/lib/libpebble.a(tmp7oClQHpebble.o)
 .text.app_focus_service_subscribe
                0x0000000000000000        0xc /usr/local/Cellar/pebble-sdk/3.0-dp2/libexec/Pebble/aplite/lib/libpebble.a(tmp7oClQHpebble.o)
 .text.app_focus_service_unsubscribe
                0x0000000000000000        0xc /usr/local/Cellar/pebble-sdk/3.0-dp2/libexec/Pebble/aplite/lib/libpebble.a(tmp7oClQHpebble.o)
 .text.window_get_user_data
                0x0000000000000000        0xc /usr/local/Cellar/pebble-sdk/3.0-dp2/libexec/Pebble/aplite/lib/libpebble.a(tmp7oClQHpebble.o)
 .text.window_set_user_data
                0x0000000000000000        0xc /usr/local/Cellar/pebble-sdk/3.0-dp2/libexec/Pebble/aplite/lib/libpebble.a(tmp7oClQHpebble.o)
 .text.app_message_get_context
                0x0000000000000000        0xc /usr/local/Cellar/pebble-sdk/3.0-dp2/libexec/Pebble/aplite/lib/libpebble.a(tmp7oClQHpebble.o)
 .text.app_message_set_context
                0x0000000000000000        0xc /usr/local/Cellar/pebble-sdk/3.0-dp2/libexec/Pebble/aplite/lib/libpebble.a(tmp7oClQHpebble.o)
 .text.window_long_click_subscribe
                0x0000000000000000        0xc /usr/local/Cellar/pebble-sdk/3.0-dp2/libexec/Pebble/aplite/lib/libpebble.a(tmp7oClQHpebble.o)
 .text.window_multi_click_subscribe
                0x0000000000000000        0xc /usr/local/Cellar/pebble-sdk/3.0-dp2/libexec/Pebble/aplite/lib/libpebble.a(tmp7oClQHpebble.o)
 .text.window_raw_click_subscribe
                0x0000000000000000        0xc /usr/local/Cellar/pebble-sdk/3.0-dp2/libexec/Pebble/aplite/lib/libpebble.a(tmp7oClQHpebble.o)
 .text.window_set_click_context
                0x0000000000000000        0xc /usr/local/Cellar/pebble-sdk/3.0-dp2/libexec/Pebble/aplite/lib/libpebble.a(tmp7oClQHpebble.o)
 .text.window_single_click_subscribe
                0x0000000000000000        0xc /usr/local/Cellar/pebble-sdk/3.0-dp2/libexec/Pebble/aplite/lib/libpebble.a(tmp7oClQHpebble.o)
 .text.window_single_repeating_click_subscribe
                0x0000000000000000        0xc /usr/local/Cellar/pebble-sdk/3.0-dp2/libexec/Pebble/aplite/lib/libpebble.a(tmp7oClQHpebble.o)
 .text.graphics_draw_text
                0x0000000000000000        0xc /usr/local/Cellar/pebble-sdk/3.0-dp2/libexec/Pebble/aplite/lib/libpebble.a(tmp7oClQHpebble.o)
 .text.dict_serialize_tuplets_to_buffer
                0x0000000000000000        0xc /usr/local/Cellar/pebble-sdk/3.0-dp2/libexec/Pebble/aplite/lib/libpebble.a(tmp7oClQHpebble.o)
 .text.persist_read_data
                0x0000000000000000        0xc /usr/local/Cellar/pebble-sdk/3.0-dp2/libexec/Pebble/aplite/lib/libpebble.a(tmp7oClQHpebble.o)
 .text.persist_read_string
                0x0000000000000000        0xc /usr/local/Cellar/pebble-sdk/3.0-dp2/libexec/Pebble/aplite/lib/libpebble.a(tmp7oClQHpebble.o)
 .text.persist_write_data
                0x0000000000000000        0xc /usr/local/Cellar/pebble-sdk/3.0-dp2/libexec/Pebble/aplite/lib/libpebble.a(tmp7oClQHpebble.o)
 .text.dict_size
                0x0000000000000000        0xc /usr/local/Cellar/pebble-sdk/3.0-dp2/libexec/Pebble/aplite/lib/libpebble.a(tmp7oClQHpebble.o)
 .text.graphics_text_layout_get_content_size
                0x0000000000000000        0xc /usr/local/Cellar/pebble-sdk/3.0-dp2/libexec/Pebble/aplite/lib/libpebble.a(tmp7oClQHpebble.o)
 .text.simple_menu_layer_get_menu_layer
                0x0000000000000000        0xc /usr/local/Cellar/pebble-sdk/3.0-dp2/libexec/Pebble/aplite/lib/libpebble.a(tmp7oClQHpebble.o)
 .text.accel_data_service_subscribe
                0x0000000000000000        0xc /usr/local/Cellar/pebble-sdk/3.0-dp2/libexec/Pebble/aplite/lib/libpebble.a(tmp7oClQHpebble.o)
 .text.calloc   0x0000000000000000        0xc /usr/local/Cellar/pebble-sdk/3.0-dp2/libexec/Pebble/aplite/lib/libpebble.a(tmp7oClQHpebble.o)
 .text.bitmap_layer_get_bitmap
                0x0000000000000000        0xc /usr/local/Cellar/pebble-sdk/3.0-dp2/libexec/Pebble/aplite/lib/libpebble.a(tmp7oClQHpebble.o)
 .text.menu_layer_set_callbacks
                0x0000000000000000        0xc /usr/local/Cellar/pebble-sdk/3.0-dp2/libexec/Pebble/aplite/lib/libpebble.a(tmp7oClQHpebble.o)
 .text.window_get_click_config_context
                0x0000000000000000        0xc /usr/local/Cellar/pebble-sdk/3.0-dp2/libexec/Pebble/aplite/lib/libpebble.a(tmp7oClQHpebble.o)
 .text.number_window_get_window
                0x0000000000000000        0xc /usr/local/Cellar/pebble-sdk/3.0-dp2/libexec/Pebble/aplite/lib/libpebble.a(tmp7oClQHpebble.o)
 .text.realloc  0x0000000000000000        0xc /usr/local/Cellar/pebble-sdk/3.0-dp2/libexec/Pebble/aplite/lib/libpebble.a(tmp7oClQHpebble.o)
 .text.gbitmap_create_blank
                0x0000000000000000        0xc /usr/local/Cellar/pebble-sdk/3.0-dp2/libexec/Pebble/aplite/lib/libpebble.a(tmp7oClQHpebble.o)
 .text.click_recognizer_is_repeating
                0x0000000000000000        0xc /usr/local/Cellar/pebble-sdk/3.0-dp2/libexec/Pebble/aplite/lib/libpebble.a(tmp7oClQHpebble.o)
 .text.accel_raw_data_service_subscribe
                0x0000000000000000        0xc /usr/local/Cellar/pebble-sdk/3.0-dp2/libexec/Pebble/aplite/lib/libpebble.a(tmp7oClQHpebble.o)
 .text.app_worker_is_running
                0x0000000000000000        0xc /usr/local/Cellar/pebble-sdk/3.0-dp2/libexec/Pebble/aplite/lib/libpebble.a(tmp7oClQHpebble.o)
 .text.app_worker_kill
                0x0000000000000000        0xc /usr/local/Cellar/pebble-sdk/3.0-dp2/libexec/Pebble/aplite/lib/libpebble.a(tmp7oClQHpebble.o)
 .text.app_worker_launch
                0x0000000000000000        0xc /usr/local/Cellar/pebble-sdk/3.0-dp2/libexec/Pebble/aplite/lib/libpebble.a(tmp7oClQHpebble.o)
 .text.app_worker_message_subscribe
                0x0000000000000000        0xc /usr/local/Cellar/pebble-sdk/3.0-dp2/libexec/Pebble/aplite/lib/libpebble.a(tmp7oClQHpebble.o)
 .text.app_worker_message_unsubscribe
                0x0000000000000000        0xc /usr/local/Cellar/pebble-sdk/3.0-dp2/libexec/Pebble/aplite/lib/libpebble.a(tmp7oClQHpebble.o)
 .text.app_worker_send_message
                0x0000000000000000        0xc /usr/local/Cellar/pebble-sdk/3.0-dp2/libexec/Pebble/aplite/lib/libpebble.a(tmp7oClQHpebble.o)
 .text.worker_event_loop
                0x0000000000000000        0xc /usr/local/Cellar/pebble-sdk/3.0-dp2/libexec/Pebble/aplite/lib/libpebble.a(tmp7oClQHpebble.o)
 .text.worker_launch_app
                0x0000000000000000        0xc /usr/local/Cellar/pebble-sdk/3.0-dp2/libexec/Pebble/aplite/lib/libpebble.a(tmp7oClQHpebble.o)
 .text.heap_bytes_free
                0x0000000000000000        0xc /usr/local/Cellar/pebble-sdk/3.0-dp2/libexec/Pebble/aplite/lib/libpebble.a(tmp7oClQHpebble.o)
 .text.heap_bytes_used
                0x0000000000000000        0xc /usr/local/Cellar/pebble-sdk/3.0-dp2/libexec/Pebble/aplite/lib/libpebble.a(tmp7oClQHpebble.o)
 .text.compass_service_peek
                0x0000000000000000        0xc /usr/local/Cellar/pebble-sdk/3.0-dp2/libexec/Pebble/aplite/lib/libpebble.a(tmp7oClQHpebble.o)
 .text.compass_service_set_heading_filter
                0x0000000000000000        0xc /usr/local/Cellar/pebble-sdk/3.0-dp2/libexec/Pebble/aplite/lib/libpebble.a(tmp7oClQHpebble.o)
 .text.compass_service_subscribe
                0x0000000000000000        0xc /usr/local/Cellar/pebble-sdk/3.0-dp2/libexec/Pebble/aplite/lib/libpebble.a(tmp7oClQHpebble.o)
 .text.compass_service_unsubscribe
                0x0000000000000000        0xc /usr/local/Cellar/pebble-sdk/3.0-dp2/libexec/Pebble/aplite/lib/libpebble.a(tmp7oClQHpebble.o)
 .text.uuid_equal
                0x0000000000000000        0xc /usr/local/Cellar/pebble-sdk/3.0-dp2/libexec/Pebble/aplite/lib/libpebble.a(tmp7oClQHpebble.o)
 .text.uuid_to_string
                0x0000000000000000        0xc /usr/local/Cellar/pebble-sdk/3.0-dp2/libexec/Pebble/aplite/lib/libpebble.a(tmp7oClQHpebble.o)
 .text.gpath_draw_filled
                0x0000000000000000        0xc /usr/local/Cellar/pebble-sdk/3.0-dp2/libexec/Pebble/aplite/lib/libpebble.a(tmp7oClQHpebble.o)
 .text.animation_set_custom_curve
                0x0000000000000000        0xc /usr/local/Cellar/pebble-sdk/3.0-dp2/libexec/Pebble/aplite/lib/libpebble.a(tmp7oClQHpebble.o)
 .text.watch_info_get_color
                0x0000000000000000        0xc /usr/local/Cellar/pebble-sdk/3.0-dp2/libexec/Pebble/aplite/lib/libpebble.a(tmp7oClQHpebble.o)
 .text.watch_info_get_firmware_version
                0x0000000000000000        0xc /usr/local/Cellar/pebble-sdk/3.0-dp2/libexec/Pebble/aplite/lib/libpebble.a(tmp7oClQHpebble.o)
 .text.watch_info_get_model
                0x0000000000000000        0xc /usr/local/Cellar/pebble-sdk/3.0-dp2/libexec/Pebble/aplite/lib/libpebble.a(tmp7oClQHpebble.o)
 .text.graphics_capture_frame_buffer
                0x0000000000000000        0xc /usr/local/Cellar/pebble-sdk/3.0-dp2/libexec/Pebble/aplite/lib/libpebble.a(tmp7oClQHpebble.o)
 .text.graphics_frame_buffer_is_captured
                0x0000000000000000        0xc /usr/local/Cellar/pebble-sdk/3.0-dp2/libexec/Pebble/aplite/lib/libpebble.a(tmp7oClQHpebble.o)
 .text.graphics_release_frame_buffer
                0x0000000000000000        0xc /usr/local/Cellar/pebble-sdk/3.0-dp2/libexec/Pebble/aplite/lib/libpebble.a(tmp7oClQHpebble.o)
 .text.clock_to_timestamp
                0x0000000000000000        0xc /usr/local/Cellar/pebble-sdk/3.0-dp2/libexec/Pebble/aplite/lib/libpebble.a(tmp7oClQHpebble.o)
 .text.launch_reason
                0x0000000000000000        0xc /usr/local/Cellar/pebble-sdk/3.0-dp2/libexec/Pebble/aplite/lib/libpebble.a(tmp7oClQHpebble.o)
 .text.wakeup_cancel
                0x0000000000000000        0xc /usr/local/Cellar/pebble-sdk/3.0-dp2/libexec/Pebble/aplite/lib/libpebble.a(tmp7oClQHpebble.o)
 .text.wakeup_cancel_all
                0x0000000000000000        0xc /usr/local/Cellar/pebble-sdk/3.0-dp2/libexec/Pebble/aplite/lib/libpebble.a(tmp7oClQHpebble.o)
 .text.wakeup_get_launch_event
                0x0000000000000000        0xc /usr/local/Cellar/pebble-sdk/3.0-dp2/libexec/Pebble/aplite/lib/libpebble.a(tmp7oClQHpebble.o)
 .text.wakeup_query
                0x0000000000000000        0xc /usr/local/Cellar/pebble-sdk/3.0-dp2/libexec/Pebble/aplite/lib/libpebble.a(tmp7oClQHpebble.o)
 .text.wakeup_schedule
                0x0000000000000000        0xc /usr/local/Cellar/pebble-sdk/3.0-dp2/libexec/Pebble/aplite/lib/libpebble.a(tmp7oClQHpebble.o)
 .text.wakeup_service_subscribe
                0x0000000000000000        0xc /usr/local/Cellar/pebble-sdk/3.0-dp2/libexec/Pebble/aplite/lib/libpebble.a(tmp7oClQHpebble.o)
 .text.clock_is_timezone_set
                0x0000000000000000        0xc /usr/local/Cellar/pebble-sdk/3.0-dp2/libexec/Pebble/aplite/lib/libpebble.a(tmp7oClQHpebble.o)
 .text.i18n_get_system_locale
                0x0000000000000000        0xc /usr/local/Cellar/pebble-sdk/3.0-dp2/libexec/Pebble/aplite/lib/libpebble.a(tmp7oClQHpebble.o)
 .text._localeconv_r
                0x0000000000000000        0xc /usr/local/Cellar/pebble-sdk/3.0-dp2/libexec/Pebble/aplite/lib/libpebble.a(tmp7oClQHpebble.o)
 .text.setlocale
                0x0000000000000000        0xc /usr/local/Cellar/pebble-sdk/3.0-dp2/libexec/Pebble/aplite/lib/libpebble.a(tmp7oClQHpebble.o)
 .text.mktime   0x0000000000000000        0xc /usr/local/Cellar/pebble-sdk/3.0-dp2/libexec/Pebble/aplite/lib/libpebble.a(tmp7oClQHpebble.o)
 .text          0x0000000000000000        0x0 /usr/local/Cellar/pebble-sdk/3.0-dp2/libexec/arm-cs-tools/bin/../lib/gcc/arm-none-eabi/4.7.3/thumb2/crtend.o
 .bss           0x0000000000000000        0x0 /usr/local/Cellar/pebble-sdk/3.0-dp2/libexec/arm-cs-tools/bin/../lib/gcc/arm-none-eabi/4.7.3/thumb2/crtend.o
 .eh_frame      0x0000000000000000        0x4 /usr/local/Cellar/pebble-sdk/3.0-dp2/libexec/arm-cs-tools/bin/../lib/gcc/arm-none-eabi/4.7.3/thumb2/crtend.o
 .jcr           0x0000000000000000        0x4 /usr/local/Cellar/pebble-sdk/3.0-dp2/libexec/arm-cs-tools/bin/../lib/gcc/arm-none-eabi/4.7.3/thumb2/crtend.o
 .tm_clone_table
                0x0000000000000000        0x0 /usr/local/Cellar/pebble-sdk/3.0-dp2/libexec/arm-cs-tools/bin/../lib/gcc/arm-none-eabi/4.7.3/thumb2/crtend.o
 .text          0x0000000000000000        0x0 /usr/local/Cellar/pebble-sdk/3.0-dp2/libexec/arm-cs-tools/bin/../lib/gcc/arm-none-eabi/4.7.3/thumb2/crtn.o
 .bss           0x0000000000000000        0x0 /usr/local/Cellar/pebble-sdk/3.0-dp2/libexec/arm-cs-tools/bin/../lib/gcc/arm-none-eabi/4.7.3/thumb2/crtn.o
 .init          0x0000000000000000        0x8 /usr/local/Cellar/pebble-sdk/3.0-dp2/libexec/arm-cs-tools/bin/../lib/gcc/arm-none-eabi/4.7.3/thumb2/crtn.o
 .fini          0x0000000000000000        0x8 /usr/local/Cellar/pebble-sdk/3.0-dp2/libexec/arm-cs-tools/bin/../lib/gcc/arm-none-eabi/4.7.3/thumb2/crtn.o

Memory Configuration

Name             Origin             Length             Attributes
APP              0x0000000000000000 0x0000000000006000 xrw
*default*        0x0000000000000000 0xffffffffffffffff

Linker script and memory map

LOAD /usr/local/Cellar/pebble-sdk/3.0-dp2/libexec/arm-cs-tools/bin/../lib/gcc/arm-none-eabi/4.7.3/thumb2/crti.o
LOAD /usr/local/Cellar/pebble-sdk/3.0-dp2/libexec/arm-cs-tools/bin/../lib/gcc/arm-none-eabi/4.7.3/thumb2/crtbegin.o
LOAD src/main.c.100.o
LOAD aplite/appinfo.auto.c.100.o
LOAD /usr/local/Cellar/pebble-sdk/3.0-dp2/libexec/Pebble/aplite/lib/libpebble.a
START GROUP
LOAD /usr/local/Cellar/pebble-sdk/3.0-dp2/libexec/arm-cs-tools/bin/../lib/gcc/arm-none-eabi/4.7.3/thumb2/libgcc.a
LOAD /usr/local/Cellar/pebble-sdk/3.0-dp2/libexec/arm-cs-tools/bin/../lib/gcc/arm-none-eabi/4.7.3/../../../../arm-none-eabi/lib/thumb2/libc.a
END GROUP
LOAD /usr/local/Cellar/pebble-sdk/3.0-dp2/libexec/arm-cs-tools/bin/../lib/gcc/arm-none-eabi/4.7.3/thumb2/crtend.o
LOAD /usr/local/Cellar/pebble-sdk/3.0-dp2/libexec/arm-cs-tools/bin/../lib/gcc/arm-none-eabi/4.7.3/thumb2/crtn.o

.header         0x0000000000000000       0x82
 *(.pbl_header)
 .pbl_header    0x0000000000000000       0x82 aplite/appinfo.auto.c.100.o
                0x0000000000000000                __pbl_app_info

.note.gnu.build-id
                0x0000000000000082       0x26
                0x0000000000000082                PROVIDE (BUILD_ID, .)
 *(.note.gnu.build-id)
 *fill*         0x0000000000000082        0x2 
 .note.gnu.build-id
                0x0000000000000084       0x24 linker stubs

.text           0x00000000000000a8      0xfd8
 *(.text)
 .text          0x00000000000000a8       0x14 /usr/local/Cellar/pebble-sdk/3.0-dp2/libexec/Pebble/aplite/lib/libpebble.a(tmp7oClQHpebble.o)
 *(.text.*)
 .text.set_battery_bitmap
                0x00000000000000bc       0xb4 src/main.c.100.o
 .text.battery_handler
                0x0000000000000170      0x118 src/main.c.100.o
 .text.outbox_sent_callback
                0x0000000000000288       0x1c src/main.c.100.o
 .text.outbox_failed_callback
                0x00000000000002a4       0x1c src/main.c.100.o
 .text.inbox_dropped_callback
                0x00000000000002c0       0x1c src/main.c.100.o
 .text.main_window_unload
                0x00000000000002dc       0xb0 src/main.c.100.o
 .text.update_time
                0x000000000000038c      0x178 src/main.c.100.o
 .text.inbox_received_callback
                0x0000000000000504      0x340 src/main.c.100.o
 .text.tick_handler
                0x0000000000000844       0x2c src/main.c.100.o
 .text.main_window_load
                0x0000000000000870      0x2b4 src/main.c.100.o
 .text.startup.main
                0x0000000000000b24      0x148 src/main.c.100.o
                0x0000000000000b24                main
 .text.app_event_loop
                0x0000000000000c6c        0xc /usr/local/Cellar/pebble-sdk/3.0-dp2/libexec/Pebble/aplite/lib/libpebble.a(tmp7oClQHpebble.o)
                0x0000000000000c6c                app_event_loop
 .text.app_log  0x0000000000000c78        0xc /usr/local/Cellar/pebble-sdk/3.0-dp2/libexec/Pebble/aplite/lib/libpebble.a(tmp7oClQHpebble.o)
                0x0000000000000c78                app_log
 .text.app_message_open
                0x0000000000000c84        0xc /usr/local/Cellar/pebble-sdk/3.0-dp2/libexec/Pebble/aplite/lib/libpebble.a(tmp7oClQHpebble.o)
                0x0000000000000c84                app_message_open
 .text.battery_state_service_peek
                0x0000000000000c90        0xc /usr/local/Cellar/pebble-sdk/3.0-dp2/libexec/Pebble/aplite/lib/libpebble.a(tmp7oClQHpebble.o)
                0x0000000000000c90                battery_state_service_peek
 .text.battery_state_service_subscribe
                0x0000000000000c9c        0xc /usr/local/Cellar/pebble-sdk/3.0-dp2/libexec/Pebble/aplite/lib/libpebble.a(tmp7oClQHpebble.o)
                0x0000000000000c9c                battery_state_service_subscribe
 .text.bitmap_layer_create
                0x0000000000000ca8        0xc /usr/local/Cellar/pebble-sdk/3.0-dp2/libexec/Pebble/aplite/lib/libpebble.a(tmp7oClQHpebble.o)
                0x0000000000000ca8                bitmap_layer_create
 .text.bitmap_layer_destroy
                0x0000000000000cb4        0xc /usr/local/Cellar/pebble-sdk/3.0-dp2/libexec/Pebble/aplite/lib/libpebble.a(tmp7oClQHpebble.o)
                0x0000000000000cb4                bitmap_layer_destroy
 .text.bitmap_layer_get_layer
                0x0000000000000cc0        0xc /usr/local/Cellar/pebble-sdk/3.0-dp2/libexec/Pebble/aplite/lib/libpebble.a(tmp7oClQHpebble.o)
                0x0000000000000cc0                bitmap_layer_get_layer
 .text.bitmap_layer_set_alignment
                0x0000000000000ccc        0xc /usr/local/Cellar/pebble-sdk/3.0-dp2/libexec/Pebble/aplite/lib/libpebble.a(tmp7oClQHpebble.o)
                0x0000000000000ccc                bitmap_layer_set_alignment
 .text.bitmap_layer_set_background_color
                0x0000000000000cd8        0xc /usr/local/Cellar/pebble-sdk/3.0-dp2/libexec/Pebble/aplite/lib/libpebble.a(tmp7oClQHpebble.o)
                0x0000000000000cd8                bitmap_layer_set_background_color
 .text.bitmap_layer_set_bitmap
                0x0000000000000ce4        0xc /usr/local/Cellar/pebble-sdk/3.0-dp2/libexec/Pebble/aplite/lib/libpebble.a(tmp7oClQHpebble.o)
                0x0000000000000ce4                bitmap_layer_set_bitmap
 .text.bitmap_layer_set_compositing_mode
                0x0000000000000cf0        0xc /usr/local/Cellar/pebble-sdk/3.0-dp2/libexec/Pebble/aplite/lib/libpebble.a(tmp7oClQHpebble.o)
                0x0000000000000cf0                bitmap_layer_set_compositing_mode
 .text.clock_is_24h_style
                0x0000000000000cfc        0xc /usr/local/Cellar/pebble-sdk/3.0-dp2/libexec/Pebble/aplite/lib/libpebble.a(tmp7oClQHpebble.o)
                0x0000000000000cfc                clock_is_24h_style
 .text.dict_read_first
                0x0000000000000d08        0xc /usr/local/Cellar/pebble-sdk/3.0-dp2/libexec/Pebble/aplite/lib/libpebble.a(tmp7oClQHpebble.o)
                0x0000000000000d08                dict_read_first
 .text.dict_read_next
                0x0000000000000d14        0xc /usr/local/Cellar/pebble-sdk/3.0-dp2/libexec/Pebble/aplite/lib/libpebble.a(tmp7oClQHpebble.o)
                0x0000000000000d14                dict_read_next
 .text.dict_write_uint8
                0x0000000000000d20        0xc /usr/local/Cellar/pebble-sdk/3.0-dp2/libexec/Pebble/aplite/lib/libpebble.a(tmp7oClQHpebble.o)
                0x0000000000000d20                dict_write_uint8
 .text.fonts_load_custom_font
                0x0000000000000d2c        0xc /usr/local/Cellar/pebble-sdk/3.0-dp2/libexec/Pebble/aplite/lib/libpebble.a(tmp7oClQHpebble.o)
                0x0000000000000d2c                fonts_load_custom_font
 .text.gbitmap_create_with_resource
                0x0000000000000d38        0xc /usr/local/Cellar/pebble-sdk/3.0-dp2/libexec/Pebble/aplite/lib/libpebble.a(tmp7oClQHpebble.o)
                0x0000000000000d38                gbitmap_create_with_resource
 .text.gbitmap_destroy
                0x0000000000000d44        0xc /usr/local/Cellar/pebble-sdk/3.0-dp2/libexec/Pebble/aplite/lib/libpebble.a(tmp7oClQHpebble.o)
                0x0000000000000d44                gbitmap_destroy
 .text.layer_add_child
                0x0000000000000d50        0xc /usr/local/Cellar/pebble-sdk/3.0-dp2/libexec/Pebble/aplite/lib/libpebble.a(tmp7oClQHpebble.o)
                0x0000000000000d50                layer_add_child
 .text.layer_set_frame
                0x0000000000000d5c        0xc /usr/local/Cellar/pebble-sdk/3.0-dp2/libexec/Pebble/aplite/lib/libpebble.a(tmp7oClQHpebble.o)
                0x0000000000000d5c                layer_set_frame
 .text.localtime
                0x0000000000000d68        0xc /usr/local/Cellar/pebble-sdk/3.0-dp2/libexec/Pebble/aplite/lib/libpebble.a(tmp7oClQHpebble.o)
                0x0000000000000d68                localtime
 .text.memset   0x0000000000000d74        0xc /usr/local/Cellar/pebble-sdk/3.0-dp2/libexec/Pebble/aplite/lib/libpebble.a(tmp7oClQHpebble.o)
                0x0000000000000d74                memset
 .text.persist_exists
                0x0000000000000d80        0xc /usr/local/Cellar/pebble-sdk/3.0-dp2/libexec/Pebble/aplite/lib/libpebble.a(tmp7oClQHpebble.o)
                0x0000000000000d80                persist_exists
 .text.persist_read_int
                0x0000000000000d8c        0xc /usr/local/Cellar/pebble-sdk/3.0-dp2/libexec/Pebble/aplite/lib/libpebble.a(tmp7oClQHpebble.o)
                0x0000000000000d8c                persist_read_int
 .text.persist_write_int
                0x0000000000000d98        0xc /usr/local/Cellar/pebble-sdk/3.0-dp2/libexec/Pebble/aplite/lib/libpebble.a(tmp7oClQHpebble.o)
                0x0000000000000d98                persist_write_int
 .text.resource_get_handle
                0x0000000000000da4        0xc /usr/local/Cellar/pebble-sdk/3.0-dp2/libexec/Pebble/aplite/lib/libpebble.a(tmp7oClQHpebble.o)
                0x0000000000000da4                resource_get_handle
 .text.snprintf
                0x0000000000000db0        0xc /usr/local/Cellar/pebble-sdk/3.0-dp2/libexec/Pebble/aplite/lib/libpebble.a(tmp7oClQHpebble.o)
                0x0000000000000db0                snprintf
 .text.strcmp   0x0000000000000dbc        0xc /usr/local/Cellar/pebble-sdk/3.0-dp2/libexec/Pebble/aplite/lib/libpebble.a(tmp7oClQHpebble.o)
                0x0000000000000dbc                strcmp
 .text.strcpy   0x0000000000000dc8        0xc /usr/local/Cellar/pebble-sdk/3.0-dp2/libexec/Pebble/aplite/lib/libpebble.a(tmp7oClQHpebble.o)
                0x0000000000000dc8                strcpy
 .text.strftime
                0x0000000000000dd4        0xc /usr/local/Cellar/pebble-sdk/3.0-dp2/libexec/Pebble/aplite/lib/libpebble.a(tmp7oClQHpebble.o)
                0x0000000000000dd4                strftime
 .text.text_layer_create
                0x0000000000000de0        0xc /usr/local/Cellar/pebble-sdk/3.0-dp2/libexec/Pebble/aplite/lib/libpebble.a(tmp7oClQHpebble.o)
                0x0000000000000de0                text_layer_create
 .text.text_layer_destroy
                0x0000000000000dec        0xc /usr/local/Cellar/pebble-sdk/3.0-dp2/libexec/Pebble/aplite/lib/libpebble.a(tmp7oClQHpebble.o)
                0x0000000000000dec                text_layer_destroy
 .text.text_layer_get_layer
                0x0000000000000df8        0xc /usr/local/Cellar/pebble-sdk/3.0-dp2/libexec/Pebble/aplite/lib/libpebble.a(tmp7oClQHpebble.o)
                0x0000000000000df8                text_layer_get_layer
 .text.text_layer_set_background_color
                0x0000000000000e04        0xc /usr/local/Cellar/pebble-sdk/3.0-dp2/libexec/Pebble/aplite/lib/libpebble.a(tmp7oClQHpebble.o)
                0x0000000000000e04                text_layer_set_background_color
 .text.text_layer_set_font
                0x0000000000000e10        0xc /usr/local/Cellar/pebble-sdk/3.0-dp2/libexec/Pebble/aplite/lib/libpebble.a(tmp7oClQHpebble.o)
                0x0000000000000e10                text_layer_set_font
 .text.text_layer_set_text
                0x0000000000000e1c        0xc /usr/local/Cellar/pebble-sdk/3.0-dp2/libexec/Pebble/aplite/lib/libpebble.a(tmp7oClQHpebble.o)
                0x0000000000000e1c                text_layer_set_text
 .text.text_layer_set_text_alignment
                0x0000000000000e28        0xc /usr/local/Cellar/pebble-sdk/3.0-dp2/libexec/Pebble/aplite/lib/libpebble.a(tmp7oClQHpebble.o)
                0x0000000000000e28                text_layer_set_text_alignment
 .text.text_layer_set_text_color
                0x0000000000000e34        0xc /usr/local/Cellar/pebble-sdk/3.0-dp2/libexec/Pebble/aplite/lib/libpebble.a(tmp7oClQHpebble.o)
                0x0000000000000e34                text_layer_set_text_color
 .text.tick_timer_service_subscribe
                0x0000000000000e40        0xc /usr/local/Cellar/pebble-sdk/3.0-dp2/libexec/Pebble/aplite/lib/libpebble.a(tmp7oClQHpebble.o)
                0x0000000000000e40                tick_timer_service_subscribe
 .text.time     0x0000000000000e4c        0xc /usr/local/Cellar/pebble-sdk/3.0-dp2/libexec/Pebble/aplite/lib/libpebble.a(tmp7oClQHpebble.o)
                0x0000000000000e4c                time
 .text.window_create
                0x0000000000000e58        0xc /usr/local/Cellar/pebble-sdk/3.0-dp2/libexec/Pebble/aplite/lib/libpebble.a(tmp7oClQHpebble.o)
                0x0000000000000e58                window_create
 .text.window_destroy
                0x0000000000000e64        0xc /usr/local/Cellar/pebble-sdk/3.0-dp2/libexec/Pebble/aplite/lib/libpebble.a(tmp7oClQHpebble.o)
                0x0000000000000e64                window_destroy
 .text.window_get_root_layer
                0x0000000000000e70        0xc /usr/local/Cellar/pebble-sdk/3.0-dp2/libexec/Pebble/aplite/lib/libpebble.a(tmp7oClQHpebble.o)
                0x0000000000000e70                window_get_root_layer
 .text.window_set_background_color
                0x0000000000000e7c        0xc /usr/local/Cellar/pebble-sdk/3.0-dp2/libexec/Pebble/aplite/lib/libpebble.a(tmp7oClQHpebble.o)
                0x0000000000000e7c                window_set_background_color
 .text.window_set_fullscreen
                0x0000000000000e88        0xc /usr/local/Cellar/pebble-sdk/3.0-dp2/libexec/Pebble/aplite/lib/libpebble.a(tmp7oClQHpebble.o)
                0x0000000000000e88                window_set_fullscreen
 .text.window_set_window_handlers
                0x0000000000000e94        0xc /usr/local/Cellar/pebble-sdk/3.0-dp2/libexec/Pebble/aplite/lib/libpebble.a(tmp7oClQHpebble.o)
                0x0000000000000e94                window_set_window_handlers
 .text.window_stack_push
                0x0000000000000ea0        0xc /usr/local/Cellar/pebble-sdk/3.0-dp2/libexec/Pebble/aplite/lib/libpebble.a(tmp7oClQHpebble.o)
                0x0000000000000ea0                window_stack_push
 .text.app_message_inbox_size_maximum
                0x0000000000000eac        0xc /usr/local/Cellar/pebble-sdk/3.0-dp2/libexec/Pebble/aplite/lib/libpebble.a(tmp7oClQHpebble.o)
                0x0000000000000eac                app_message_inbox_size_maximum
 .text.app_message_outbox_begin
                0x0000000000000eb8        0xc /usr/local/Cellar/pebble-sdk/3.0-dp2/libexec/Pebble/aplite/lib/libpebble.a(tmp7oClQHpebble.o)
                0x0000000000000eb8                app_message_outbox_begin
 .text.app_message_outbox_send
                0x0000000000000ec4        0xc /usr/local/Cellar/pebble-sdk/3.0-dp2/libexec/Pebble/aplite/lib/libpebble.a(tmp7oClQHpebble.o)
                0x0000000000000ec4                app_message_outbox_send
 .text.app_message_outbox_size_maximum
                0x0000000000000ed0        0xc /usr/local/Cellar/pebble-sdk/3.0-dp2/libexec/Pebble/aplite/lib/libpebble.a(tmp7oClQHpebble.o)
                0x0000000000000ed0                app_message_outbox_size_maximum
 .text.app_message_register_inbox_dropped
                0x0000000000000edc        0xc /usr/local/Cellar/pebble-sdk/3.0-dp2/libexec/Pebble/aplite/lib/libpebble.a(tmp7oClQHpebble.o)
                0x0000000000000edc                app_message_register_inbox_dropped
 .text.app_message_register_inbox_received
                0x0000000000000ee8        0xc /usr/local/Cellar/pebble-sdk/3.0-dp2/libexec/Pebble/aplite/lib/libpebble.a(tmp7oClQHpebble.o)
                0x0000000000000ee8                app_message_register_inbox_received
 .text.app_message_register_outbox_failed
                0x0000000000000ef4        0xc /usr/local/Cellar/pebble-sdk/3.0-dp2/libexec/Pebble/aplite/lib/libpebble.a(tmp7oClQHpebble.o)
                0x0000000000000ef4                app_message_register_outbox_failed
 .text.app_message_register_outbox_sent
                0x0000000000000f00        0xc /usr/local/Cellar/pebble-sdk/3.0-dp2/libexec/Pebble/aplite/lib/libpebble.a(tmp7oClQHpebble.o)
                0x0000000000000f00                app_message_register_outbox_sent
 *(.rodata)
 .rodata        0x0000000000000f0c       0x38 src/main.c.100.o
 *(.rodata*)
 .rodata.str1.1
                0x0000000000000f44       0xcb src/main.c.100.o
                                         0xcd (size before relaxing)
 *fill*         0x000000000000100f        0x1 
 .rodata.rightNumbers
                0x0000000000001010       0x28 src/main.c.100.o
                0x0000000000001010                rightNumbers
 .rodata.leftNumbers
                0x0000000000001038       0x28 src/main.c.100.o
                0x0000000000001038                leftNumbers
 .rodata.position
                0x0000000000001060       0x20 src/main.c.100.o
                0x0000000000001060                position

.glue_7         0x0000000000001080        0x0
 .glue_7        0x0000000000000000        0x0 linker stubs

.glue_7t        0x0000000000001080        0x0
 .glue_7t       0x0000000000000000        0x0 linker stubs

.vfp11_veneer   0x0000000000001080        0x0
 .vfp11_veneer  0x0000000000000000        0x0 linker stubs

.v4_bx          0x0000000000001080        0x0
 .v4_bx         0x0000000000000000        0x0 linker stubs

.iplt           0x0000000000001080        0x0
 .iplt          0x0000000000000000        0x0 /usr/local/Cellar/pebble-sdk/3.0-dp2/libexec/arm-cs-tools/bin/../lib/gcc/arm-none-eabi/4.7.3/thumb2/crtbegin.o

.rel.dyn        0x0000000000001080        0x0
 .rel.iplt      0x0000000000000000        0x0 /usr/local/Cellar/pebble-sdk/3.0-dp2/libexec/arm-cs-tools/bin/../lib/gcc/arm-none-eabi/4.7.3/thumb2/crtbegin.o
 .rel.got       0x0000000000000000        0x0 /usr/local/Cellar/pebble-sdk/3.0-dp2/libexec/arm-cs-tools/bin/../lib/gcc/arm-none-eabi/4.7.3/thumb2/crtbegin.o

.data           0x0000000000001080        0xa
 *(.data)
 .data          0x0000000000001080        0x0 /usr/local/Cellar/pebble-sdk/3.0-dp2/libexec/arm-cs-tools/bin/../lib/gcc/arm-none-eabi/4.7.3/thumb2/crti.o
 .data          0x0000000000001080        0x4 /usr/local/Cellar/pebble-sdk/3.0-dp2/libexec/arm-cs-tools/bin/../lib/gcc/arm-none-eabi/4.7.3/thumb2/crtbegin.o
                0x0000000000001080                __dso_handle
 .data          0x0000000000001084        0x0 src/main.c.100.o
 .data          0x0000000000001084        0x0 aplite/appinfo.auto.c.100.o
 .data          0x0000000000001084        0x0 /usr/local/Cellar/pebble-sdk/3.0-dp2/libexec/Pebble/aplite/lib/libpebble.a(tmp7oClQHpebble.o)
 .data          0x0000000000001084        0x0 /usr/local/Cellar/pebble-sdk/3.0-dp2/libexec/arm-cs-tools/bin/../lib/gcc/arm-none-eabi/4.7.3/thumb2/crtend.o
 .data          0x0000000000001084        0x0 /usr/local/Cellar/pebble-sdk/3.0-dp2/libexec/arm-cs-tools/bin/../lib/gcc/arm-none-eabi/4.7.3/thumb2/crtn.o
 *(.data.*)
 .data.buffer.6734
                0x0000000000001084        0x6 src/main.c.100.o

.igot.plt       0x000000000000108c        0x0
 .igot.plt      0x0000000000000000        0x0 /usr/local/Cellar/pebble-sdk/3.0-dp2/libexec/arm-cs-tools/bin/../lib/gcc/arm-none-eabi/4.7.3/thumb2/crtbegin.o

.got            0x000000000000108c       0x14
 .got           0x000000000000108c       0x14 /usr/local/Cellar/pebble-sdk/3.0-dp2/libexec/arm-cs-tools/bin/../lib/gcc/arm-none-eabi/4.7.3/thumb2/crtbegin.o

.got.plt        0x00000000000010a0        0xc
 .got.plt       0x00000000000010a0        0xc /usr/local/Cellar/pebble-sdk/3.0-dp2/libexec/arm-cs-tools/bin/../lib/gcc/arm-none-eabi/4.7.3/thumb2/crtbegin.o
                0x00000000000010a0                _GLOBAL_OFFSET_TABLE_

.bss            0x00000000000010ac       0xe4
 *(.bss)
 *(.bss.*)
 .bss.temperature_unit.6824
                0x00000000000010ac       0x14 src/main.c.100.o
 .bss.battery_bitmap
                0x00000000000010c0        0x4 src/main.c.100.o
 .bss.s_main_window
                0x00000000000010c4        0x4 src/main.c.100.o
 .bss.temperature_buffer.6823
                0x00000000000010c8        0x8 src/main.c.100.o
 .bss.temperature_layer
                0x00000000000010d0        0x4 src/main.c.100.o
 .bss.date_layer
                0x00000000000010d4        0x4 src/main.c.100.o
 .bss.weather_layer
                0x00000000000010d8        0x4 src/main.c.100.o
 .bss.s_background_bitmap
                0x00000000000010dc        0x4 src/main.c.100.o
 .bss.s_background_layer
                0x00000000000010e0        0x4 src/main.c.100.o
 .bss.battery_buffer.6729
                0x00000000000010e4       0x20 src/main.c.100.o
 .bss.battery_percentage
                0x0000000000001104        0x4 src/main.c.100.o
 .bss.temperature.6825
                0x0000000000001108       0x14 src/main.c.100.o
 .bss.weather_img
                0x000000000000111c        0x4 src/main.c.100.o
 .bss.buffer_date.6735
                0x0000000000001120       0x1e src/main.c.100.o
 *fill*         0x000000000000113e        0x2 
 .bss.battery_layer
                0x0000000000001140        0x4 src/main.c.100.o
 .bss.battery_buffer.6727
                0x0000000000001144       0x20 src/main.c.100.o
 COMMON         0x0000000000001164       0x2c src/main.c.100.o
                0x0000000000001164                gbitmap_number
                0x0000000000001174                set_disp_weather
                0x0000000000001178                set_disp_battery
                0x000000000000117c                bitmap_layer
                0x000000000000118c                set_disp_date

DISCARD
 libc.a(*)
 libm.a(*)
 libgcc.a(*)
 *(.eh_frame)
OUTPUT(/Users/shepard/Documents/Developer/Pebble/isometric/build/aplite/pebble-app.elf elf32-littlearm)

.ARM.attributes
                0x0000000000000000       0x27
 .ARM.attributes
                0x0000000000000000       0x19 /usr/local/Cellar/pebble-sdk/3.0-dp2/libexec/arm-cs-tools/bin/../lib/gcc/arm-none-eabi/4.7.3/thumb2/crti.o
 .ARM.attributes
                0x0000000000000019       0x29 /usr/local/Cellar/pebble-sdk/3.0-dp2/libexec/arm-cs-tools/bin/../lib/gcc/arm-none-eabi/4.7.3/thumb2/crtbegin.o
 .ARM.attributes
                0x0000000000000042       0x33 src/main.c.100.o
 .ARM.attributes
                0x0000000000000075       0x33 aplite/appinfo.auto.c.100.o
 .ARM.attributes
                0x00000000000000a8       0x21 /usr/local/Cellar/pebble-sdk/3.0-dp2/libexec/Pebble/aplite/lib/libpebble.a(tmp7oClQHpebble.o)
 .ARM.attributes
                0x00000000000000c9       0x29 /usr/local/Cellar/pebble-sdk/3.0-dp2/libexec/arm-cs-tools/bin/../lib/gcc/arm-none-eabi/4.7.3/thumb2/crtend.o
 .ARM.attributes
                0x00000000000000f2       0x19 /usr/local/Cellar/pebble-sdk/3.0-dp2/libexec/arm-cs-tools/bin/../lib/gcc/arm-none-eabi/4.7.3/thumb2/crtn.o

.comment        0x0000000000000000       0x3f
 .comment       0x0000000000000000       0x3f /usr/local/Cellar/pebble-sdk/3.0-dp2/libexec/arm-cs-tools/bin/../lib/gcc/arm-none-eabi/4.7.3/thumb2/crtbegin.o
                                         0x40 (size before relaxing)
 .comment       0x0000000000000000       0x40 src/main.c.100.o
 .comment       0x0000000000000000       0x40 aplite/appinfo.auto.c.100.o
 .comment       0x0000000000000000       0x40 /usr/local/Cellar/pebble-sdk/3.0-dp2/libexec/arm-cs-tools/bin/../lib/gcc/arm-none-eabi/4.7.3/thumb2/crtend.o

.debug_info     0x0000000000000000     0x240e
 .debug_info    0x0000000000000000     0x1fd1 src/main.c.100.o
 .debug_info    0x0000000000001fd1      0x43d aplite/appinfo.auto.c.100.o

.debug_abbrev   0x0000000000000000      0x4d9
 .debug_abbrev  0x0000000000000000      0x43b src/main.c.100.o
 .debug_abbrev  0x000000000000043b       0x9e aplite/appinfo.auto.c.100.o

.debug_loc      0x0000000000000000      0x658
 .debug_loc     0x0000000000000000      0x658 src/main.c.100.o

.debug_aranges  0x0000000000000000       0x88
 .debug_aranges
                0x0000000000000000       0x70 src/main.c.100.o
 .debug_aranges
                0x0000000000000070       0x18 aplite/appinfo.auto.c.100.o

.debug_ranges   0x0000000000000000      0x130
 .debug_ranges  0x0000000000000000      0x130 src/main.c.100.o

.debug_line     0x0000000000000000      0x65f
 .debug_line    0x0000000000000000      0x520 src/main.c.100.o
 .debug_line    0x0000000000000520      0x13f aplite/appinfo.auto.c.100.o

.debug_str      0x0000000000000000     0x154d
 .debug_str     0x0000000000000000     0x133a src/main.c.100.o
                                       0x1416 (size before relaxing)
 .debug_str     0x000000000000133a      0x213 aplite/appinfo.auto.c.100.o
                                        0x7f0 (size before relaxing)

.debug_frame    0x0000000000000000      0x14c
 .debug_frame   0x0000000000000000      0x14c src/main.c.100.o
